03-11 14:26:30.752   584   584 D vold    : Installed fscrypt key with ref 25ab5f329c918c27c9a901f629b89250 to /data
03-11 14:26:30.753   584   584 D vold    : Added fscrypt-provisioning key for 25ab5f329c918c27c9a901f629b89250 to session keyring
03-11 14:26:30.754   584   584 I vold    : Wrote system DE key reference to:/data/unencrypted/ref
03-11 14:26:30.756   574   574 I hwservicemanager: getTransport: Cannot find entry android.hardware.keymaster@3.0::IKeymasterDevice/default in either framework or device manifest.
03-11 14:26:30.756   584   584 I vold    : List of Keymaster HALs found:
03-11 14:26:30.756   584   584 I vold    : Keymaster HAL #1: Keymaster HAL: 4 from QTI SecurityLevel: TRUSTED_ENVIRONMENT HAL: android.hardware.keymaster@4.1::IKeymasterDevice/default
03-11 14:26:30.756   584   584 I vold    : Using Keymaster HAL: 4 from QTI for encryption.  Security level: TRUSTED_ENVIRONMENT, HAL: android.hardware.keymaster@4.1::IKeymasterDevice/default
03-11 14:26:30.757   582   597 D DrmLibTime: got the req here! ret=0
03-11 14:26:30.757   582   597 D DrmLibTime: command id, time_cmd_id = 770
03-11 14:26:30.757   582   597 D DrmLibTime: time_getutcsec starts!
03-11 14:26:30.757   582   597 D DrmLibTime: QSEE Time Listener: time_getutcsec
03-11 14:26:30.757   582   597 D DrmLibTime: QSEE Time Listener: get_utc_seconds
03-11 14:26:30.757   582   597 D DrmLibTime: QSEE Time Listener: time_get_modem_time
03-11 14:26:30.757   582   597 D DrmLibTime: QSEE Time Listener: Checking if ATS_MODEM is set or not.
03-11 14:26:30.757   582   597 D QC-time-services: Lib:time_genoff_operation: pargs->base = 13
03-11 14:26:30.757   582   597 D QC-time-services: Lib:time_genoff_operation: pargs->operation = 2
03-11 14:26:30.757   582   597 D QC-time-services: Lib:time_genoff_operation: pargs->ts_val = 0
03-11 14:26:30.757   582   597 E QC-time-services: Lib:time_genoff_operation: Connection failed !!
03-11 14:26:30.757   582   597 D DrmLibTime: QSEE Time Listener: ATS_MODEM is not set. Fallback to Android system time.
03-11 14:26:30.757   582   597 D DrmLibTime: QSEE Time Listener: Retrieved Android system time: 6009990
03-11 14:26:30.757   582   597 D DrmLibTime: time_getutcsec returns 0, sec = 6009990; nsec = 0
03-11 14:26:30.757   582   597 D DrmLibTime: time_getutcsec finished! 
03-11 14:26:30.757   582   597 D DrmLibTime: iotcl_continue_command finished! and return 0 
03-11 14:26:30.757   582   597 D DrmLibTime: before calling ioctl to read the next time_cmd
03-11 14:26:30.760   609   626 D spcomlib: [spcom_is_sp_subsystem_link_up] skp dev-node doesn't exist.
03-11 14:26:30.760   609   627 D spcomlib: [spcom_is_sp_subsystem_link_up] skp dev-node doesn't exist.
03-11 14:26:30.760   609   629 D spcomlib: [spcom_is_sp_subsystem_link_up] skp dev-node doesn't exist.
03-11 14:26:30.760   609   625 D spcomlib: [spcom_is_sp_subsystem_link_up] skp dev-node doesn't exist.
03-11 14:26:30.760   921   921 D vendor.qti.media.c2@1.0-service: media HW codec (32-bit) service starting...
03-11 14:26:30.761   921   921 W vendor.qti.media.c2@1.0-service: libminijail[921]: failed to get path of fd 5: No such file or directory
03-11 14:26:30.761   921   921 W vendor.qti.media.c2@1.0-service: libminijail[921]: allowing syscall: clock_gettime
03-11 14:26:30.761   921   921 W vendor.qti.media.c2@1.0-service: libminijail[921]: allowing syscall: connect
03-11 14:26:30.761   921   921 W vendor.qti.media.c2@1.0-service: libminijail[921]: allowing syscall: fcntl64
03-11 14:26:30.761   921   921 W vendor.qti.media.c2@1.0-service: libminijail[921]: allowing syscall: socket
03-11 14:26:30.761   921   921 W vendor.qti.media.c2@1.0-service: libminijail[921]: allowing syscall: writev
03-11 14:26:30.761   921   921 W vendor.qti.media.c2@1.0-service: libminijail[921]: logging seccomp filter failures
03-11 14:26:30.762   921   921 I vendor.qti.media.c2@1.0-service: missing struct descriptor #Param::CoreIndex(--4004) for field values of struct #Param::CoreIndex(F-14005)
03-11 14:26:30.762   921   921 I QC2CompStore: ==================================================================================
03-11 14:26:30.762   921   921 I QC2CompStore: Build info
03-11 14:26:30.762   921   921 I QC2CompStore:   Baseline :   m/refs/tags/AU_LINUX_ANDROID_LA.UM.9.14.R1.11.00.00.651.115
03-11 14:26:30.762   921   921 I QC2CompStore:   Date     : Sat Mar  6 08:24:03 PST 2021
03-11 14:26:30.762   921   921 I QC2CompStore:   Host     : san-w175-na2-1-01 : /local/mnt/workspace/lnxbuild/project/snap_trees_in_use/free_tree_dir/checkout
03-11 14:26:30.762   921   921 I QC2CompStore:   Commits  : 08bc6ce Codec2: break allocation loop if apps goes to background
03-11 14:26:30.762   921   921 I QC2CompStore: ==================================================================================
03-11 14:26:30.762   921   921 I QC2CompStore: initializing store (qti.c2.store) ...
03-11 14:26:30.763   921   921 I QC2TargetSpec: Video Core Features:
03-11 14:26:30.763   921   921 I QC2TargetSpec:        enc_auto_blur             : 1
03-11 14:26:30.763   921   921 I QC2TargetSpec:        enc_c2d_rotation          : 0
03-11 14:26:30.763   921   921 I QC2TargetSpec:        enc_csc_custom_matrix     : 0
03-11 14:26:30.763   921   921 I QC2TargetSpec:        enc_csc_enable            : 0
03-11 14:26:30.763   921   921 I QC2TargetSpec:        enc_cvp_enable            : 1
03-11 14:26:30.763   921   921 I QC2TargetSpec:        enc_vpss_flip             : 1
03-11 14:26:30.763   921   921 I QC2TargetSpec:        perf_control_enable       : 0
03-11 14:26:30.763   921   921 I QC2TargetSpec:        pipelining                : 1
03-11 14:26:30.763   921   921 I QC2TargetSpec: Video Core Presets:
03-11 14:26:30.763   921   921 I QC2TargetSpec:        dec_linear_color_format             : 0
03-11 14:26:30.763   921   921 I QC2TargetSpec:        dec_sec_prefetch_size_internal      : 209715200
03-11 14:26:30.763   921   921 I QC2TargetSpec:        dec_sec_prefetch_size_output        : 13434880
03-11 14:26:30.763   921   921 I QC2TargetSpec:        enc_adaptive_b_max_mbs_per_frame    : 32400
03-11 14:26:30.763   921   921 I QC2TargetSpec:        enc_adaptive_b_max_mbs_per_sec      : 1944000
03-11 14:26:30.763   921   921 I QC2TargetSpec:        enc_adaptive_b_max_width            : 3840
03-11 14:26:30.763   921   921 I QC2TargetSpec:        enc_bitrate_boost                   : 25
03-11 14:26:30.763   921   921 I QC2TargetSpec:        enc_bitrate_boost_qp_max            : 40
03-11 14:26:30.763   921   921 I QC2TargetSpec:        enc_bitrate_boost_qp_min            : 10
03-11 14:26:30.763   921   921 I QC2TargetSpec:        enc_bitrate_savings                 : 3
03-11 14:26:30.763   921   921 I QC2TargetSpec:        enc_chroma_qp_offset_10_bit         : 0
03-11 14:26:30.763   921   921 I QC2TargetSpec:        enc_chroma_qp_offset_8_bit          : 0
03-11 14:26:30.763   921   921 I QC2TargetSpec:        enc_default_bframe_count            : 1
03-11 14:26:30.763   921   921 I QC2TargetSpec:        enc_hier_b_max_mbs_per_frame        : 8160
03-11 14:26:30.763   921   921 I QC2TargetSpec:        enc_hier_b_max_mbs_per_sec          : 489600
03-11 14:26:30.763   921   921 I QC2TargetSpec:        enc_hier_b_max_temporal_layer_count : 4
03-11 14:26:30.763   921   921 I QC2TargetSpec:        enc_hier_b_max_width                : 1920
03-11 14:26:30.763   921   921 I QC2TargetSpec:        enc_hier_p_max_temporal_layer_count : 6
03-11 14:26:30.763   921   921 I QC2TargetSpec:        enc_linear_color_format             : 0
03-11 14:26:30.763   921   921 I QC2TargetSpec:        ltr_max_count                       : 2
03-11 14:26:30.763   921   921 I QC2TargetSpec:        max_retry_alloc_output_timeout      : 10000
03-11 14:26:30.763   921   921 I QC2TargetSpec:        max_supported_render_rate           : 120
03-11 14:26:30.763   921   921 I QC2TargetSpec:        pipeline_extra_output_buffers       : 2
03-11 14:26:30.763   921   921 I QC2TargetSpec:        preprocess_max_downscale_factor     : 8
03-11 14:26:30.763   921   921 I QC2TargetSpec:        preprocess_rotation                 : 1
03-11 14:26:30.763   921   921 I QC2TargetSpec:        vt_driver_version                   : 534123018
03-11 14:26:30.763   921   921 I QC2TargetSpec: Codec plugins:
03-11 14:26:30.763   921   921 I QC2TargetSpec:        libqc2vppfilter.so
03-11 14:26:30.763   574   574 I hwservicemanager: getTransport: Cannot find entry android.hardware.keymaster@3.0::IKeymasterDevice/default in either framework or device manifest.
03-11 14:26:30.763   921   921 I QC2TargetSpec: HW Codec entries:
03-11 14:26:30.763   921   921 I QC2TargetSpec:        c2.qti.heic.encoder
03-11 14:26:30.763   921   921 I QC2TargetSpec:        c2.qti.hevc.encoder.cq
03-11 14:26:30.763   921   921 I QC2TargetSpec:        c2.qti.hevc.encoder
03-11 14:26:30.763   921   921 I QC2TargetSpec:        c2.qti.avc.encoder
03-11 14:26:30.763   921   921 I QC2TargetSpec:        c2.qti.vp9.decoder
03-11 14:26:30.763   921   921 I QC2TargetSpec:        c2.qti.hevc.decoder.secure
03-11 14:26:30.763   921   921 I QC2TargetSpec:        c2.qti.hevc.decoder
03-11 14:26:30.763   921   921 I QC2TargetSpec:        c2.qti.mpeg2.decoder
03-11 14:26:30.763   921   921 I QC2TargetSpec:        c2.qti.avc.decoder.secure
03-11 14:26:30.763   921   921 I QC2TargetSpec:        c2.qti.avc.encoder.secure
03-11 14:26:30.763   921   921 I QC2TargetSpec:        c2.qti.hevc.decoder.low_latency
03-11 14:26:30.763   921   921 I QC2TargetSpec:        c2.qti.avc.decoder.low_latency
03-11 14:26:30.763   921   921 I QC2TargetSpec:        c2.qti.vp9.decoder.secure
03-11 14:26:30.763   921   921 I QC2TargetSpec:        c2.qti.avc.decoder
03-11 14:26:30.763   584   584 I vold    : List of Keymaster HALs found:
03-11 14:26:30.763   921   921 E QC2CompStore: Query Component names
03-11 14:26:30.763   584   584 I vold    : Keymaster HAL #1: Keymaster HAL: 4 from QTI SecurityLevel: TRUSTED_ENVIRONMENT HAL: android.hardware.keymaster@4.1::IKeymasterDevice/default
03-11 14:26:30.763   584   584 I vold    : Using Keymaster HAL: 4 from QTI for encryption.  Security level: TRUSTED_ENVIRONMENT, HAL: android.hardware.keymaster@4.1::IKeymasterDevice/default
03-11 14:26:30.767   921   921 I QC2V4l2CodecPlugin: getSupportedCodecs
03-11 14:26:30.767   921   921 I QC2Registry: Plugin qc2_v4l2 (v-0) has 14 codecs
03-11 14:26:30.767   921   921 I QC2Registry: 			Added Factory[0xf3b04750] for c2.qti.avc.decoder
03-11 14:26:30.767   921   921 I QC2Registry: 		Added codec c2.qti.avc.decoder
03-11 14:26:30.767   921   921 I QC2Registry: 			Added Factory[0xf3b04950] for c2.qti.avc.decoder.low_latency
03-11 14:26:30.767   921   921 I QC2Registry: 		Added codec c2.qti.avc.decoder.low_latency
03-11 14:26:30.767   921   921 I QC2Registry: 			Added Factory[0xf3b04ed0] for c2.qti.avc.decoder.secure
03-11 14:26:30.767   921   921 I QC2Registry: 		Added codec c2.qti.avc.decoder.secure
03-11 14:26:30.767   921   921 I QC2Registry: 			Added Factory[0xf3b04bd0] for c2.qti.hevc.decoder
03-11 14:26:30.767   921   921 I QC2Registry: 		Added codec c2.qti.hevc.decoder
03-11 14:26:30.767   921   921 I QC2Registry: 			Added Factory[0xf3b05050] for c2.qti.hevc.decoder.low_latency
03-11 14:26:30.767   921   921 I QC2Registry: 		Added codec c2.qti.hevc.decoder.low_latency
03-11 14:26:30.767   921   921 I QC2Registry: 			Added Factory[0xf3b04b50] for c2.qti.hevc.decoder.secure
03-11 14:26:30.767   921   921 I QC2Registry: 		Added codec c2.qti.hevc.decoder.secure
03-11 14:26:30.767   921   921 I QC2Registry: 			Added Factory[0xf3b05210] for c2.qti.vp9.decoder
03-11 14:26:30.767   921   921 I QC2Registry: 		Added codec c2.qti.vp9.decoder
03-11 14:26:30.767   921   921 I QC2Registry: 			Added Factory[0xf3b04c90] for c2.qti.vp9.decoder.secure
03-11 14:26:30.767   921   921 I QC2Registry: 		Added codec c2.qti.vp9.decoder.secure
03-11 14:26:30.767   921   921 I QC2Registry: 			Added Factory[0xf3b046d0] for c2.qti.mpeg2.decoder
03-11 14:26:30.767   921   921 I QC2Registry: 		Added codec c2.qti.mpeg2.decoder
03-11 14:26:30.767   921   921 I QC2Registry: 			Added Factory[0xf3b04fd0] for c2.qti.avc.encoder
03-11 14:26:30.767   921   921 I QC2Registry: 		Added codec c2.qti.avc.encoder
03-11 14:26:30.767   921   921 I QC2Registry: 			Added Factory[0xf3b05150] for c2.qti.avc.encoder.secure
03-11 14:26:30.767   921   921 I QC2Registry: 		Added codec c2.qti.avc.encoder.secure
03-11 14:26:30.767   921   921 I QC2Registry: 			Added Factory[0xf3b04c50] for c2.qti.hevc.encoder
03-11 14:26:30.767   921   921 I QC2Registry: 		Added codec c2.qti.hevc.encoder
03-11 14:26:30.767   921   921 I QC2Registry: 			Added Factory[0xf3b04850] for c2.qti.hevc.encoder.cq
03-11 14:26:30.767   921   921 I QC2Registry: 		Added codec c2.qti.hevc.encoder.cq
03-11 14:26:30.767   921   921 I QC2Registry: 			Added Factory[0xf3b04d50] for c2.qti.heic.encoder
03-11 14:26:30.767   921   921 I QC2Registry: 		Added codec c2.qti.heic.encoder
03-11 14:26:30.768   584   584 D vold    : Installed fscrypt key with ref a0d707de331efee43a06ab1536c2041c to /data
03-11 14:26:30.768   584   584 D vold    : Added fscrypt-provisioning key for a0d707de331efee43a06ab1536c2041c to session keyring
03-11 14:26:30.769   584   584 I vold    : Wrote per boot key reference to:/data/unencrypted/per_boot_ref
03-11 14:26:30.772   921   921 I QC2VppFilterPlugin: getSupportedCodecs
03-11 14:26:30.772   921   921 I QC2Registry: Plugin qc2_vppFilter (v-0) has 2 codecs
03-11 14:26:30.772   921   921 I QC2Registry: 			Added Factory[0xf3b06c90] for c2.qti.vpp.filter
03-11 14:26:30.772   921   921 I QC2Registry: 		Added codec c2.qti.vpp.filter
03-11 14:26:30.772   921   921 I QC2Registry: 			Added Factory[0xf3b063d0] for c2.qti.vpp.filter.secure
03-11 14:26:30.772   921   921 I QC2Registry: 		Added codec c2.qti.vpp.filter.secure
03-11 14:26:30.772   921   921 I QC2Registry: Getting stages for pipelined codec
03-11 14:26:30.772   921   921 I QC2V4l2Codec: [avcD_0] output buffer allocation timeout threshold set to 10000ms
03-11 14:26:30.772   921   921 I QC2Registry: Pipelining enabled
03-11 14:26:30.772   921   921 I QC2Registry: Requested codec is pipelined. Create codec list
03-11 14:26:30.772   921   921 I QC2Registry: Interface not provided. Enable by deafault
03-11 14:26:30.772   921   921 I QC2Registry: Filter c2.qti.vpp.filter.secure can't be pipelined
03-11 14:26:30.772     0     0 I fscrypt : AES-256-CTS-CBC using implementation "cts-cbc-aes-ce"
03-11 14:26:30.772   921   921 I QC2VppFilterPlugin: create EXT VPP
03-11 14:26:30.772     0     0 I do_mount: dev: /linkerconfig/default, mount point: /linkerconfig , retval=0
03-11 14:26:30.773   574   574 I hwservicemanager: Since vendor.qti.hardware.vpp@2.0::IHidlVppService/vppService is not registered, trying to start it as a lazy HAL.
03-11 14:26:30.773   574   574 I hwservicemanager: Since vendor.qti.hardware.vpp@2.0::IHidlVppService/vppService is not registered, trying to start it as a lazy HAL.
03-11 14:26:30.774   921   921 I HidlServiceManagement: getService: Trying again for vendor.qti.hardware.vpp@2.0::IHidlVppService/vppService...
03-11 14:26:30.774   733   733 I ServiceManager: Waiting for service 'statscompanion' on '/dev/binder'...
03-11 14:26:30.774   609   627 D spcomlib: [spcom_is_sp_subsystem_link_up] skp dev-node doesn't exist.
03-11 14:26:30.774   609   629 D spcomlib: [spcom_is_sp_subsystem_link_up] skp dev-node doesn't exist.
03-11 14:26:30.779   609   626 D spcomlib: [spcom_is_sp_subsystem_link_up] skp dev-node doesn't exist.
03-11 14:26:30.782   609   625 D spcomlib: [spcom_is_sp_subsystem_link_up] skp dev-node doesn't exist.
03-11 14:26:30.790   609   626 D spcomlib: [spcom_is_sp_subsystem_link_up] skp dev-node doesn't exist.
03-11 14:26:30.790   609   629 D spcomlib: [spcom_is_sp_subsystem_link_up] skp dev-node doesn't exist.
03-11 14:26:30.790   609   625 D spcomlib: [spcom_is_sp_subsystem_link_up] skp dev-node doesn't exist.
03-11 14:26:30.790   609   627 D spcomlib: [spcom_is_sp_subsystem_link_up] skp dev-node doesn't exist.
03-11 14:26:30.792     0     0 I apexd   : Scanning /system/apex for preinstalled data
03-11 14:26:30.796     0     0 I apexd   : Scanning /system_ext/apex for preinstalled data
03-11 14:26:30.796     0     0 I apexd   : ... does not exist. Skipping
03-11 14:26:30.796     0     0 I apexd   : Scanning /product/apex for preinstalled data
03-11 14:26:30.796     0     0 I apexd   : ... does not exist. Skipping
03-11 14:26:30.796     0     0 I apexd   : Scanning /vendor/apex for preinstalled data
03-11 14:26:30.796     0     0 I apexd   : ... does not exist. Skipping
03-11 14:26:30.796     0     0 I apexd   : Populating APEX database from mounts...
03-11 14:26:30.796     0     0 I apexd   : 0 packages restored.
03-11 14:26:30.796     0     0 I apexd   : Marking APEXd as starting
03-11 14:26:30.797   953   953 I ServiceManager: Waiting for service 'media.metrics' on '/dev/binder'...
03-11 14:26:30.802   584   603 D vold    : Disk at 7:48 changed
03-11 14:26:30.803   960   960 D libEGL  : loaded /vendor/lib64/egl/libGLESv1_CM_adreno.so
03-11 14:26:30.803     0     0 I do_mount: dev: /data/data, mount point: /data/user/0 , retval=0
03-11 14:26:30.805   609   627 D spcomlib: [spcom_is_sp_subsystem_link_up] skp dev-node doesn't exist.
03-11 14:26:30.805   609   629 D spcomlib: [spcom_is_sp_subsystem_link_up] skp dev-node doesn't exist.
03-11 14:26:30.805     0     0 I do_mount: dev: tmpfs, mount point: /data_mirror , retval=0
03-11 14:26:30.806     0     0 I EXT4-fs (loop6): mounted filesystem without journal. Opts: (null)
03-11 14:26:30.806     0     0 I do_mount: dev: /dev/block/loop6, mount point: /apex/com.android.vndk.v30@1 , retval=0
03-11 14:26:30.807     0     0 I do_mount: dev: /data/user, mount point: /data_mirror/data_ce/null , retval=0
03-11 14:26:30.807     0     0 I do_mount: dev: /apex/com.android.vndk.v30@1, mount point: /apex/com.android.vndk.v30 , retval=0
03-11 14:26:30.808   960   960 D libEGL  : loaded /vendor/lib64/egl/libGLESv2_adreno.so
03-11 14:26:30.808   584   603 D vold    : Disk at 7:56 changed
03-11 14:26:30.809     0     0 I do_mount: dev: /data/user_de, mount point: /data_mirror/data_de/null , retval=0
03-11 14:26:30.810   609   626 D spcomlib: [spcom_is_sp_subsystem_link_up] skp dev-node doesn't exist.
03-11 14:26:30.810     0     0 I EXT4-fs (loop7): mounted filesystem without journal. Opts: (null)
03-11 14:26:30.810     0     0 I do_mount: dev: /dev/block/loop7, mount point: (efault) , retval=0
03-11 14:26:30.810     0     0 I do_mount: dev: /apex/com.android.sdkext@300000000, mount point: /apex/com.android.sdkext , retval=0
03-11 14:26:30.810     0     0 I do_mount: dev: /data/misc/profiles/cur, mount point: /data_mirror/cur_profiles , retval=0
03-11 14:26:30.811   584   603 D vold    : Disk at 7:64 changed
03-11 14:26:30.812   609   625 D spcomlib: [spcom_is_sp_subsystem_link_up] skp dev-node doesn't exist.
03-11 14:26:30.813     0     0 I EXT4-fs (loop8): mounted filesystem without journal. Opts: (null)
03-11 14:26:30.813     0     0 I do_mount: dev: /dev/block/loop8, mount point: (efault) , retval=0
03-11 14:26:30.813     0     0 I do_mount: dev: /apex/com.android.tethering@300000000, mount point: /apex/com.android.tethering , retval=0
03-11 14:26:30.813   584   603 D vold    : Disk at 7:72 changed
03-11 14:26:30.816     0     0 I EXT4-fs (loop9): mounted filesystem without journal. Opts: (null)
03-11 14:26:30.816     0     0 I do_mount: dev: /dev/block/loop9, mount point: /apex/com.android.art@1 , retval=0
03-11 14:26:30.816     0     0 I do_mount: dev: /apex/com.android.art@1, mount point: /apex/com.android.art , retval=0
03-11 14:26:30.816   584   603 D vold    : Disk at 7:80 changed
03-11 14:26:30.818     0     0 I EXT4-fs (loop10): mounted filesystem without journal. Opts: (null)
03-11 14:26:30.818     0     0 I do_mount: dev: /dev/block/loop10, mount point: (efault) , retval=0
03-11 14:26:30.819     0     0 I do_mount: dev: /apex/com.android.ipsec@300000000, mount point: /apex/com.android.ipsec , retval=0
03-11 14:26:30.819   584   603 D vold    : Disk at 7:88 changed
03-11 14:26:30.820   609   625 D spcomlib: [spcom_is_sp_subsystem_link_up] skp dev-node doesn't exist.
03-11 14:26:30.820   609   626 D spcomlib: [spcom_is_sp_subsystem_link_up] skp dev-node doesn't exist.
03-11 14:26:30.820   609   629 D spcomlib: [spcom_is_sp_subsystem_link_up] skp dev-node doesn't exist.
03-11 14:26:30.820   609   627 D spcomlib: [spcom_is_sp_subsystem_link_up] skp dev-node doesn't exist.
03-11 14:26:30.821     0     0 I EXT4-fs (loop11): mounted filesystem without journal. Opts: (null)
03-11 14:26:30.821     0     0 I do_mount: dev: /dev/block/loop11, mount point: (efault) , retval=0
03-11 14:26:30.821     0     0 I do_mount: dev: /apex/com.android.extservices@300000000, mount point: /apex/com.android.extservices , retval=0
03-11 14:26:30.822   584   603 D vold    : Disk at 7:96 changed
03-11 14:26:30.824     0     0 I EXT4-fs (loop12): mounted filesystem without journal. Opts: (null)
03-11 14:26:30.824     0     0 I do_mount: dev: /dev/block/loop12, mount point: (efault) , retval=0
03-11 14:26:30.824     0     0 I do_mount: dev: /apex/com.android.resolv@300000000, mount point: /apex/com.android.resolv , retval=0
03-11 14:26:30.825   584   603 D vold    : Disk at 7:104 changed
03-11 14:26:30.827     0     0 I EXT4-fs (loop13): mounted filesystem without journal. Opts: (null)
03-11 14:26:30.827     0     0 I do_mount: dev: /dev/block/loop13, mount point: (efault) , retval=0
03-11 14:26:30.827     0     0 I do_mount: dev: /apex/com.android.tzdata@300000000, mount point: /apex/com.android.tzdata , retval=0
03-11 14:26:30.827   584   603 D vold    : Disk at 7:112 changed
03-11 14:26:30.830     0     0 I EXT4-fs (loop14): mounted filesystem without journal. Opts: (null)
03-11 14:26:30.830     0     0 I do_mount: dev: /dev/block/loop14, mount point: (efault) , retval=0
03-11 14:26:30.830     0     0 I do_mount: dev: /apex/com.android.adbd@300000000, mount point: /apex/com.android.adbd , retval=0
03-11 14:26:30.830   584   603 D vold    : Disk at 7:120 changed
03-11 14:26:30.830  1018  1018 I gsid    : no DSU: No such file or directory
03-11 14:26:30.832     0     0 I EXT4-fs (loop15): mounted filesystem without journal. Opts: (null)
03-11 14:26:30.832     0     0 I do_mount: dev: /dev/block/loop15, mount point: (efault) , retval=0
03-11 14:26:30.833     0     0 I do_mount: dev: /apex/com.android.conscrypt@300000000, mount point: /apex/com.android.conscrypt , retval=0
03-11 14:26:30.833   584   603 D vold    : Disk at 7:128 changed
03-11 14:26:30.835   609   629 D spcomlib: [spcom_is_sp_subsystem_link_up] skp dev-node doesn't exist.
03-11 14:26:30.835   609   627 D spcomlib: [spcom_is_sp_subsystem_link_up] skp dev-node doesn't exist.
03-11 14:26:30.835   735   735 W zygote64: JNI RegisterNativeMethods: attempt to register 0 native methods for android.media.AudioAttributes
03-11 14:26:30.835     0     0 I EXT4-fs (loop16): mounted filesystem without journal. Opts: (null)
03-11 14:26:30.835     0     0 I do_mount: dev: /dev/block/loop16, mount point: (efault) , retval=0
03-11 14:26:30.836   960   960 I AdrenoGLES-0: QUALCOMM build                   : 7981c58329, I54e0758582
03-11 14:26:30.836   960   960 I AdrenoGLES-0: Build Date                       : 03/31/21
03-11 14:26:30.836   960   960 I AdrenoGLES-0: OpenGL ES Shader Compiler Version: EV031.35.01.04
03-11 14:26:30.836   960   960 I AdrenoGLES-0: Local Branch                     : 
03-11 14:26:30.836   960   960 I AdrenoGLES-0: Remote Branch                    : 
03-11 14:26:30.836   960   960 I AdrenoGLES-0: Remote Branch                    : 
03-11 14:26:30.836   960   960 I AdrenoGLES-0: Reconstruct Branch               : 
03-11 14:26:30.836   960   960 I AdrenoGLES-0: Build Config                     : S P 10.0.7 AArch64
03-11 14:26:30.836   960   960 I AdrenoGLES-0: Driver Path                      : /vendor/lib64/egl/libGLESv2_adreno.so
03-11 14:26:30.836   969   983 I sensors.qti: handle_diag_settings:415, try Diag_LSM_Init, count = 2
03-11 14:26:30.836   969   983 E Diag_Lib: diag:failed to connect to diag socket
03-11 14:26:30.836   969   983 E Diag_Lib:  Diag_LSM_Init: Failed to open handle to diag driver, error = 111
03-11 14:26:30.837     0     0 I do_mount: dev: /apex/com.android.apex.cts.shim@1, mount point: (efault) , retval=0
03-11 14:26:30.837   584   603 D vold    : Disk at 7:136 changed
03-11 14:26:30.839   736   736 W zygote  : JNI RegisterNativeMethods: attempt to register 0 native methods for android.media.AudioAttributes
03-11 14:26:30.840     0     0 I EXT4-fs (loop17): mounted filesystem without journal. Opts: (null)
03-11 14:26:30.840     0     0 I do_mount: dev: /dev/block/loop17, mount point: (efault) , retval=0
03-11 14:26:30.840   609   626 D spcomlib: [spcom_is_sp_subsystem_link_up] skp dev-node doesn't exist.
03-11 14:26:30.840     0     0 I do_mount: dev: /apex/com.android.neuralnetworks@300000000, mount point: (efault) , retval=0
03-11 14:26:30.840   584   603 D vold    : Disk at 7:144 changed
03-11 14:26:30.842   609   625 D spcomlib: [spcom_is_sp_subsystem_link_up] skp dev-node doesn't exist.
03-11 14:26:30.842     0     0 I EXT4-fs (loop18): mounted filesystem without journal. Opts: (null)
03-11 14:26:30.842     0     0 I do_mount: dev: /dev/block/loop18, mount point: /apex/com.android.i18n@1 , retval=0
03-11 14:26:30.843     0     0 I do_mount: dev: /apex/com.android.i18n@1, mount point: /apex/com.android.i18n , retval=0
03-11 14:26:30.843   584   603 D vold    : Disk at 7:152 changed
03-11 14:26:30.844   735   735 D Zygote  : begin preload
03-11 14:26:30.844   735   735 I Zygote  : Calling ZygoteHooks.beginPreload()
03-11 14:26:30.845     0     0 I EXT4-fs (loop19): mounted filesystem without journal. Opts: (null)
03-11 14:26:30.845     0     0 I do_mount: dev: /dev/block/loop19, mount point: (efault) , retval=0
03-11 14:26:30.845     0     0 I do_mount: dev: /apex/com.android.cellbroadcast@300000000, mount point: (efault) , retval=0
03-11 14:26:30.846   584   603 D vold    : Disk at 7:160 changed
03-11 14:26:30.848     0     0 I EXT4-fs (loop20): mounted filesystem without journal. Opts: (null)
03-11 14:26:30.848     0     0 I do_mount: dev: /dev/block/loop20, mount point: (efault) , retval=0
03-11 14:26:30.848     0     0 I do_mount: dev: /apex/com.android.os.statsd@300000000, mount point: /apex/com.android.os.statsd , retval=0
03-11 14:26:30.848   584   603 D vold    : Disk at 7:168 changed
03-11 14:26:30.850   609   626 D spcomlib: [spcom_is_sp_subsystem_link_up] skp dev-node doesn't exist.
03-11 14:26:30.850   609   627 D spcomlib: [spcom_is_sp_subsystem_link_up] skp dev-node doesn't exist.
03-11 14:26:30.850   609   629 D spcomlib: [spcom_is_sp_subsystem_link_up] skp dev-node doesn't exist.
03-11 14:26:30.850   609   625 D spcomlib: [spcom_is_sp_subsystem_link_up] skp dev-node doesn't exist.
03-11 14:26:30.851     0     0 I EXT4-fs (loop21): mounted filesystem without journal. Opts: (null)
03-11 14:26:30.851     0     0 I do_mount: dev: /dev/block/loop21, mount point: (efault) , retval=0
03-11 14:26:30.851     0     0 I do_mount: dev: /apex/com.android.permission@300000000, mount point: /apex/com.android.permission , retval=0
03-11 14:26:30.851   736   736 I zygote  : Explicit concurrent copying GC freed 1769(173KB) AllocSpace objects, 0(0B) LOS objects, 98% free, 271KB/24MB, paused 29us total 6.482ms
03-11 14:26:30.851   584   603 D vold    : Disk at 7:176 changed
03-11 14:26:30.854     0     0 I EXT4-fs (loop22): mounted filesystem without journal. Opts: (null)
03-11 14:26:30.854     0     0 I do_mount: dev: /dev/block/loop22, mount point: /apex/com.android.runtime@1 , retval=0
03-11 14:26:30.854     0     0 I do_mount: dev: /apex/com.android.runtime@1, mount point: /apex/com.android.runtime , retval=0
03-11 14:26:30.854   584   603 D vold    : Disk at 7:184 changed
03-11 14:26:30.856   736   736 I zygote  : Explicit concurrent copying GC freed 145(57KB) AllocSpace objects, 0(0B) LOS objects, 98% free, 279KB/24MB, paused 63us total 4.105ms
03-11 14:26:30.856   736   736 D Zygote32Timing: PostZygoteInitGC took to complete: 11ms
03-11 14:26:30.856   736   736 D Zygote32Timing: ZygoteInit took to complete: 14ms
03-11 14:26:30.857     0     0 I EXT4-fs (loop23): mounted filesystem without journal. Opts: (null)
03-11 14:26:30.857     0     0 I do_mount: dev: /dev/block/loop23, mount point: (efault) , retval=0
03-11 14:26:30.857     0     0 I do_mount: dev: /apex/com.android.media.swcodec@300000000, mount point: (efault) , retval=0
03-11 14:26:30.857   584   603 D vold    : Disk at 7:192 changed
03-11 14:26:30.859     0     0 I EXT4-fs (loop24): mounted filesystem without journal. Opts: (null)
03-11 14:26:30.860     0     0 I do_mount: dev: /dev/block/loop24, mount point: (efault) , retval=0
03-11 14:26:30.860     0     0 I do_mount: dev: /apex/com.android.media@300000000, mount point: /apex/com.android.media , retval=0
03-11 14:26:30.860   584   603 D vold    : Disk at 7:200 changed
03-11 14:26:30.861   736   736 I Zygote  : Accepting command socket connections
03-11 14:26:30.862     0     0 I EXT4-fs (loop25): mounted filesystem without journal. Opts: (null)
03-11 14:26:30.862     0     0 I do_mount: dev: /dev/block/loop25, mount point: (efault) , retval=0
03-11 14:26:30.863     0     0 I do_mount: dev: /apex/com.android.mediaprovider@300000000, mount point: (efault) , retval=0
03-11 14:26:30.863   584   603 D vold    : Disk at 7:208 changed
03-11 14:26:30.865     0     0 I EXT4-fs (loop26): mounted filesystem without journal. Opts: (null)
03-11 14:26:30.865     0     0 I do_mount: dev: /dev/block/loop26, mount point: (efault) , retval=0
03-11 14:26:30.865   609   629 D spcomlib: [spcom_is_sp_subsystem_link_up] skp dev-node doesn't exist.
03-11 14:26:30.865   609   627 D spcomlib: [spcom_is_sp_subsystem_link_up] skp dev-node doesn't exist.
03-11 14:26:30.865     0     0 I do_mount: dev: /apex/com.android.wifi@300000000, mount point: /apex/com.android.wifi , retval=0
03-11 14:26:30.870   735   735 D Zygote64Timing: BeginPreload took to complete: 25ms
03-11 14:26:30.870   735   735 I Zygote  : Preloading classes...
03-11 14:26:30.870   609   626 D spcomlib: [spcom_is_sp_subsystem_link_up] skp dev-node doesn't exist.
03-11 14:26:30.870  1020  1020 E modprobe: LoadWithAliases was unable to load rmnet_ctl
03-11 14:26:30.871   735   735 W Zygote  : Class not found for preloading: android.app.-$$Lambda$ResourcesManager$QJ7UiVk_XS90KuXAsIjIEym1DnM
03-11 14:26:30.874   733   733 I ServiceManager: Waiting for service 'statscompanion' on '/dev/binder'...
03-11 14:26:30.876   609   625 D spcomlib: [spcom_is_sp_subsystem_link_up] skp dev-node doesn't exist.
03-11 14:26:30.881   609   627 D spcomlib: [spcom_is_sp_subsystem_link_up] skp dev-node doesn't exist.
03-11 14:26:30.881   609   629 D spcomlib: [spcom_is_sp_subsystem_link_up] skp dev-node doesn't exist.
03-11 14:26:30.881   609   626 D spcomlib: [spcom_is_sp_subsystem_link_up] skp dev-node doesn't exist.
03-11 14:26:30.881   609   625 D spcomlib: [spcom_is_sp_subsystem_link_up] skp dev-node doesn't exist.
03-11 14:26:30.883   960   960 I surfaceflinger: type=1400 audit(0.0:18): avc: denied { search } for name="firmware" dev="dm-3" ino=1096 scontext=u:r:surfaceflinger:s0 tcontext=u:object_r:vendor_firmware_file:s0 tclass=dir permissive=1
03-11 14:26:30.883   960   960 I surfaceflinger: type=1400 audit(0.0:19): avc: denied { read } for name="a660_sqe.fw" dev="dm-3" ino=1169 scontext=u:r:surfaceflinger:s0 tcontext=u:object_r:vendor_firmware_file:s0 tclass=file permissive=1
03-11 14:26:30.883   960   960 I surfaceflinger: type=1400 audit(0.0:20): avc: denied { open } for path="/vendor/firmware/a660_sqe.fw" dev="dm-3" ino=1169 scontext=u:r:surfaceflinger:s0 tcontext=u:object_r:vendor_firmware_file:s0 tclass=file permissive=1
03-11 14:26:30.888  1021  1021 E modprobe: LoadWithAliases was unable to load rmnet_core
03-11 14:26:30.890   735  1000 I zygote64: Verified 1370 classes from mainline modules in 100.172ms
03-11 14:26:30.891   698   698 I linkerconfig: type=1400 audit(0.0:7): avc: denied { kill } for capability=5 scontext=u:r:linkerconfig:s0 tcontext=u:r:linkerconfig:s0 tclass=capability permissive=1
03-11 14:26:30.892  1019  1019 I vendor.qti.spu@1.1-service: vendor.spu.qti@1.1-service version [1.1] Date [Dec  7 2020] Time [21:59:30]
03-11 14:26:30.892  1019  1019 D vendor.qti.spu@1.1-service: Wait for spdaemon
03-11 14:26:30.892  1019  1019 D vendor.qti.spu@1.1-service: Waiting for spu ready
03-11 14:26:30.892  1019  1019 E spcomlib: [do_ioctl] open() file [/dev/spss_utils] ret [-1] errno [2] [No such file or directory]
03-11 14:26:30.892  1019  1019 E spcomlib: [spcom_wait_for_event] after wait event. ret [-2] status [0x00000000] pid [0x5fdae4f8]
03-11 14:26:30.892  1019  1019 E vendor.qti.spu@1.1-service: SPU is not ready, err[-2]
03-11 14:26:30.895   609   629 D spcomlib: [spcom_is_sp_subsystem_link_up] skp dev-node doesn't exist.
03-11 14:26:30.895   736   998 I zygote  : Verified 1370 classes from mainline modules in 111.729ms
03-11 14:26:30.895   609   627 D spcomlib: [spcom_is_sp_subsystem_link_up] skp dev-node doesn't exist.
03-11 14:26:30.897   953   953 I ServiceManager: Waiting for service 'media.metrics' on '/dev/binder'...
03-11 14:26:30.900   609   626 D spcomlib: [spcom_is_sp_subsystem_link_up] skp dev-node doesn't exist.
03-11 14:26:30.902  1022  1022 E modprobe: LoadWithAliases was unable to load rmnet_ctl
03-11 14:26:30.906   609   625 D spcomlib: [spcom_is_sp_subsystem_link_up] skp dev-node doesn't exist.
03-11 14:26:30.911   609   629 D spcomlib: [spcom_is_sp_subsystem_link_up] skp dev-node doesn't exist.
03-11 14:26:30.911   609   627 D spcomlib: [spcom_is_sp_subsystem_link_up] skp dev-node doesn't exist.
03-11 14:26:30.911   609   626 D spcomlib: [spcom_is_sp_subsystem_link_up] skp dev-node doesn't exist.
03-11 14:26:30.911   609   625 D spcomlib: [spcom_is_sp_subsystem_link_up] skp dev-node doesn't exist.
03-11 14:26:30.912   615   870 I sscrpcd : vendor/qcom/proprietary/adsprpc/src/apps_std_imp.c:777: Successfully opened file /mnt/vendor/persist/sensors/registry/registry/icm4x6xx_0_platform.accel.fac_cal.corr_mat
03-11 14:26:30.913   615   870 I sscrpcd : vendor/qcom/proprietary/adsprpc/src/apps_std_imp.c:777: Successfully opened file /mnt/vendor/persist/sensors/registry/registry/tcs3701_platform.90hz_panel2_step_cmp_factor
03-11 14:26:30.913   615   870 I sscrpcd : vendor/qcom/proprietary/adsprpc/src/apps_std_imp.c:777: Successfully opened file /mnt/vendor/persist/sensors/registry/registry/tcs3701_platform.90hz_panel2_step_cmp_factor
03-11 14:26:30.915   615   870 I sscrpcd : vendor/qcom/proprietary/adsprpc/src/apps_std_imp.c:777: Successfully opened file /mnt/vendor/persist/sensors/registry/registry/sns_fmv_platform.config
03-11 14:26:30.915   615   870 I sscrpcd : vendor/qcom/proprietary/adsprpc/src/apps_std_imp.c:777: Successfully opened file /mnt/vendor/persist/sensors/registry/registry/sns_fmv_platform.config
03-11 14:26:30.916   615   870 I sscrpcd : vendor/qcom/proprietary/adsprpc/src/apps_std_imp.c:777: Successfully opened file /mnt/vendor/persist/sensors/registry/registry/sns_aod
03-11 14:26:30.916   615   870 I sscrpcd : vendor/qcom/proprietary/adsprpc/src/apps_std_imp.c:777: Successfully opened file /mnt/vendor/persist/sensors/registry/registry/sns_aod
03-11 14:26:30.917   615   870 I sscrpcd : vendor/qcom/proprietary/adsprpc/src/apps_std_imp.c:777: Successfully opened file /mnt/vendor/persist/sensors/registry/registry/tcs3701_new_platform.als.lux_coefs2
03-11 14:26:30.918   615   870 I sscrpcd : vendor/qcom/proprietary/adsprpc/src/apps_std_imp.c:777: Successfully opened file /mnt/vendor/persist/sensors/registry/registry/tcs3701_new_platform.als.lux_coefs2
03-11 14:26:30.919   615   870 I sscrpcd : vendor/qcom/proprietary/adsprpc/src/apps_std_imp.c:777: Successfully opened file /mnt/vendor/persist/sensors/registry/registry/tcs3701_new_platform.prox
03-11 14:26:30.919   615   870 I sscrpcd : vendor/qcom/proprietary/adsprpc/src/apps_std_imp.c:777: Successfully opened file /mnt/vendor/persist/sensors/registry/registry/tcs3701_new_platform.prox
03-11 14:26:30.921   615   870 I sscrpcd : vendor/qcom/proprietary/adsprpc/src/apps_std_imp.c:777: Successfully opened file /mnt/vendor/persist/sensors/registry/registry/tcs3701_platform.prox_cal_offset
03-11 14:26:30.921   615   870 I sscrpcd : vendor/qcom/proprietary/adsprpc/src/apps_std_imp.c:777: Successfully opened file /mnt/vendor/persist/sensors/registry/registry/tcs3701_platform.prox_cal_offset
03-11 14:26:30.921  1024  1024 E modprobe: LoadWithAliases was unable to load rmnet_core
03-11 14:26:30.922   615   870 I sscrpcd : vendor/qcom/proprietary/adsprpc/src/apps_std_imp.c:777: Successfully opened file /mnt/vendor/persist/sensors/registry/registry/ak0991x_0.mag.config
03-11 14:26:30.923   706   706 I clean_scratch_f: type=1400 audit(0.0:21): avc: denied { call } for scontext=u:r:init:s0 tcontext=u:r:servicemanager:s0 tclass=binder permissive=1
03-11 14:26:30.923   573   573 I servicemanager: type=1400 audit(0.0:22): avc: denied { transfer } for scontext=u:r:servicemanager:s0 tcontext=u:r:init:s0 tclass=binder permissive=1
03-11 14:26:30.923   706   706 I clean_scratch_f: type=1400 audit(0.0:23): avc: denied { transfer } for scontext=u:r:init:s0 tcontext=u:r:servicemanager:s0 tclass=binder permissive=1
03-11 14:26:30.923   615   870 I sscrpcd : vendor/qcom/proprietary/adsprpc/src/apps_std_imp.c:777: Successfully opened file /mnt/vendor/persist/sensors/registry/registry/ak0991x_0.mag.config
03-11 14:26:30.924   615   870 I sscrpcd : vendor/qcom/proprietary/adsprpc/src/apps_std_imp.c:777: Successfully opened file /mnt/vendor/persist/sensors/registry/registry/sns_tilt
03-11 14:26:30.924   615   870 I sscrpcd : vendor/qcom/proprietary/adsprpc/src/apps_std_imp.c:777: Successfully opened file /mnt/vendor/persist/sensors/registry/registry/sns_tilt
03-11 14:26:30.926   609   627 D spcomlib: [spcom_is_sp_subsystem_link_up] skp dev-node doesn't exist.
03-11 14:26:30.926   609   629 D spcomlib: [spcom_is_sp_subsystem_link_up] skp dev-node doesn't exist.
03-11 14:26:30.926   615   870 I sscrpcd : vendor/qcom/proprietary/adsprpc/src/apps_std_imp.c:777: Successfully opened file /mnt/vendor/persist/sensors/registry/registry/icm4x6xx_0_platform.md
03-11 14:26:30.926   615   870 I sscrpcd : vendor/qcom/proprietary/adsprpc/src/apps_std_imp.c:777: Successfully opened file /mnt/vendor/persist/sensors/registry/registry/icm4x6xx_0_platform.md
03-11 14:26:30.927   706   706 I clean_scratch_f: type=1400 audit(0.0:24): avc: denied { call } for scontext=u:r:init:s0 tcontext=u:r:gsid:s0 tclass=binder permissive=1
03-11 14:26:30.927   710   710 I Binder:710_1: type=1400 audit(0.0:25): avc: denied { transfer } for scontext=u:r:gsid:s0 tcontext=u:r:init:s0 tclass=binder permissive=1
03-11 14:26:30.928   615   870 I sscrpcd : vendor/qcom/proprietary/adsprpc/src/apps_std_imp.c:777: Successfully opened file /mnt/vendor/persist/sensors/registry/registry/tcs3701_platform.oled_cal_factor
03-11 14:26:30.928   615   870 I sscrpcd : vendor/qcom/proprietary/adsprpc/src/apps_std_imp.c:777: Successfully opened file /mnt/vendor/persist/sensors/registry/registry/tcs3701_platform.oled_cal_factor
03-11 14:26:30.929   573   573 I BpBinder: onLastStrongRef automatically unlinking death recipients: <uncached descriptor>
03-11 14:26:30.929   700   700 I derive_sdk: Read version 0 from /apex/com.android.sdkext/etc/sdkinfo.binarypb
03-11 14:26:30.930   700   700 I derive_sdk: R extension version is 0
03-11 14:26:30.930   609   626 D spcomlib: [spcom_is_sp_subsystem_link_up] skp dev-node doesn't exist.
03-11 14:26:30.933   615   870 I sscrpcd : vendor/qcom/proprietary/adsprpc/src/apps_std_imp.c:777: Successfully opened file /mnt/vendor/persist/sensors/registry/registry/sx933x_0.sar.config
03-11 14:26:30.933   615   870 I sscrpcd : vendor/qcom/proprietary/adsprpc/src/apps_std_imp.c:777: Successfully opened file /mnt/vendor/persist/sensors/registry/registry/sx933x_0.sar.config
03-11 14:26:30.933   615   615 I sscrpcd : vendor/qcom/proprietary/adsprpc/src/rpcmem_android.c:158: rpcmem_init_internal: opened ION device fd 5, configured heap IDs: system (0x2000000), contig (0x10), secure (0x400), secure flags (0x80080000)
03-11 14:26:30.933   615   615 I sscrpcd : vendor/qcom/proprietary/adsprpc/src/fastrpc_apps_user.c:2847: fastrpc_apps_user_init done
03-11 14:26:30.933   615   615 E sscrpcd : vendor/qcom/proprietary/sensors-see/sscrpcd/src/sscrpcd.cpp:82:adsp_default_listener_start called for [sensorspd]
03-11 14:26:30.933   615   615 I sscrpcd : vendor/qcom/proprietary/adsprpc/src/fastrpc_pm.c:85: fastrpc_wake_lock_init done for sscrpcd:615
03-11 14:26:30.933   615   615 I sscrpcd : vendor/qcom/proprietary/adsprpc/src/fastrpc_apps_user.c:1561: wakelock_control: enabled wakelock control for domain 0
03-11 14:26:30.933   615   615 E sscrpcd : vendor/qcom/proprietary/sensors-see/sscrpcd/src/sscrpcd.cpp:60:fastrpc wakelock control is enabled
03-11 14:26:30.933   615   615 I sscrpcd : vendor/qcom/proprietary/adsprpc/src/fastrpc_apps_user.c:1237: remote_handle_open: Successfully opened handle 0x0 for '":;./\createstaticpd:sensorspd on domain 0
03-11 14:26:30.933   615   615 E sscrpcd : vendor/qcom/proprietary/adsprpc/src/fastrpc_apps_user.c:2642: Error 0x200: apps_dev_init failed for domain 0, errno No such device
03-11 14:26:30.933   615   615 E sscrpcd : vendor/qcom/proprietary/adsprpc/src/fastrpc_apps_user.c:2738: Error 0x200: open_dev (-1) failed for domain 0 (errno No such device)
03-11 14:26:30.933   615   615 E sscrpcd : vendor/qcom/proprietary/adsprpc/src/fastrpc_apps_user.c:1240: Error 0x200: remote_handle_open failed for adsp_default_listener (errno Success)
03-11 14:26:30.933   615   615 E sscrpcd : vendor/qcom/proprietary/sensors-see/sscrpcd/src/sscrpcd.cpp:86:listener exits
03-11 14:26:30.933   615   615 I sscrpcd : vendor/qcom/proprietary/adsprpc/src/rpcmem_android.c:191: rpcmem_deinit_internal: closed ION fd 5
03-11 14:26:30.934   615   615 I sscrpcd : vendor/qcom/proprietary/adsprpc/src/fastrpc_pm.c:116: fastrpc_wake_lock_deinit done
03-11 14:26:30.934   615   615 I sscrpcd : vendor/qcom/proprietary/adsprpc/src/fastrpc_apps_user.c:2787: fastrpc_apps_user_deinit done
03-11 14:26:30.934   615   870 I sscrpcd : vendor/qcom/proprietary/adsprpc/src/apps_std_imp.c:777: Successfully opened file /mnt/vendor/persist/sensors/registry/registry/icm4x6xx_0
03-11 14:26:30.934   615   870 I sscrpcd : vendor/qcom/proprietary/adsprpc/src/apps_std_imp.c:777: Successfully opened file /mnt/vendor/persist/sensors/registry/registry/icm4x6xx_0
03-11 14:26:30.934   615   615 E sscrpcd : vendor/qcom/proprietary/sensors-see/sscrpcd/src/sscrpcd.cpp:97:sscrpcd daemon will restart after 25ms...
03-11 14:26:30.935   615   870 I sscrpcd : vendor/qcom/proprietary/adsprpc/src/apps_std_imp.c:777: Successfully opened file /mnt/vendor/persist/sensors/registry/registry/tcs3701_platform.oled_fca_cal_factor_90hz
03-11 14:26:30.936   615   870 I sscrpcd : vendor/qcom/proprietary/adsprpc/src/apps_std_imp.c:777: Successfully opened file /mnt/vendor/persist/sensors/registry/registry/tcs3701_platform.oled_fca_cal_factor_90hz
03-11 14:26:30.937   609   625 D spcomlib: [spcom_is_sp_subsystem_link_up] skp dev-node doesn't exist.
03-11 14:26:30.937   615   870 I sscrpcd : vendor/qcom/proprietary/adsprpc/src/apps_std_imp.c:777: Successfully opened file /mnt/vendor/persist/sensors/registry/registry/tcs3701_new_platform
03-11 14:26:30.937   615   870 I sscrpcd : vendor/qcom/proprietary/adsprpc/src/apps_std_imp.c:777: Successfully opened file /mnt/vendor/persist/sensors/registry/registry/tcs3701_new_platform
03-11 14:26:30.939   881   881 I android.hardware.health@2.1-service.qti: opened battery/capacity after 5 retries
03-11 14:26:30.941   609   626 D spcomlib: [spcom_is_sp_subsystem_link_up] skp dev-node doesn't exist.
03-11 14:26:30.941   609   627 D spcomlib: [spcom_is_sp_subsystem_link_up] skp dev-node doesn't exist.
03-11 14:26:30.941   609   625 D spcomlib: [spcom_is_sp_subsystem_link_up] skp dev-node doesn't exist.
03-11 14:26:30.941   609   629 D spcomlib: [spcom_is_sp_subsystem_link_up] skp dev-node doesn't exist.
03-11 14:26:30.941   881   881 I android.hardware.health@2.1-service: default instance initializing with healthd_config...
03-11 14:26:30.943   881   881 I HidlServiceManagement: Registered android.hardware.health@2.1::IHealth/default
03-11 14:26:30.943   881   881 I HidlServiceManagement: Removing namespace from process name android.hardware.health@2.1-service to health@2.1-service.
03-11 14:26:30.943   881   881 I android.hardware.health@2.1-service: default: Hal init done
03-11 14:26:30.945   615   870 I sscrpcd : vendor/qcom/proprietary/adsprpc/src/apps_std_imp.c:777: Successfully opened file /vendor/etc/sensors/config/tsl2540_0.json
03-11 14:26:30.946     0     0 D vdc     : Waited 0ms for vold
03-11 14:26:30.946   584   584 D vold    : fscrypt_init_user0
03-11 14:26:30.946   584   584 D vold    : Preparing: /data/misc/vold/user_keys
03-11 14:26:30.946   615   870 I sscrpcd : vendor/qcom/proprietary/adsprpc/src/apps_std_imp.c:777: Successfully opened file /vendor/etc/sensors/config/tsl2540_0.json
03-11 14:26:30.946   584   584 D vold    : Preparing: /data/misc/vold/user_keys/ce
03-11 14:26:30.946   584   584 D vold    : Preparing: /data/misc/vold/user_keys/de
03-11 14:26:30.947   584   584 D vold    : Skipping non-de-key .
03-11 14:26:30.947   584   584 D vold    : Skipping non-de-key ..
03-11 14:26:30.947  1026  1026 E Diag-Router: diag: received qrtr new client notify for cntl ch periph:6
03-11 14:26:30.947   615   870 I sscrpcd : vendor/qcom/proprietary/adsprpc/src/apps_std_imp.c:777: Successfully opened file /mnt/vendor/persist/sensors/registry/registry/../temp.json
03-11 14:26:30.948  1026  1029 E diag-router: diag: In hidlservicethread successfully connected to socket 41
03-11 14:26:30.948  1026  1026 E Diag-Router: Connecting CMD socket to 10: 12 perif: 6
03-11 14:26:30.949   615   870 I sscrpcd : vendor/qcom/proprietary/adsprpc/src/apps_std_imp.c:777: Successfully opened file /mnt/vendor/persist/sensors/registry/registry/../temp.json
03-11 14:26:30.949  1026  1026 E Diag-Router: diag: received qrtr new client notify for cntl ch periph:2
03-11 14:26:30.949  1026  1026 E Diag-Router: Connecting CMD socket to 5: 25 perif: 2
03-11 14:26:30.950   615   870 I sscrpcd : vendor/qcom/proprietary/adsprpc/src/apps_std_imp.c:777: Successfully opened file /mnt/vendor/persist/sensors/registry/registry/../temp.json
03-11 14:26:30.950   574   574 I hwservicemanager: getTransport: Cannot find entry android.hardware.keymaster@3.0::IKeymasterDevice/default in either framework or device manifest.
03-11 14:26:30.950  1026  1029 I HidlServiceManagement: Registered vendor.qti.diaghal@1.0::Idiag/default
03-11 14:26:30.950   584   584 I vold    : List of Keymaster HALs found:
03-11 14:26:30.950   584   584 I vold    : Keymaster HAL #1: Keymaster HAL: 4 from QTI SecurityLevel: TRUSTED_ENVIRONMENT HAL: android.hardware.keymaster@4.1::IKeymasterDevice/default
03-11 14:26:30.950   584   584 I vold    : Using Keymaster HAL: 4 from QTI for encryption.  Security level: TRUSTED_ENVIRONMENT, HAL: android.hardware.keymaster@4.1::IKeymasterDevice/default
03-11 14:26:30.952   615   870 I sscrpcd : vendor/qcom/proprietary/adsprpc/src/apps_std_imp.c:777: Successfully opened file /vendor/etc/sensors/config/sx932x_0.json
03-11 14:26:30.953   615   870 I sscrpcd : vendor/qcom/proprietary/adsprpc/src/apps_std_imp.c:777: Successfully opened file /vendor/etc/sensors/config/sx932x_0.json
03-11 14:26:30.954   615   870 I sscrpcd : vendor/qcom/proprietary/adsprpc/src/apps_std_imp.c:777: Successfully opened file /mnt/vendor/persist/sensors/registry/registry/../temp.json
03-11 14:26:30.955   615   870 I chatty  : uid=1000(system) /vendor/bin/sscrpcd identical 1 line
03-11 14:26:30.956   609   629 D spcomlib: [spcom_is_sp_subsystem_link_up] skp dev-node doesn't exist.
03-11 14:26:30.956   609   627 D spcomlib: [spcom_is_sp_subsystem_link_up] skp dev-node doesn't exist.
03-11 14:26:30.957   615   870 I sscrpcd : vendor/qcom/proprietary/adsprpc/src/apps_std_imp.c:777: Successfully opened file /mnt/vendor/persist/sensors/registry/registry/../temp.json
03-11 14:26:30.957   574   574 I hwservicemanager: getTransport: Cannot find entry android.hardware.keymaster@3.0::IKeymasterDevice/default in either framework or device manifest.
03-11 14:26:30.957     0     0 W healthd : battery l=58 v=4316 t=26.0 h=2 st=2 c=813 fc=4222000 cc=5 tl=0 chg=u
03-11 14:26:30.957   584   584 I vold    : List of Keymaster HALs found:
03-11 14:26:30.958   584   584 I vold    : Keymaster HAL #1: Keymaster HAL: 4 from QTI SecurityLevel: TRUSTED_ENVIRONMENT HAL: android.hardware.keymaster@4.1::IKeymasterDevice/default
03-11 14:26:30.958     0     0 W healthd : battery l=58 v=4316 t=26.0 h=2 st=2 c=813 fc=4222000 cc=5 tl=0 chg=u
03-11 14:26:30.958   584   584 I vold    : Using Keymaster HAL: 4 from QTI for encryption.  Security level: TRUSTED_ENVIRONMENT, HAL: android.hardware.keymaster@4.1::IKeymasterDevice/default
03-11 14:26:30.958   615   870 I sscrpcd : vendor/qcom/proprietary/adsprpc/src/apps_std_imp.c:777: Successfully opened file /vendor/etc/sensors/config/sns_dae.json
03-11 14:26:30.959   615   870 I sscrpcd : vendor/qcom/proprietary/adsprpc/src/apps_std_imp.c:777: Successfully opened file /vendor/etc/sensors/config/sns_dae.json
03-11 14:26:30.959   615   870 I sscrpcd : vendor/qcom/proprietary/adsprpc/src/apps_std_imp.c:777: Successfully opened file /vendor/etc/sensors/config/icm4x6xx_0.json
