03-11 14:26:30.325   584   584 W vold    : Failed to LOOP_GET_STATUS64 /dev/block/loop25: No such device or address
03-11 14:26:30.325   584   584 W vold    : Failed to LOOP_GET_STATUS64 /dev/block/loop24: No such device or address
03-11 14:26:30.325   584   584 W vold    : Failed to LOOP_GET_STATUS64 /dev/block/loop23: No such device or address
03-11 14:26:30.325   584   584 W vold    : Failed to LOOP_GET_STATUS64 /dev/block/loop22: No such device or address
03-11 14:26:30.325   584   584 W vold    : Failed to LOOP_GET_STATUS64 /dev/block/loop21: No such device or address
03-11 14:26:30.325   584   584 W vold    : Failed to LOOP_GET_STATUS64 /dev/block/loop20: No such device or address
03-11 14:26:30.325   584   584 W vold    : Failed to LOOP_GET_STATUS64 /dev/block/loop19: No such device or address
03-11 14:26:30.325   584   584 W vold    : Failed to LOOP_GET_STATUS64 /dev/block/loop18: No such device or address
03-11 14:26:30.325   584   584 W vold    : Failed to LOOP_GET_STATUS64 /dev/block/loop17: No such device or address
03-11 14:26:30.325   584   584 W vold    : Failed to LOOP_GET_STATUS64 /dev/block/loop16: No such device or address
03-11 14:26:30.325   584   584 W vold    : Failed to LOOP_GET_STATUS64 /dev/block/loop12: No such device or address
03-11 14:26:30.325   584   584 W vold    : Failed to LOOP_GET_STATUS64 /dev/block/loop10: No such device or address
03-11 14:26:30.325   584   584 W vold    : Failed to LOOP_GET_STATUS64 /dev/block/loop15: No such device or address
03-11 14:26:30.325   584   584 D vold    : Found unmanaged loop device at /dev/block/loop5 named apex:
03-11 14:26:30.325   584   584 W vold    : Failed to LOOP_GET_STATUS64 /dev/block/loop9: No such device or address
03-11 14:26:30.325   584   584 W vold    : Failed to LOOP_GET_STATUS64 /dev/block/loop11: No such device or address
03-11 14:26:30.325   584   584 W vold    : Failed to LOOP_GET_STATUS64 /dev/block/loop6: No such device or address
03-11 14:26:30.325   609   626 D spcomlib: [spcom_is_sp_subsystem_link_up] skp dev-node doesn't exist.
03-11 14:26:30.325   584   584 D vold    : Found unmanaged loop device at /dev/block/loop0 named apex:
03-11 14:26:30.325   584   584 W vold    : Failed to LOOP_GET_STATUS64 /dev/block/loop8: No such device or address
03-11 14:26:30.325   584   584 W vold    : Failed to LOOP_GET_STATUS64 /dev/block/loop7: No such device or address
03-11 14:26:30.325   584   584 D vold    : Found unmanaged loop device at /dev/block/loop2 named apex:
03-11 14:26:30.325   584   584 D vold    : Found unmanaged loop device at /dev/block/loop3 named apex:
03-11 14:26:30.325   584   584 W vold    : Failed to LOOP_GET_STATUS64 /dev/block/loop14: No such device or address
03-11 14:26:30.325   584   584 D vold    : Found unmanaged loop device at /dev/block/loop1 named apex:
03-11 14:26:30.325   584   584 D vold    : Found unmanaged loop device at /dev/block/loop4 named apex:
03-11 14:26:30.325   584   584 W vold    : Failed to LOOP_GET_STATUS64 /dev/block/loop13: No such device or address
03-11 14:26:30.325   584   584 I vold    : [libfs_mgr]dt_fstab: Skip disabled entry for partition vendor
03-11 14:26:30.326   582   582 D QSEECOMD: : Init dlopen(libGPreqcancel.so, RTLD_NOW) succeeds
03-11 14:26:30.326   584   584 D vold    : VoldNativeService::start() completed OK
03-11 14:26:30.326   582   582 D QSEECOMD: : Init::Init dlsym(g_FSHandle gp_reqcancel_start) succeeds
03-11 14:26:30.326   582   582 D QSEECOMAPI: QSEECom_register_listener 4352 sb_length = 0x5000
03-11 14:26:30.327   582   582 D QSEECOMD: : Init gp_reqcancel_start ret = 0
03-11 14:26:30.327   582   582 D QSEECOMD: : gp request cancellation services: Started (Listener ID = 4352)
03-11 14:26:30.327   582   582 E QSEECOMD: : Listener: index = 9, hierarchy = 1
03-11 14:26:30.328   609   625 D spcomlib: [spcom_is_sp_subsystem_link_up] skp dev-node doesn't exist.
03-11 14:26:30.330   735   735 I zygote64: Core platform API reporting enabled, enforcing=false
03-11 14:26:30.333   582   582 D QSEECOMD: : Init dlopen(libops.so, RTLD_NOW) succeeds
03-11 14:26:30.333   582   582 D QSEECOMD: : Init::Init dlsym(g_FSHandle ops_start) succeeds
03-11 14:26:30.333   582   582 D OPS_SERVICE: Entering ops_start!
03-11 14:26:30.333   582   582 D QSEECOMAPI: QSEECom_register_listener 49152 sb_length = 0x6400
03-11 14:26:30.334   582   582 D OPS_SERVICE: registering ops service to QSEECom is done!
03-11 14:26:30.334   582   582 D OPS_SERVICE: begin to create a thread!
03-11 14:26:30.334   582   582 D OPS_SERVICE: Creating a pthread in ops_start is done! return 0
03-11 14:26:30.334   582   606 D OPS_SERVICE: OPS_SERVICE Dispatch starts! 
03-11 14:26:30.334   582   582 D QSEECOMD: : Init ops_start ret = 0
03-11 14:26:30.334   582   582 D QSEECOMD: : output protection service listener: Started (Listener ID = 49152)
03-11 14:26:30.334   582   606 D OPS_SERVICE: before calling ioctl to read the next ops_cmd
03-11 14:26:30.335   582   582 D QSEECOMD: : QSEECOM DAEMON RUNNING 
03-11 14:26:30.336     0     0 I do_mount: dev: rootfs, mount point: / , retval=0
03-11 14:26:30.340   736   736 I AndroidRuntime: Using default boot image
03-11 14:26:30.340   736   736 I AndroidRuntime: Leaving lock profiling enabled
03-11 14:26:30.341     0     0 I subsys-pil-tz soc: qcom,ipa_fws: ipa_fws: loading from 0x000000008b710000 to 0x000000008b717000
03-11 14:26:30.343     0     0 I init    : wait for '/mnt/vendor/spunvm' took 0ms
03-11 14:26:30.343     0     0 I init    : wait for '/mnt/vendor/persist' took 0ms
03-11 14:26:30.343   736   736 I zygote  : option[0]=-Xzygote
03-11 14:26:30.343   736   736 I zygote  : option[1]=exit
03-11 14:26:30.343   736   736 I zygote  : option[2]=vfprintf
03-11 14:26:30.343   736   736 I zygote  : option[3]=sensitiveThread
03-11 14:26:30.343   736   736 I zygote  : option[4]=-verbose:gc
03-11 14:26:30.343   736   736 I zygote  : option[5]=-XX:PerfettoHprof=true
03-11 14:26:30.343   736   736 I zygote  : option[6]=-Xms16m
03-11 14:26:30.343   736   736 I zygote  : option[7]=-Xmx512m
03-11 14:26:30.343   736   736 I zygote  : option[8]=-XX:HeapGrowthLimit=256m
03-11 14:26:30.343   736   736 I zygote  : option[9]=-XX:HeapMinFree=8m
03-11 14:26:30.343   736   736 I zygote  : option[10]=-XX:HeapMaxFree=32m
03-11 14:26:30.343   736   736 I zygote  : option[11]=-XX:HeapTargetUtilization=0.5
03-11 14:26:30.343   736   736 I zygote  : option[12]=-Xusejit:true
03-11 14:26:30.343   736   736 I zygote  : option[13]=-Xjitsaveprofilinginfo
03-11 14:26:30.343   736   736 I zygote  : option[14]=-XjdwpOptions:suspend=n,server=y
03-11 14:26:30.343   736   736 I zygote  : option[15]=-XjdwpProvider:default
03-11 14:26:30.343   736   736 I zygote  : option[16]=-Xopaque-jni-ids:swapable
03-11 14:26:30.343   736   736 I zygote  : option[17]=-Xlockprofthreshold:500
03-11 14:26:30.343   736   736 I zygote  : option[18]=-Xcompiler-option
03-11 14:26:30.343   736   736 I zygote  : option[19]=--instruction-set-variant=kryo385
03-11 14:26:30.343   736   736 I zygote  : option[20]=-Xcompiler-option
03-11 14:26:30.343   736   736 I zygote  : option[21]=--instruction-set-features=default
03-11 14:26:30.343   736   736 I zygote  : option[22]=-Xcompiler-option
03-11 14:26:30.343   736   736 I zygote  : option[23]=--generate-mini-debug-info
03-11 14:26:30.343   736   736 I zygote  : option[24]=-Ximage-compiler-option
03-11 14:26:30.343   736   736 I zygote  : option[25]=--runtime-arg
03-11 14:26:30.343   736   736 I zygote  : option[26]=-Ximage-compiler-option
03-11 14:26:30.343   736   736 I zygote  : option[27]=-Xms64m
03-11 14:26:30.343   736   736 I zygote  : option[28]=-Ximage-compiler-option
03-11 14:26:30.343   736   736 I zygote  : option[29]=--runtime-arg
03-11 14:26:30.343   736   736 I zygote  : option[30]=-Ximage-compiler-option
03-11 14:26:30.343   736   736 I zygote  : option[31]=-Xmx64m
03-11 14:26:30.343   736   736 I zygote  : option[32]=-Ximage-compiler-option
03-11 14:26:30.343   736   736 I zygote  : option[33]=--dirty-image-objects=/system/etc/dirty-image-objects
03-11 14:26:30.343   736   736 I zygote  : option[34]=-Ximage-compiler-option
03-11 14:26:30.343   736   736 I zygote  : option[35]=--instruction-set-variant=kryo385
03-11 14:26:30.343   736   736 I zygote  : option[36]=-Ximage-compiler-option
03-11 14:26:30.343   736   736 I zygote  : option[37]=--instruction-set-features=default
03-11 14:26:30.343   736   736 I zygote  : option[38]=-Ximage-compiler-option
03-11 14:26:30.343   736   736 I zygote  : option[39]=--generate-mini-debug-info
03-11 14:26:30.343   736   736 I zygote  : option[40]=-Duser.locale=en-US
03-11 14:26:30.343   736   736 I zygote  : option[41]=--cpu-abilist=armeabi-v7a,armeabi
03-11 14:26:30.343   736   736 I zygote  : option[42]=-Xcore-platform-api-policy:just-warn
03-11 14:26:30.343   736   736 I zygote  : option[43]=-Xfingerprint:Xiaomi/lineage_renoir/renoir:11/RQ3A.210905.001/eng.arian.20211025.101007:userdebug/test-keys
03-11 14:26:30.347   736   736 I zygote  : Core platform API reporting enabled, enforcing=false
03-11 14:26:30.351   609   629 D spcomlib: [spcom_is_sp_subsystem_link_up] skp dev-node doesn't exist.
03-11 14:26:30.351   609   627 D spcomlib: [spcom_is_sp_subsystem_link_up] skp dev-node doesn't exist.
03-11 14:26:30.355   609   626 D spcomlib: [spcom_is_sp_subsystem_link_up] skp dev-node doesn't exist.
03-11 14:26:30.358   609   625 D spcomlib: [spcom_is_sp_subsystem_link_up] skp dev-node doesn't exist.
03-11 14:26:30.363   608   608 D spdaemon: open() file [./sys/devices/platform/soc/soc:qcom,spss_utils/firmware_name] Failed, ret [-1] try another path.
03-11 14:26:30.363   608   608 D spdaemon: open() file [./sys/devices/soc/soc:qcom,spss_utils/firmware_name] Failed, ret =-1.
03-11 14:26:30.363   608   608 D spdaemon: Can't get soc version, assuming v1
03-11 14:26:30.363   608   608 D spdaemon: firmware_type [t].
03-11 14:26:30.364   608   608 D spdaemon: machine_name [SHIMA]
03-11 14:26:30.364   608   608 E iardb   : [iar_db_get_iar_state] failed to open file /mnt/vendor/spunvm/iar_db/iar_state.bin [13] [Permission denied]
03-11 14:26:30.364   608   608 D iarlib  : [iar_get_state] Can't get iar_state, return DISABLED
03-11 14:26:30.364   608   608 I spdaemon: IAR is not activated
03-11 14:26:30.364   608   608 D spdaemon: going to start SP From kernel.
03-11 14:26:30.364   608   608 I spcomlib: [spcom_restart_sp_subsystem] restart_sp starts
03-11 14:26:30.364   608   608 D spcomlib: [spcom_open] ch [spcom] doesn't exist, create it.
03-11 14:26:30.364   608   608 E spcomlib: [spcom_create_channel] ssr ch is created on link up.
03-11 14:26:30.364   608   608 E spcomlib: [spcom_restart_sp_subsystem] restart_sp - invalid fd [-22] ch [spcom].
03-11 14:26:30.364   608   608 E spdaemon: PIL from kernel failed. ret [-14].
03-11 14:26:30.364   608   608 D spdaemon: going to sleep for a day.
03-11 14:26:30.364     0     0 D vdc     : Waited 0ms for vold
03-11 14:26:30.365     0     0 E subsys-pil-tz soc: qcom,ipa_fws: ipa_fws: Brought out of reset
03-11 14:26:30.365   615   870 I chatty  : uid=1000(system) /vendor/bin/sscrpcd expire 45 lines
03-11 14:26:30.365     0     0 I         : pil_boot is successful from ipa_fws and waiting for error ready
03-11 14:26:30.365     0     0 I         : IPA FW loaded successfully
03-11 14:26:30.365   615   871 I chatty  : uid=1000(system) /vendor/bin/sscrpcd expire 4 lines
03-11 14:26:30.365   574   574 I hwservicemanager: Since android.hardware.boot@1.0::IBootControl/default is not registered, trying to start it as a lazy HAL.
03-11 14:26:30.366   574   574 I hwservicemanager: Since android.hardware.boot@1.0::IBootControl/default is not registered, trying to start it as a lazy HAL.
03-11 14:26:30.366   584   584 I HidlServiceManagement: getService: Trying again for android.hardware.boot@1.0::IBootControl/default...
03-11 14:26:30.367     0     0 E gsi soc : qcom,msm_gsi: gsi_register_device:1230 GSI irq is wake enabled 41
03-11 14:26:30.367   609   609 E secnvm  : No channel names file.
03-11 14:26:30.367   609   609 E secnvm  : App name in the list is : sp_nvm index: 0
03-11 14:26:30.367   609   609 E secnvm  : App name in the list is : sp_keymaster index: 1
03-11 14:26:30.367   609   609 E secnvm  : App name in the list is : sampleapp index: 2
03-11 14:26:30.367   609   609 E secnvm  : App name in the list is : iuicc index: 3
03-11 14:26:30.367   609   609 I secnvm  : NVM daemon start, apps num [4]
03-11 14:26:30.367   609   609 D secnvm  : Suppors [4] threads
03-11 14:26:30.367   609   609 D secnvm  : successfully created thread #[0] [sp_nvm]
03-11 14:26:30.367   609   609 D secnvm  : successfully created thread #[1] [sp_keymaster]
03-11 14:26:30.367   609   609 D secnvm  : successfully created thread #[2] [sampleapp]
03-11 14:26:30.367   609   626 D secnvm  : start routine of appName [sp_keymaster]
03-11 14:26:30.367   609   626 D secnvm  : ch [sec_nvm_sp_keymaster] Wait for link UP...
03-11 14:26:30.367   609   609 D secnvm  : successfully created thread #[3] [iuicc]
03-11 14:26:30.367   609   629 D secnvm  : start routine of appName [iuicc]
03-11 14:26:30.367   609   626 D spcomlib: [spcom_is_sp_subsystem_link_up] skp dev-node doesn't exist.
03-11 14:26:30.367   609   629 D secnvm  : ch [sec_nvm_iuicc] Wait for link UP...
03-11 14:26:30.367   609   629 D spcomlib: [spcom_is_sp_subsystem_link_up] skp dev-node doesn't exist.
03-11 14:26:30.367   609   627 D secnvm  : start routine of appName [sampleapp]
03-11 14:26:30.367   609   627 D secnvm  : ch [sec_nvm_sampleapp] Wait for link UP...
03-11 14:26:30.367   609   627 D spcomlib: [spcom_is_sp_subsystem_link_up] skp dev-node doesn't exist.
03-11 14:26:30.367   609   625 D secnvm  : start routine of appName [sp_nvm]
03-11 14:26:30.367   609   625 D secnvm  : ch [sec_nvm_sp_nvm] Wait for link UP...
03-11 14:26:30.367   609   625 D spcomlib: [spcom_is_sp_subsystem_link_up] skp dev-node doesn't exist.
03-11 14:26:30.369   614   614 D QSEECOMAPI: QSEECom_get_handle sb_length = 0xa000
03-11 14:26:30.369   614   614 D QSEECOMAPI: App is already loaded QSEE and app id = 1
03-11 14:26:30.369   614   614 E ion     : ioctl c0044901 failed with code -1: Inappropriate ioctl for device
03-11 14:26:30.370     0     0 I         : IPA driver is now in ready state
03-11 14:26:30.370     0     0 I         : IPA driver initialization was successful.
03-11 14:26:30.370     0     0 I         : rmnet_ipa3 started initialization
03-11 14:26:30.370     0     0 I         : IPA SSR support = True
03-11 14:26:30.370     0     0 I         : IPA SG support = True
03-11 14:26:30.370     0     0 I         : IPA Napi Enable = True
03-11 14:26:30.370     0     0 I         : using default for wan-rx-desc-size = 256
03-11 14:26:30.370     0     0 E ipa-wan ipa3_wwan_register_netdev_pm_client: 2548 rmnet_ipa%d register done
03-11 14:26:30.370     0     0 E ipa-wan ipa3_wwan_probe: 2724 rmnet_ipa completed initialization
03-11 14:26:30.371   733   733 I ServiceManager: Waiting for service 'statscompanion' on '/dev/binder'...
03-11 14:26:30.372   612   612 I HidlServiceManagement: Registered android.hardware.atrace@1.0::IAtraceDevice/default
03-11 14:26:30.372   612   612 I HidlServiceManagement: Removing namespace from process name android.hardware.atrace@1.0-service to atrace@1.0-service.
03-11 14:26:30.374   614   614 E KeymasterUtils: TA API Major Version: 4
03-11 14:26:30.374   614   614 E KeymasterUtils: TA API Minor Version: 1
03-11 14:26:30.374   614   614 E KeymasterUtils: TA Major Version: 4
03-11 14:26:30.374   614   614 E KeymasterUtils: TA Minor Version: 549
03-11 14:26:30.375   613   613 I android.hardwar: type=1400 audit(0.0:4): avc: denied { search } for name="gsi" dev="sda25" ino=20 scontext=u:r:hal_bootctl_default:s0 tcontext=u:object_r:gsi_metadata_file:s0 tclass=dir permissive=1
03-11 14:26:30.375   614   614 I HidlServiceManagement: Registered android.hardware.gatekeeper@1.0::IGatekeeper/default
03-11 14:26:30.375   614   614 I HidlServiceManagement: Removing namespace from process name android.hardware.gatekeeper@1.0-service-qti to gatekeeper@1.0-service-qti.
03-11 14:26:30.375   614   614 I LegacySupport: Registration complete for android.hardware.gatekeeper@1.0::IGatekeeper/default.
03-11 14:26:30.378   611   611 I HidlServiceManagement: Registered android.system.suspend@1.0::ISystemSuspend/default
03-11 14:26:30.378   611   611 I HidlServiceManagement: Removing namespace from process name android.system.suspend@1.0-service to suspend@1.0-service.
03-11 14:26:30.379   616   616 I vdc     : type=1400 audit(0.0:5): avc: denied { kill } for capability=5 scontext=u:r:vdc:s0 tcontext=u:r:vdc:s0 tclass=capability permissive=1
03-11 14:26:30.379   613   613 I android.hardware.boot@1.1-service: [libfs_mgr]dt_fstab: Skip disabled entry for partition vendor
03-11 14:26:30.381   613   613 I HidlServiceManagement: Registered android.hardware.boot@1.1::IBootControl/default
03-11 14:26:30.381   613   613 I HidlServiceManagement: Removing namespace from process name android.hardware.boot@1.1-service to boot@1.1-service.
03-11 14:26:30.381   613   613 I LegacySupport: Registration complete for android.hardware.boot@1.0::IBootControl/default.
03-11 14:26:30.381   574   574 I hw-BpHwBinder: onLastStrongRef automatically unlinking death recipients
03-11 14:26:30.381   609   629 D spcomlib: [spcom_is_sp_subsystem_link_up] skp dev-node doesn't exist.
03-11 14:26:30.382   609   627 D spcomlib: [spcom_is_sp_subsystem_link_up] skp dev-node doesn't exist.
03-11 14:26:30.385   609   626 D spcomlib: [spcom_is_sp_subsystem_link_up] skp dev-node doesn't exist.
03-11 14:26:30.389   609   625 D spcomlib: [spcom_is_sp_subsystem_link_up] skp dev-node doesn't exist.
03-11 14:26:30.395     0     0 D vdc     : Waited 0ms for vold
03-11 14:26:30.395   584   584 D vold    : fscrypt_mount_metadata_encrypted: /data 0
03-11 14:26:30.396   584   584 D vold    : metadata_key_dir/key: /metadata/vold/metadata_encryption/key
03-11 14:26:30.397   574   574 I hwservicemanager: Since android.hardware.keymaster@4.0::IKeymasterDevice/default is not registered, trying to start it as a lazy HAL.
03-11 14:26:30.397   609   626 D spcomlib: [spcom_is_sp_subsystem_link_up] skp dev-node doesn't exist.
03-11 14:26:30.397   609   629 D spcomlib: [spcom_is_sp_subsystem_link_up] skp dev-node doesn't exist.
03-11 14:26:30.397   574   574 I hwservicemanager: Since android.hardware.keymaster@4.0::IKeymasterDevice/default is not registered, trying to start it as a lazy HAL.
03-11 14:26:30.397   609   627 D spcomlib: [spcom_is_sp_subsystem_link_up] skp dev-node doesn't exist.
03-11 14:26:30.397   584   584 I HidlServiceManagement: getService: Trying again for android.hardware.keymaster@4.0::IKeymasterDevice/default...
03-11 14:26:30.397   609   625 D spcomlib: [spcom_is_sp_subsystem_link_up] skp dev-node doesn't exist.
03-11 14:26:30.407   874   874 I qccsyshalservice: Start with system binder
03-11 14:26:30.407   874   874 I qccsyshalservice: Registering qccsyshal service...
03-11 14:26:30.408   873   873 I HidlServiceManagement: Registered android.hidl.allocator@1.0::IAllocator/ashmem
03-11 14:26:30.408   873   873 I HidlServiceManagement: Removing namespace from process name android.hidl.allocator@1.0-service to allocator@1.0-service.
03-11 14:26:30.409   578   578 D QSEECOMAPI: QSEECom_get_handle sb_length = 0xa000
03-11 14:26:30.410   578   578 D QSEECOMAPI: App is already loaded QSEE and app id = 1
03-11 14:26:30.410   578   578 E ion     : ioctl c0044901 failed with code -1: Inappropriate ioctl for device
03-11 14:26:30.412   609   629 D spcomlib: [spcom_is_sp_subsystem_link_up] skp dev-node doesn't exist.
03-11 14:26:30.412   578   578 E KeymasterUtils: TA API Major Version: 4
03-11 14:26:30.412   578   578 E KeymasterUtils: TA API Minor Version: 1
03-11 14:26:30.412   578   578 E KeymasterUtils: TA Major Version: 4
03-11 14:26:30.412   578   578 E KeymasterUtils: TA Minor Version: 549
03-11 14:26:30.412   609   627 D spcomlib: [spcom_is_sp_subsystem_link_up] skp dev-node doesn't exist.
03-11 14:26:30.415   578   578 I HidlServiceManagement: Registered android.hardware.keymaster@4.1::IKeymasterDevice/default
03-11 14:26:30.415   578   578 I HidlServiceManagement: Removing namespace from process name android.hardware.keymaster@4.1-service-qti to keymaster@4.1-service-qti.
03-11 14:26:30.415   574   574 I hw-BpHwBinder: onLastStrongRef automatically unlinking death recipients
03-11 14:26:30.416   574   574 I hwservicemanager: getTransport: Cannot find entry android.hardware.keymaster@3.0::IKeymasterDevice/default in either framework or device manifest.
03-11 14:26:30.416   609   626 D spcomlib: [spcom_is_sp_subsystem_link_up] skp dev-node doesn't exist.
03-11 14:26:30.416   584   584 I vold    : List of Keymaster HALs found:
03-11 14:26:30.416   584   584 I vold    : Keymaster HAL #1: Keymaster HAL: 4 from QTI SecurityLevel: TRUSTED_ENVIRONMENT HAL: android.hardware.keymaster@4.1::IKeymasterDevice/default
03-11 14:26:30.417   874   874 I HidlServiceManagement: Registered vendor.qti.hardware.qccsyshal@1.0::IQccsyshal/qccsyshal
03-11 14:26:30.417   584   584 D vold    : Computing HMAC with params { (seed: 4931fc914ce095822eaafa20bad242af2b9c62ebeefb806356999a1931f2eb6d, nonce: 867f6ea59f31a499a2cbee1caf0ffde75da4e98ee12560204da459ada4b3) }
03-11 14:26:30.417   584   584 D vold    : Computing HMAC for Keymaster HAL: 4 from QTI SecurityLevel: TRUSTED_ENVIRONMENT HAL: android.hardware.keymaster@4.1::IKeymasterDevice/default
03-11 14:26:30.419   609   625 D spcomlib: [spcom_is_sp_subsystem_link_up] skp dev-node doesn't exist.
03-11 14:26:30.420   584   584 I vold    : Using Keymaster HAL: 4 from QTI for encryption.  Security level: TRUSTED_ENVIRONMENT, HAL: android.hardware.keymaster@4.1::IKeymasterDevice/default
03-11 14:26:30.421   584   584 D vold    : Key exists, using: /metadata/vold/metadata_encryption/key
03-11 14:26:30.423   574   574 I hwservicemanager: getTransport: Cannot find entry android.hardware.keymaster@3.0::IKeymasterDevice/default in either framework or device manifest.
03-11 14:26:30.423   584   584 I vold    : List of Keymaster HALs found:
03-11 14:26:30.423   584   584 I vold    : Keymaster HAL #1: Keymaster HAL: 4 from QTI SecurityLevel: TRUSTED_ENVIRONMENT HAL: android.hardware.keymaster@4.1::IKeymasterDevice/default
03-11 14:26:30.423   584   584 I vold    : Using Keymaster HAL: 4 from QTI for encryption.  Security level: TRUSTED_ENVIRONMENT, HAL: android.hardware.keymaster@4.1::IKeymasterDevice/default
03-11 14:26:30.426   615   615 I chatty  : uid=1000(system) /vendor/bin/sscrpcd expire 124 lines
03-11 14:26:30.427   885   885 I QTI PowerHAL: Initing
03-11 14:26:30.427   609   626 D spcomlib: [spcom_is_sp_subsystem_link_up] skp dev-node doesn't exist.
03-11 14:26:30.428   609   627 D spcomlib: [spcom_is_sp_subsystem_link_up] skp dev-node doesn't exist.
03-11 14:26:30.428   609   629 D spcomlib: [spcom_is_sp_subsystem_link_up] skp dev-node doesn't exist.
03-11 14:26:30.428   885   885 I android.hardware.power-service-qti: Instance android.hardware.power.IPower/default
03-11 14:26:30.428   609   625 D spcomlib: [spcom_is_sp_subsystem_link_up] skp dev-node doesn't exist.
03-11 14:26:30.429   573   573 I servicemanager: getDeviceHalManifest: Reading VINTF information.
03-11 14:26:30.430   615   870 I chatty  : uid=1000(system) /vendor/bin/sscrpcd expire 284 lines
03-11 14:26:30.432   573   573 I servicemanager: getDeviceHalManifest: Successfully processed VINTF information
03-11 14:26:30.432   573   573 I servicemanager: getFrameworkHalManifest: Reading VINTF information.
03-11 14:26:30.432   573   573 I servicemanager: getFrameworkHalManifest: Successfully processed VINTF information
03-11 14:26:30.432   573   573 I servicemanager: Found android.hardware.power.IPower/default in device VINTF manifest.
03-11 14:26:30.433   885   885 I android.hardware.power-service-qti: Status 0
03-11 14:26:30.433   885   885 I android.hardware.power-service-qti: Instance vendor.lineage.power.IPower/default
03-11 14:26:30.433   573   573 I servicemanager: Found vendor.lineage.power.IPower/default in device VINTF manifest.
03-11 14:26:30.435   875   875 D bluetooth_transport_properties: setVendorPropertiesDefault:vendor properties set : soc name  : hastings
03-11 14:26:30.435   885   885 I android.hardware.power-service-qti: Status 0
03-11 14:26:30.435   875   875 I android.hardware.bluetooth@1.0-service: vendorEnhancedInfo: 3
03-11 14:26:30.435   574   574 I hwservicemanager: getTransport: Cannot find entry android.hardware.keymaster@3.0::IKeymasterDevice/default in either framework or device manifest.
03-11 14:26:30.435   875   875 I android.hardware.bluetooth@1.0-service: isVendorEnhancedFramework: 1
03-11 14:26:30.435   875   875 I android.hardware.bluetooth@1.0-service: Registering BT Service
03-11 14:26:30.435   584   584 I vold    : List of Keymaster HALs found:
03-11 14:26:30.435   584   584 I vold    : Keymaster HAL #1: Keymaster HAL: 4 from QTI SecurityLevel: TRUSTED_ENVIRONMENT HAL: android.hardware.keymaster@4.1::IKeymasterDevice/default
03-11 14:26:30.436   584   584 I vold    : Using Keymaster HAL: 4 from QTI for encryption.  Security level: TRUSTED_ENVIRONMENT, HAL: android.hardware.keymaster@4.1::IKeymasterDevice/default
03-11 14:26:30.439   882   882 I HidlServiceManagement: Registered android.hardware.ir@1.0::IConsumerIr/default
03-11 14:26:30.439   882   882 I HidlServiceManagement: Removing namespace from process name android.hardware.ir@1.0-service to ir@1.0-service.
03-11 14:26:30.439   882   882 I LegacySupport: Registration complete for android.hardware.ir@1.0::IConsumerIr/default.
03-11 14:26:30.441   584   584 D vold    : Mounting metadata-encrypted filesystem:/data
03-11 14:26:30.442   609   627 D spcomlib: [spcom_is_sp_subsystem_link_up] skp dev-node doesn't exist.
03-11 14:26:30.442   609   629 D spcomlib: [spcom_is_sp_subsystem_link_up] skp dev-node doesn't exist.
03-11 14:26:30.443   574   574 I hwservicemanager: getTransport: Cannot find entry android.hardware.keymaster@3.0::IKeymasterDevice/default in either framework or device manifest.
03-11 14:26:30.443   584   584 I vold    : List of Keymaster HALs found:
03-11 14:26:30.443   584   584 I vold    : Keymaster HAL #1: Keymaster HAL: 4 from QTI SecurityLevel: TRUSTED_ENVIRONMENT HAL: android.hardware.keymaster@4.1::IKeymasterDevice/default
03-11 14:26:30.444   888   888 I HidlServiceManagement: Registered android.hardware.usb@1.2::IUsb/default
03-11 14:26:30.444   888   888 I HidlServiceManagement: Removing namespace from process name android.hardware.usb@1.2-service-qti to usb@1.2-service-qti.
03-11 14:26:30.445   888   888 I android.hardware.usb@1.2-service-qti: QTI USB HAL Ready.
03-11 14:26:30.446   609   626 D spcomlib: [spcom_is_sp_subsystem_link_up] skp dev-node doesn't exist.
03-11 14:26:30.449   609   625 D spcomlib: [spcom_is_sp_subsystem_link_up] skp dev-node doesn't exist.
03-11 14:26:30.452   887   887 I thermal_hal: Thermal HAL Service 2.0 starting...
03-11 14:26:30.454   877   877 I HidlServiceManagement: Registered android.hardware.cas@1.2::IMediaCasService/default
03-11 14:26:30.454   877   877 I HidlServiceManagement: Removing namespace from process name android.hardware.cas@1.2-service to cas@1.2-service.
03-11 14:26:30.455   890   890 E QConfig : Error Opening input file
03-11 14:26:30.455   890   890 I qconfigservice: Starting QConfig service...
03-11 14:26:30.456   872   872 D audiohalservice: Init hw binder with mem  size = 1024  
03-11 14:26:30.458   609   626 D spcomlib: [spcom_is_sp_subsystem_link_up] skp dev-node doesn't exist.
03-11 14:26:30.458   609   629 D spcomlib: [spcom_is_sp_subsystem_link_up] skp dev-node doesn't exist.
03-11 14:26:30.458   609   627 D spcomlib: [spcom_is_sp_subsystem_link_up] skp dev-node doesn't exist.
03-11 14:26:30.458   609   625 D spcomlib: [spcom_is_sp_subsystem_link_up] skp dev-node doesn't exist.
03-11 14:26:30.460   890   890 I HidlServiceManagement: Registered vendor.qti.hardware.qconfig@1.0::IQConfig/default
03-11 14:26:30.466   887   887 E android.hardware.thermal@2.0-service.qti: No thermal zone for sensor: quiet-therm-usr, ret:-1
03-11 14:26:30.466   883   883 I HidlServiceManagement: Registered android.hardware.memtrack@1.0::IMemtrack/default
03-11 14:26:30.466   875   875 I HidlServiceManagement: Registered android.hardware.bluetooth@1.0::IBluetoothHci/default
03-11 14:26:30.466   883   883 I HidlServiceManagement: Removing namespace from process name android.hardware.memtrack@1.0-service to memtrack@1.0-service.
03-11 14:26:30.467   883   883 I LegacySupport: Registration complete for android.hardware.memtrack@1.0::IMemtrack/default.
03-11 14:26:30.467   875   875 I HidlServiceManagement: Removing namespace from process name android.hardware.bluetooth@1.0-service-qti to bluetooth@1.0-service-qti.
03-11 14:26:30.467   875   875 I LegacySupport: Registration complete for android.hardware.bluetooth@1.0::IBluetoothHci/default.
03-11 14:26:30.467   875   875 I android.hardware.bluetooth@1.0-service: Registering ANT Service
03-11 14:26:30.467   574   574 I hwservicemanager: getTransport: Cannot find entry com.dsi.ant@1.0::IAnt/default in either framework or device manifest.
03-11 14:26:30.469   875   875 I com.dsi.ant@1.0-Ant: HIDL_FETCH_IAnt
03-11 14:26:30.469   892   892 I HidlServiceManagement: Registered vendor.lineage.powershare@1.0::IPowerShare/default
03-11 14:26:30.470   574   574 I hwservicemanager: getTransport: Cannot find entry com.dsi.ant@1.0::IAnt/default in either framework or device manifest.
03-11 14:26:30.470   892   892 I HidlServiceManagement: Removing namespace from process name vendor.lineage.powershare@1.0-service.xiaomi_sm8350 to powershare@1.0-service.xiaomi_sm8350.
03-11 14:26:30.470   892   892 I lineage.powershare@1.0-service.xiaomi_kona: PowerShare HAL service ready.
03-11 14:26:30.470   875   875 E HidlServiceManagement: Service com.dsi.ant@1.0::IAnt/default must be in VINTF manifest in order to register/get.
03-11 14:26:30.470   875   875 E LegacySupport: Could not register service com.dsi.ant@1.0::IAnt/default (-2147483648).
03-11 14:26:30.470   875   875 I android.hardware.bluetooth@1.0-service: Error while registering ANT service: -2147483648
03-11 14:26:30.470   875   875 I android.hardware.bluetooth@1.0-service: Registering SAR service
03-11 14:26:30.471   880   880 I android.hardware.gnss@2.1-service-qti: main
03-11 14:26:30.472   733   733 I ServiceManager: Waiting for service 'statscompanion' on '/dev/binder'...
03-11 14:26:30.472   609   627 D spcomlib: [spcom_is_sp_subsystem_link_up] skp dev-node doesn't exist.
03-11 14:26:30.472   609   629 D spcomlib: [spcom_is_sp_subsystem_link_up] skp dev-node doesn't exist.
03-11 14:26:30.472   875   875 E vendor.qti.hardware.bluetooth_sar@1.1-BluetoothSar: HIDL_FETCH_IBluetoothSar
03-11 14:26:30.474   875   875 I HidlServiceManagement: Registered vendor.qti.hardware.bluetooth_sar@1.1::IBluetoothSar/default
03-11 14:26:30.474   875   875 I LegacySupport: Registration complete for vendor.qti.hardware.bluetooth_sar@1.1::IBluetoothSar/default.
03-11 14:26:30.474   875   875 I android.hardware.bluetooth@1.0-service: Registering BT Config store Service
03-11 14:26:30.476   609   626 D spcomlib: [spcom_is_sp_subsystem_link_up] skp dev-node doesn't exist.
03-11 14:26:30.477   887   887 I HidlServiceManagement: Registered android.hardware.thermal@2.0::IThermal/default
03-11 14:26:30.477   887   887 I HidlServiceManagement: Removing namespace from process name android.hardware.thermal@2.0-service.qti to thermal@2.0-service.qti.
03-11 14:26:30.477   887   887 I thermal_hal: Thermal HAL Service 2.0 started successfully.
03-11 14:26:30.478   876   876 I android.hardware.camera.provider@2.4-service: CameraProvider@2.4 legacy service is starting.
03-11 14:26:30.479   609   625 D spcomlib: [spcom_is_sp_subsystem_link_up] skp dev-node doesn't exist.
03-11 14:26:30.480   894   894 D vendor.qti.esepowermanager@1.1-service: loading eseservice
03-11 14:26:30.480   894   894 D QSEECOMAPI: QSEECom_get_handle sb_length = 0x400
03-11 14:26:30.481   879   879 I HidlServiceManagement: Registered android.hardware.drm@1.3::IDrmFactory/widevine
03-11 14:26:30.481   879   879 I HidlServiceManagement: Removing namespace from process name android.hardware.drm@1.3-service.widevine to drm@1.3-service.widevine.
03-11 14:26:30.482   891   891 I HidlServiceManagement: Registered vendor.display.color@1.5::IDisplayColor/default
03-11 14:26:30.482   891   891 I HidlServiceManagement: Removing namespace from process name vendor.display.color@1.0-service to color@1.0-service.
03-11 14:26:30.483   875   875 I HidlServiceManagement: Registered vendor.qti.hardware.btconfigstore@2.0::IBTConfigStore/default
03-11 14:26:30.483   891   891 I HidlServiceManagement: Registered vendor.display.postproc@1.0::IDisplayPostproc/default
03-11 14:26:30.483   875   875 I LegacySupport: Registration complete for vendor.qti.hardware.btconfigstore@2.0::IBTConfigStore/default.
03-11 14:26:30.484   879   879 I HidlServiceManagement: Registered android.hardware.drm@1.3::ICryptoFactory/widevine
03-11 14:26:30.484   879   879 I HidlServiceManagement: Removing namespace from process name android.hardware.drm@1.3-service.widevine to drm@1.3-service.widevine.
03-11 14:26:30.484   886   886 E sensors.elliptic@2.0: Elliptic: SensorHAL_Interface()
03-11 14:26:30.484   886   886 I ultrasound: ultrasound_is_supported: hwversion = 6.19.0
03-11 14:26:30.485   894   894 D QSEECOMAPI: App is not loaded in QSEE
03-11 14:26:30.486   886   886 I Elliptic: guration.h(584) : I : Parsing configuration from /vendor/etc/elliptic_sensor.xml
03-11 14:26:30.486   886   886 I Elliptic: guration.h(540) : I : Adding sensor Elliptic Proximity to Sensor List
03-11 14:26:30.486   886   886 I Elliptic: sorHAL.cpp(87) : I : Elliptic SensorHAL. Version local local
03-11 14:26:30.486   894   894 D QSEECOMAPI: app_arch = 2, total_files = 9
03-11 14:26:30.486   886   912 E sensors.elliptic@2.0: Elliptic: RunPollThread()
03-11 14:26:30.487   878   878 I HidlServiceManagement: Registered android.hardware.drm@1.3::IDrmFactory/clearkey
03-11 14:26:30.487   878   878 I HidlServiceManagement: Removing namespace from process name android.hardware.drm@1.3-service.clearkey to drm@1.3-service.clearkey.
03-11 14:26:30.487   894   894 E ion     : ioctl c0044901 failed with code -1: Inappropriate ioctl for device
03-11 14:26:30.488   609   625 D spcomlib: [spcom_is_sp_subsystem_link_up] skp dev-node doesn't exist.
03-11 14:26:30.488   609   629 D spcomlib: [spcom_is_sp_subsystem_link_up] skp dev-node doesn't exist.
03-11 14:26:30.488   609   626 D spcomlib: [spcom_is_sp_subsystem_link_up] skp dev-node doesn't exist.
03-11 14:26:30.488   609   627 D spcomlib: [spcom_is_sp_subsystem_link_up] skp dev-node doesn't exist.
03-11 14:26:30.489   878   878 I HidlServiceManagement: Registered android.hardware.drm@1.3::ICryptoFactory/clearkey
03-11 14:26:30.489   878   878 I HidlServiceManagement: Removing namespace from process name android.hardware.drm@1.3-service.clearkey to drm@1.3-service.clearkey.
03-11 14:26:30.491   898   898 W dspservice: libminijail[898]: failed to get path of fd 3: No such file or directory
03-11 14:26:30.491   898   898 W dspservice: libminijail[898]: allowing syscall: connect
03-11 14:26:30.491   898   898 W dspservice: libminijail[898]: allowing syscall: fcntl
03-11 14:26:30.491   898   898 W dspservice: libminijail[898]: allowing syscall: sendto
03-11 14:26:30.491   898   898 W dspservice: libminijail[898]: allowing syscall: socket
03-11 14:26:30.491   898   898 W dspservice: libminijail[898]: allowing syscall: writev
03-11 14:26:30.491   898   898 W dspservice: libminijail[898]: logging seccomp filter failures
03-11 14:26:30.494   898   898 I HidlServiceManagement: Registered vendor.qti.hardware.dsp@1.0::IDspService/dspservice
03-11 14:26:30.494   905   905 E vendor.qti.hardware.iop@2.0-service: IIop HAL service main
03-11 14:26:30.497   895   895 I capabilityconfigstorehal: vendor::qti::hardware::capabilityconfigstore  service starts
03-11 14:26:30.502   609   627 D spcomlib: [spcom_is_sp_subsystem_link_up] skp dev-node doesn't exist.
03-11 14:26:30.502   609   629 D spcomlib: [spcom_is_sp_subsystem_link_up] skp dev-node doesn't exist.
03-11 14:26:30.507   609   626 D spcomlib: [spcom_is_sp_subsystem_link_up] skp dev-node doesn't exist.
03-11 14:26:30.509   609   625 D spcomlib: [spcom_is_sp_subsystem_link_up] skp dev-node doesn't exist.
03-11 14:26:30.513   909   909 I vendor.qti.hardware.qccvndhal@1.0-service: Start with vendor binder
03-11 14:26:30.513   901   901 D GPTEE   : [TEE_client_api.cpp:40 initTEEC] initTEEC
03-11 14:26:30.514   909   909 I vendor.qti.hardware.qccvndhal@1.0-service: Registering qccvndhal service...
03-11 14:26:30.515   901   901 I HidlServiceManagement: Registered vendor.qti.hardware.eid@1.0::IEid/default
03-11 14:26:30.515   901   901 I HidlServiceManagement: Removing namespace from process name vendor.qti.hardware.eid@1.0-service to eid@1.0-service.
03-11 14:26:30.516   574   574 I hwservicemanager: Since vendor.qti.hardware.perf@2.2::IPerf/default is not registered, trying to start it as a lazy HAL.
03-11 14:26:30.518   894   894 D QSEECOMAPI: Loaded image: APP id = 4
03-11 14:26:30.518   609   625 D spcomlib: [spcom_is_sp_subsystem_link_up] skp dev-node doesn't exist.
03-11 14:26:30.518   609   626 D spcomlib: [spcom_is_sp_subsystem_link_up] skp dev-node doesn't exist.
03-11 14:26:30.518   609   629 D spcomlib: [spcom_is_sp_subsystem_link_up] skp dev-node doesn't exist.
03-11 14:26:30.518   609   627 D spcomlib: [spcom_is_sp_subsystem_link_up] skp dev-node doesn't exist.
03-11 14:26:30.519   905   905 E ANDR-PERF: IPerf:: Perf HAL Service is not available.
03-11 14:26:30.519   574   574 I hwservicemanager: Since vendor.qti.hardware.perf@2.2::IPerf/default is not registered, trying to start it as a lazy HAL.
03-11 14:26:30.520   905   905 E ANDR-PERF: IPerf:: Perf HAL Service is not available.
03-11 14:26:30.520   894   894 D vendor.qti.esepowermanager@1.1-service: eSEPowerManager V1.1 is starting
03-11 14:26:30.523   905   905 I HidlServiceManagement: Registered vendor.qti.hardware.iop@2.0::IIop/default
03-11 14:26:30.523   905   905 I HidlServiceManagement: Removing namespace from process name vendor.qti.hardware.iop@2.0-service to iop@2.0-service.
03-11 14:26:30.523   905   905 E vendor.qti.hardware.iop@2.0-service: Registered IIop HAL service success!
--------- beginning of crash
03-11 14:26:30.524   919   919 F linker  : CANNOT LINK EXECUTABLE "/vendor/bin/hw/vendor.qti.hardware.trustedui@1.0-service-qti": library "vendor.qti.hardware.trustedui@1.1.so" not found: needed by main executable
03-11 14:26:30.525   909   909 I HidlServiceManagement: Registered vendor.qti.hardware.qccvndhal@1.0::IQccvndhal/qccvndhal
03-11 14:26:30.525   909   909 I HidlServiceManagement: Removing namespace from process name vendor.qti.hardware.qccvndhal@1.0-service to qccvndhal@1.0-service.
03-11 14:26:30.525   894   894 I HidlServiceManagement: Registered vendor.qti.esepowermanager@1.1::IEsePowerManager/default
03-11 14:26:30.525   894   894 I HidlServiceManagement: Removing namespace from process name vendor.qti.esepowermanager@1.1-service to esepowermanager@1.1-service.
03-11 14:26:30.525   894   894 I LegacySupport: Registration complete for vendor.qti.esepowermanager@1.1::IEsePowerManager/default.
03-11 14:26:30.528   574   925 W libc    : Unable to set property "ctl.interface_start" to "vendor.qti.hardware.perf@2.2::IPerf/default": error code: 0x20
03-11 14:26:30.533   914   914 I HidlServiceManagement: Registered vendor.qti.hardware.qteeconnector@1.0::IAppConnector/default
03-11 14:26:30.533   609   627 D spcomlib: [spcom_is_sp_subsystem_link_up] skp dev-node doesn't exist.
03-11 14:26:30.533   609   629 D spcomlib: [spcom_is_sp_subsystem_link_up] skp dev-node doesn't exist.
03-11 14:26:30.533   914   914 I HidlServiceManagement: Removing namespace from process name vendor.qti.hardware.qteeconnector@1.0-service to qteeconnector@1.0-service.
03-11 14:26:30.535   880   880 D LocSvc_LBSProxy: checkIfLocationExtendedClientExists] File does not Exist
03-11 14:26:30.536   872   872 I HidlServiceManagement: Registered android.hardware.audio@6.0::IDevicesFactory/default
03-11 14:26:30.536   872   872 I HidlServiceManagement: Removing namespace from process name android.hardware.audio.service to audio.service.
03-11 14:26:30.536   872   872 I LegacySupport: Registration complete for android.hardware.audio@6.0::IDevicesFactory/default.
03-11 14:26:30.537   914   914 I HidlServiceManagement: Registered vendor.qti.hardware.qteeconnector@1.0::IGPAppConnector/default
03-11 14:26:30.537   609   626 D spcomlib: [spcom_is_sp_subsystem_link_up] skp dev-node doesn't exist.
03-11 14:26:30.537   914   914 I HidlServiceManagement: Removing namespace from process name vendor.qti.hardware.qteeconnector@1.0-service to qteeconnector@1.0-service.
03-11 14:26:30.538   895   895 I capabilityconfigstorehal: start HIDL_FETCH_ICapabilityConfigStore
03-11 14:26:30.538   895   895 I capabilityconfigstorehal: Init of QTI configstorehal
03-11 14:26:30.539   880   880 E android.hardware.gnss@2.1-service-qti: cannot open file:/data/vendor/location/gps.prop
03-11 14:26:30.540   609   625 D spcomlib: [spcom_is_sp_subsystem_link_up] skp dev-node doesn't exist.
03-11 14:26:30.541   895   895 I capabilityconfigstorehal: Parsing config for /vendor/etc/configstore/wigig.xml
03-11 14:26:30.541   895   895 E capabilityconfigstorehal: starting to load xml file: '/vendor/etc/configstore/wigig.xml'
03-11 14:26:30.542   880   935 I LocSvc_api_v02: locClientOpen:2248]: Service instance id is -1
03-11 14:26:30.542   880   935 I LocSvc_api_v02: ---> locClientOpenInstance line 2123 loc client open
03-11 14:26:30.542   915   915 I SECURE-PROCESSOR: Starting qti-tee service instance
03-11 14:26:30.542   880   880 I HidlServiceManagement: Registered android.hardware.gnss@2.1::IGnss/default
03-11 14:26:30.543   880   880 I HidlServiceManagement: Removing namespace from process name android.hardware.gnss@2.1-service-qti to gnss@2.1-service-qti.
03-11 14:26:30.543   880   880 I LegacySupport: Registration complete for android.hardware.gnss@2.1::IGnss/default.
03-11 14:26:30.543   915   915 I SECURE-PROCESSOR-FACTORY: CreateSecureProcessor: Create Secure Processor type qti-tee
03-11 14:26:30.543   922   922 W vendor.qti.qspmhal@1.0-service: libminijail[922]: failed to get path of fd 3: No such file or directory
03-11 14:26:30.543   922   922 W vendor.qti.qspmhal@1.0-service: libminijail[922]: allowing syscall: connect
03-11 14:26:30.543   922   922 W vendor.qti.qspmhal@1.0-service: libminijail[922]: allowing syscall: fcntl
03-11 14:26:30.543   922   922 W vendor.qti.qspmhal@1.0-service: libminijail[922]: allowing syscall: sendto
03-11 14:26:30.543   922   922 W vendor.qti.qspmhal@1.0-service: libminijail[922]: allowing syscall: socket
03-11 14:26:30.543   922   922 W vendor.qti.qspmhal@1.0-service: libminijail[922]: allowing syscall: writev
03-11 14:26:30.543   922   922 W vendor.qti.qspmhal@1.0-service: libminijail[922]: compile_file: <fd>(69): nonexistent syscall 'sigreturn'
03-11 14:26:30.543   922   922 W vendor.qti.qspmhal@1.0-service: libminijail[922]: compile_file: <fd>(75): nonexistent syscall 'geteuid32'
03-11 14:26:30.543   922   922 W vendor.qti.qspmhal@1.0-service: libminijail[922]: compile_file: <fd>(76): nonexistent syscall 'getgid32'
03-11 14:26:30.543   922   922 W vendor.qti.qspmhal@1.0-service: libminijail[922]: compile_file: <fd>(77): nonexistent syscall 'getegid32'
03-11 14:26:30.543   922   922 W vendor.qti.qspmhal@1.0-service: libminijail[922]: compile_file: <fd>(78): nonexistent syscall 'getgroups32'
03-11 14:26:30.543   922   922 W vendor.qti.qspmhal@1.0-service: libminijail[922]: logging seccomp filter failures
03-11 14:26:30.544   893   893 I HidlServiceManagement: Registered android.hardware.nfc@1.2::INfc/default
03-11 14:26:30.545   915   915 I HidlServiceManagement: Registered vendor.qti.hardware.secureprocessor.device@1.0::ISecureProcessor/qti-tee
03-11 14:26:30.546   915   915 I SECURE-PROCESSOR: Started qti-tee service instance
03-11 14:26:30.546   917   917 I HidlServiceManagement: Registered vendor.qti.hardware.servicetracker@1.2::IServicetracker/default
03-11 14:26:30.546   917   917 I HidlServiceManagement: Removing namespace from process name vendor.qti.hardware.servicetracker@1.2-service to servicetracker@1.2-service.
03-11 14:26:30.546   893   893 I HidlServiceManagement: Registered vendor.nxp.hardware.nfc@2.0::INqNfc/default
03-11 14:26:30.546   574   574 I hwservicemanager: Since android.hardware.health@2.1::IHealth/default is not registered, trying to start it as a lazy HAL.
03-11 14:26:30.546   917   917 I LegacySupport: Registration complete for vendor.qti.hardware.servicetracker@1.2::IServicetracker/default.
03-11 14:26:30.546   893   893 I HidlServiceManagement: Removing namespace from process name vendor.nxp.hardware.nfc@2.0-service to nfc@2.0-service.
03-11 14:26:30.547   886   886 I android.hardwar: type=1400 audit(0.0:13): avc: denied { read } for name="u:object_r:default_prop:s0" dev="tmpfs" ino=28146 scontext=u:r:hal_sensors_default:s0 tcontext=u:object_r:default_prop:s0 tclass=file permissive=1
03-11 14:26:30.547   886   886 I android.hardwar: type=1400 audit(0.0:14): avc: denied { open } for path="/dev/__properties__/u:object_r:default_prop:s0" dev="tmpfs" ino=28146 scontext=u:r:hal_sensors_default:s0 tcontext=u:object_r:default_prop:s0 tclass=file permissive=1
03-11 14:26:30.547   886   886 I android.hardwar: type=1400 audit(0.0:15): avc: denied { getattr } for path="/dev/__properties__/u:object_r:default_prop:s0" dev="tmpfs" ino=28146 scontext=u:r:hal_sensors_default:s0 tcontext=u:object_r:default_prop:s0 tclass=file permissive=1
03-11 14:26:30.547   886   886 I android.hardwar: type=1400 audit(0.0:16): avc: denied { map } for path="/dev/__properties__/u:object_r:default_prop:s0" dev="tmpfs" ino=28146 scontext=u:r:hal_sensors_default:s0 tcontext=u:object_r:default_prop:s0 tclass=file permissive=1
03-11 14:26:30.547   574   574 I hwservicemanager: Since android.hardware.health@2.1::IHealth/default is not registered, trying to start it as a lazy HAL.
03-11 14:26:30.548   880   939 I HidlServiceManagement: getService: Trying again for android.hardware.health@2.1::IHealth/default...
03-11 14:26:30.548   918   918 D QSEECOMAPI: QSEECom_get_handle sb_length = 0x2800
03-11 14:26:30.548   918   918 D QSEECOMAPI: App is not loaded in QSEE
03-11 14:26:30.548   609   629 D spcomlib: [spcom_is_sp_subsystem_link_up] skp dev-node doesn't exist.
03-11 14:26:30.548   609   625 D spcomlib: [spcom_is_sp_subsystem_link_up] skp dev-node doesn't exist.
03-11 14:26:30.548   609   627 D spcomlib: [spcom_is_sp_subsystem_link_up] skp dev-node doesn't exist.
03-11 14:26:30.549   609   626 D spcomlib: [spcom_is_sp_subsystem_link_up] skp dev-node doesn't exist.
03-11 14:26:30.549   922   922 I HidlServiceManagement: Registered vendor.qti.qspmhal@1.0::IQspmhal/default
03-11 14:26:30.549   922   922 I HidlServiceManagement: Removing namespace from process name vendor.qti.qspmhal@1.0-service to qspmhal@1.0-service.
03-11 14:26:30.550   918   918 D QSEECOMAPI: app_arch = 2, total_files = 9
03-11 14:26:30.551   918   918 E ion     : ioctl c0044901 failed with code -1: Inappropriate ioctl for device
03-11 14:26:30.551   886   886 E sensors : ambient_light_pri2_strm_module_init:65, enter ambient_light_pri2_strm_module_init
03-11 14:26:30.551   886   886 E sensors : ambient_light_pri2_strm_module_init:69, exit ambient_light_pri2_strm_module_init
03-11 14:26:30.551   886   886 E sensors : ambient_light_strm_secondary_module_init:66, enter ambient_light_strm_secondary_module_init
03-11 14:26:30.551   886   886 E sensors : ambient_light_strm_secondary_module_init:70, exit ambient_light_strm_secondary_module_init
03-11 14:26:30.552   920   920 D vendor.qti.vibrator: not a qcom/qti haptics device
03-11 14:26:30.552   886   886 I sensors : screen_down_module_init:60, product name = renoir
03-11 14:26:30.552   886   886 I sensors : sensors_hw_module:139, create sensors sub-hal instance
03-11 14:26:30.552   886   886 I sensors-hal: get_system_config:63, log_level: 2
03-11 14:26:30.552   886   886 I sensors-hal: is_rt_thread_enabled:82, ssc_enable_rt_task : true
03-11 14:26:30.552   886   886 I sensors-hal: get_sync_request_config:123, enable sync_request : true
03-11 14:26:30.552   886   886 I sensors-hal: get_on_change_sp_config:134, enable sync_request : true
03-11 14:26:30.552   886   886 I sensors-hal: sensors_hal:172, initializing sensors_hal
03-11 14:26:30.552   886   886 I sensors-hal: get_sns_settings:198, settings 0
03-11 14:26:30.552   920   920 D vendor.qti.vibrator: not a qcom/qti haptics device
03-11 14:26:30.552   886   886 I sensors-hal: get_qmi_debug_flag:241, support_qmi_debug : false
03-11 14:26:30.552   920   920 I vendor.qti.vibrator: qcom-hv-haptics is detected at /dev/input/event1
03-11 14:26:30.554   573   573 I servicemanager: Found android.hardware.vibrator.IVibrator/default in device VINTF manifest.
03-11 14:26:30.554   886   886 I sensors-hal: is_registry_up:298, Remote SensorService UpTime from hal_service start = 0.002455s
03-11 14:26:30.560   895   895 I capabilityconfigstorehal: Parsing config for /vendor/etc/configstore/vpp.configstore.xml
03-11 14:26:30.560   895   895 E capabilityconfigstorehal: starting to load xml file: '/vendor/etc/configstore/vpp.configstore.xml'
03-11 14:26:30.560   941   941 I irsc_util: Starting irsc tool
03-11 14:26:30.560   884   884 I android.hardware.neuralnetworks@1.3-service: nnhal main 1.3-13:build_lahaina
03-11 14:26:30.563   609   627 D spcomlib: [spcom_is_sp_subsystem_link_up] skp dev-node doesn't exist.
