03-11 14:26:30.563   609   629 D spcomlib: [spcom_is_sp_subsystem_link_up] skp dev-node doesn't exist.
03-11 14:26:30.564   906   906 I vendor.qti.hardware.perf@2.2-service: TargetConfig Init Complete
03-11 14:26:30.565   872   872 I HidlServiceManagement: Registered android.hardware.audio.effect@6.0::IEffectsFactory/default
03-11 14:26:30.565   872   872 I LegacySupport: Registration complete for android.hardware.audio.effect@6.0::IEffectsFactory/default.
03-11 14:26:30.566   895   895 I HidlServiceManagement: Registered vendor.qti.hardware.capabilityconfigstore@1.0::ICapabilityConfigStore/default
03-11 14:26:30.567   895   895 I HidlServiceManagement: Removing namespace from process name vendor.qti.hardware.capabilityconfigstore@1.0-service to capabilityconfigstore@1.0-service.
03-11 14:26:30.567   895   895 I LegacySupport: Registration complete for vendor.qti.hardware.capabilityconfigstore@1.0::ICapabilityConfigStore/default.
03-11 14:26:30.568   941   941 I irsc_util: Num of entries:298
03-11 14:26:30.568   941   941 E irsc_util: irsc_feed_config: Security config ioctl failed
03-11 14:26:30.568   941   941 I irsc_util: Ending irsc tool
03-11 14:26:30.568   609   626 D spcomlib: [spcom_is_sp_subsystem_link_up] skp dev-node doesn't exist.
03-11 14:26:30.568   896   896 I HidlServiceManagement: Registered vendor.qti.hardware.display.allocator@3.0::IQtiAllocator/default
03-11 14:26:30.568   896   896 I HidlServiceManagement: Removing namespace from process name vendor.qti.hardware.display.allocator-service to allocator-service.
03-11 14:26:30.569   896   896 I qdgralloc: Initialized qti-allocator 3
03-11 14:26:30.569   945   945 E lowirpcd: vendor/qcom/proprietary/wlan/utils/lowirpcd/src/lowirpcd.cpp:88:lowirpscd daemon starting
03-11 14:26:30.569   945   945 E lowirpcd: vendor/qcom/proprietary/wlan/utils/lowirpcd/src/lowirpcd.cpp:94:Do not start for lowirpscd when SLPI Proc is not present
03-11 14:26:30.570   609   625 D spcomlib: [spcom_is_sp_subsystem_link_up] skp dev-node doesn't exist.
03-11 14:26:30.570   896   896 I HidlServiceManagement: Registered vendor.qti.hardware.display.allocator@4.0::IQtiAllocator/default
03-11 14:26:30.570   896   896 I HidlServiceManagement: Removing namespace from process name vendor.qti.hardware.display.allocator-service to allocator-service.
03-11 14:26:30.570   896   896 I qdgralloc: Initialized qti-allocator 4
03-11 14:26:30.572   733   733 I ServiceManager: Waiting for service 'statscompanion' on '/dev/binder'...
03-11 14:26:30.574   889   889 I android.hardware.wifi@1.0-service: Wifi Hal is booting up...
03-11 14:26:30.576   889   889 I HidlServiceManagement: Registered android.hardware.wifi@1.4::IWifi/default
03-11 14:26:30.576   889   889 I HidlServiceManagement: Removing namespace from process name android.hardware.wifi@1.0-service to wifi@1.0-service.
03-11 14:26:30.577   735   735 D zygote64: Time zone APEX ICU file found: /apex/com.android.tzdata/etc/icu/icu_tzdata.dat
03-11 14:26:30.577   736   736 D zygote  : Time zone APEX ICU file found: /apex/com.android.tzdata/etc/icu/icu_tzdata.dat
03-11 14:26:30.578   949   949 I PerMgrSrv: Adding entry for modem : offTimeout : 500 ackTimeout : 200
03-11 14:26:30.578   897   897 I SDM     : Creating Display HW Composer HAL
03-11 14:26:30.579   609   627 D spcomlib: [spcom_is_sp_subsystem_link_up] skp dev-node doesn't exist.
03-11 14:26:30.579   897   897 I SDM     : ProcessState initialization completed
03-11 14:26:30.579   609   629 D spcomlib: [spcom_is_sp_subsystem_link_up] skp dev-node doesn't exist.
03-11 14:26:30.579   609   625 D spcomlib: [spcom_is_sp_subsystem_link_up] skp dev-node doesn't exist.
03-11 14:26:30.579   897   897 I SDM     : Scheduler priority settings completed
03-11 14:26:30.579   897   897 I SDM     : Initializing QtiComposer
03-11 14:26:30.579   609   626 D spcomlib: [spcom_is_sp_subsystem_link_up] skp dev-node doesn't exist.
03-11 14:26:30.579   897   897 I SDM     : HWCSession::Init: Initializing HWCSession
03-11 14:26:30.579   897   897 I SDM     : HWCSession::Init: HWCUEvent initialization confirmed to be completed
03-11 14:26:30.579   897   897 I SDM     : HWCSession::Init: Initializing QService
03-11 14:26:30.579   897   897 I qdqservice: Creating defaultServiceManager
03-11 14:26:30.580   897   897 I qdqservice: Creating defaultServiceManager...done!
03-11 14:26:30.580   897   897 I qdqservice: Adding display.qservice to defaultServiceManager
03-11 14:26:30.582   736   736 D zygote  : I18n APEX ICU file found: /apex/com.android.i18n/etc/icu/icudt66l.dat
03-11 14:26:30.582   735   735 D zygote64: I18n APEX ICU file found: /apex/com.android.i18n/etc/icu/icudt66l.dat
03-11 14:26:30.582   897   897 I qdqservice: Adding display.qservice to defaultServiceManager...done!
03-11 14:26:30.582   897   897 I qdqservice: Adding display.qservice succeeded
03-11 14:26:30.582   897   897 I SDM     : HWCSession::Init: Initializing QService...done!
03-11 14:26:30.582   897   897 I SDM     : HWCSession::Init: Getting IQService
03-11 14:26:30.582   897   897 I SDM     : HWCSession::Init: Getting IQService...done!
03-11 14:26:30.582   897   897 I SDM     : HWCSession::Init: Acquired display.qservice
03-11 14:26:30.583   897   897 I SDM     : HWCSession::Init: null_display_mode_: 0
03-11 14:26:30.583   897   897 I SDM     : HWCSession::Init: disable_hotplug_bwcheck_: 0
03-11 14:26:30.583   897   897 I SDM     : HWCSession::Init: disable_mask_layer_hint_: 0
03-11 14:26:30.583   897   897 I SDM     : HWCSession::Register: Set uevent listener = 0xb400007e3ef428a0
03-11 14:26:30.583   897   897 I SDM     : HWCSession::Init: Registered HWCSession as the HWCUEvent handler
03-11 14:26:30.583   897   897 I SDM     : HWCSession::Init: builtin_powermode_override: 0
03-11 14:26:30.583   897   897 I SDM     : HWCSession::Init: async_vds_creation: 0
03-11 14:26:30.583   897   897 I SDM     : HWCSession::Init: Initializing supported display slots
03-11 14:26:30.583   897   897 W SDM     : IPCImpl::Init: Unable to load = libqrtrclient.so, error = dlopen failed: library "libqrtrclient.so" not found
03-11 14:26:30.587   949   949 I PerMgrSrv: Peripheral Mananager service start
03-11 14:26:30.587   949   949 I PerMgrSrv: power-off timeout 500,ms; event-ack timeout 200,ms; debug-mode false
03-11 14:26:30.587   949   949 I PerMgrSrv: Statistics for : modem
03-11 14:26:30.587   949   949 I PerMgrSrv: modem: Current State : is off-line
03-11 14:26:30.587   949   949 I PerMgrSrv: modem: Voter/Listener count : 0/0
03-11 14:26:30.587   949   949 I PerMgrSrv: modem: Power on count : 0
03-11 14:26:30.587   949   949 I PerMgrSrv: modem: Power off count: 0
03-11 14:26:30.587   949   949 I PerMgrSrv: modem: Client list:
03-11 14:26:30.588   949   965 I PerMgrSrv: QMI service start
03-11 14:26:30.591   918   918 D QSEECOMAPI: Loaded image: APP id = 5
03-11 14:26:30.591   946   946 I pd-mapper-svc: Starting pd-mapper service
03-11 14:26:30.592   946   946 I pd-mapper-svc: Parsing file :/vendor/firmware_mnt/image/adspr.jsn:
03-11 14:26:30.593   952   952 I MSM-irqbalance: msm-irq_balance (1.3) initialized
03-11 14:26:30.593   952   952 I MSM-irqbalance: Configuration
03-11 14:26:30.593   952   952 I MSM-irqbalance: Rate: 0.2 Hz
03-11 14:26:30.593   952   952 I MSM-irqbalance: Decay Factor: 75.0
03-11 14:26:30.593   952   952 I MSM-irqbalance: Balancing Factor: 0.1
03-11 14:26:30.593   952   952 I MSM-irqbalance: Debug Log: OFF
03-11 14:26:30.593   952   952 I MSM-irqbalance: Cfg file: /system/vendor/etc/msm_irqbalance.conf
03-11 14:26:30.593   952   952 I MSM-irqbalance: CPU PRIO: CPU0: 1 CPU1: 1 CPU2: 1 CPU3: 1 CPU4: 0 CPU5: 0 CPU6: 0 CPU7: 0 
03-11 14:26:30.593   952   952 I MSM-irqbalance: Ignored IRQs: 3 11 5 
03-11 14:26:30.593   609   627 D spcomlib: [spcom_is_sp_subsystem_link_up] skp dev-node doesn't exist.
03-11 14:26:30.593   609   629 D spcomlib: [spcom_is_sp_subsystem_link_up] skp dev-node doesn't exist.
03-11 14:26:30.595   574   927 W libc    : Unable to set property "ctl.interface_start" to "vendor.qti.hardware.perf@2.2::IPerf/default": error code: 0x20
03-11 14:26:30.596   574   944 W libc    : Unable to set property "ctl.interface_start" to "android.hardware.health@2.1::IHealth/default": error code: 0x20
03-11 14:26:30.597   574   943 W libc    : Unable to set property "ctl.interface_start" to "android.hardware.health@2.1::IHealth/default": error code: 0x20
03-11 14:26:30.598   609   626 D spcomlib: [spcom_is_sp_subsystem_link_up] skp dev-node doesn't exist.
03-11 14:26:30.599   906   906 E vendor.qti.hardware.perf@2.2-service: LM enabled : Loading liblearningmodule.so
03-11 14:26:30.599   880   880 I LocSvc_HIDL_vendor.qti.gnss@4.0-service: main
03-11 14:26:30.599   946   946 I pd-mapper-svc: Parsing file :/vendor/firmware_mnt/image/adsps.jsn:
03-11 14:26:30.600   609   625 D spcomlib: [spcom_is_sp_subsystem_link_up] skp dev-node doesn't exist.
03-11 14:26:30.601   946   946 I pd-mapper-svc: Parsing file :/vendor/firmware_mnt/image/adspua.jsn:
03-11 14:26:30.601   929   929 I vppservice: vendor/qcom/proprietary/adsprpc/src/rpcmem_android.c:158: rpcmem_init_internal: opened ION device fd 3, configured heap IDs: system (0x2000000), contig (0x10), secure (0x400), secure flags (0x80080000)
03-11 14:26:30.602   926   926 D GPTEE   : [TEE_client_api.cpp:40 initTEEC] initTEEC
03-11 14:26:30.602   946   946 I pd-mapper-svc: Parsing file :/vendor/firmware_mnt/image/battmgr.jsn:
03-11 14:26:30.602   929   929 I vppservice: vendor/qcom/proprietary/adsprpc/src/fastrpc_apps_user.c:2847: fastrpc_apps_user_init done
03-11 14:26:30.602   926   926 E GPQeSE-HAL: vendor::qti::secure_element V1.2 service starts
03-11 14:26:30.602   929   929 I vpp-ipc : Starting vppservice...
03-11 14:26:30.602   926   926 D GPQeSE-HAL: checkEseClientUpdate enter:  
03-11 14:26:30.602   926   926 E vendor.qti.secure_element@1.2-service: Check_HalStart_Entry: enter:  
03-11 14:26:30.602   926   926 E vendor.qti.secure_element@1.2-service: jcopOsUpdateRequired : file not exits for reading
03-11 14:26:30.602   926   926 E vendor.qti.secure_element@1.2-service: Error opening status file
03-11 14:26:30.602   946   946 I pd-mapper-svc: Parsing file :/vendor/firmware_mnt/image/cdspr.jsn:
03-11 14:26:30.602   929   929 I vppservice: vendor/qcom/proprietary/adsprpc/src/fastrpc_apps_user.c:2409: Successfully opened /vendor/dsp/cdsp/fastrpc_shell_33
03-11 14:26:30.602   929   929 I vppservice: vendor/qcom/proprietary/adsprpc/src/fastrpc_config.c:135: Reading configuration file: vppservice.debugconfig
03-11 14:26:30.602   929   929 I vppservice: vendor/qcom/proprietary/adsprpc/src/fastrpc_config.c:59: fastrpc_read_config_file_from_path: Couldn't find file: /vendor/lib/rfsa/adsp/vppservice.debugconfig
03-11 14:26:30.602   929   929 I vppservice: vendor/qcom/proprietary/adsprpc/src/fastrpc_config.c:107: Error 45: failed for /vendor/lib/rfsa/adsp/vppservice.debugconfig with errno(No such file or directory)
03-11 14:26:30.602   929   929 I vppservice: vendor/qcom/proprietary/adsprpc/src/fastrpc_config.c:59: fastrpc_read_config_file_from_path: Couldn't find file: /vendor/dsp/cdsp/vppservice.debugconfig
03-11 14:26:30.602   929   929 I vppservice: vendor/qcom/proprietary/adsprpc/src/fastrpc_config.c:107: Error 45: failed for /vendor/dsp/cdsp/vppservice.debugconfig with errno(No such file or directory)
03-11 14:26:30.602   929   929 I vppservice: vendor/qcom/proprietary/adsprpc/src/fastrpc_config.c:59: fastrpc_read_config_file_from_path: Couldn't find file: /vendor/dsp/vppservice.debugconfig
03-11 14:26:30.602   929   929 I vppservice: vendor/qcom/proprietary/adsprpc/src/fastrpc_config.c:107: Error 45: failed for /vendor/dsp/vppservice.debugconfig with errno(No such file or directory)
03-11 14:26:30.602   884   884 E android.hardware.neuralnetworks@1.3-service: cannot load function CreateAccelerator for unnhal-acc-gpu.so
03-11 14:26:30.603   926   926 I vendor.qti.secu: type=1400 audit(0.0:17): avc: denied { search } for name="nfc" dev="dm-6" ino=240 scontext=u:r:hal_secure_element_default:s0 tcontext=u:object_r:vendor_nfc_vendor_data_file:s0 tclass=dir permissive=1
03-11 14:26:30.603   946   946 I pd-mapper-svc: Parsing file :/vendor/firmware_mnt/image/modemr.jsn:
03-11 14:26:30.603   929   929 E ion     : ioctl c0044901 failed with code -1: Inappropriate ioctl for device
03-11 14:26:30.604   946   971 I pd-mapper-svc: Starting servloc server
03-11 14:26:30.606   906   906 I HidlServiceManagement: Registered vendor.qti.hardware.perf@2.2::IPerf/default
03-11 14:26:30.606   918   918 D vendor.qti.hardware.soter@1.0-service: soter: svc service starting.
03-11 14:26:30.606   962   962 I vendor.rmt_storage: Modem subsystem found on target!
03-11 14:26:30.606   906   906 I HidlServiceManagement: Removing namespace from process name vendor.qti.hardware.perf@2.2-service to perf@2.2-service.
03-11 14:26:30.606   906   906 E vendor.qti.hardware.perf@2.2-service: Registered IPerf HAL service success!
03-11 14:26:30.607   962   962 I vendor.rmt_storage: Shared memory initialised successfully.
03-11 14:26:30.607   962   962 I vendor.rmt_storage: Registering modemst1: 0x4a /boot/modem_fs1
03-11 14:26:30.607   962   962 I vendor.rmt_storage: Registering modemst2: 0x4b /boot/modem_fs2
03-11 14:26:30.607   962   962 I vendor.rmt_storage: Registering fsc: 0xff /boot/modem_fsc
03-11 14:26:30.607   962   962 I vendor.rmt_storage: Registering fsg: 0x58 /boot/modem_fsg
03-11 14:26:30.607   962   962 I vendor.rmt_storage: 4 GPT partitions found
03-11 14:26:30.607   962   962 I vendor.rmt_storage: Capset success!
03-11 14:26:30.607   918   918 I HidlServiceManagement: Registered vendor.qti.hardware.soter@1.0::ISoter/default
03-11 14:26:30.607   574   574 I hw-BpHwBinder: onLastStrongRef automatically unlinking death recipients
03-11 14:26:30.607   918   918 I HidlServiceManagement: Removing namespace from process name vendor.qti.hardware.soter@1.0-service to soter@1.0-service.
03-11 14:26:30.607   918   918 E vendor.qti.hardware.soter@1.0-service: Registered SOTER HAL service success
03-11 14:26:30.607   906   906 E vendor.qti.hardware.perf@2.2-service: A callback has been registered to PerfHAL 
03-11 14:26:30.608   926   926 E vendor.qti.secure_element@1.2-service: readConfig Cannot open config file /etc/libnfc-brcm.conf
03-11 14:26:30.608   926   926 D vendor.qti.secure_element@1.2-service: readNxpTransitConfig-Enter..Reading /data/vendor/nfc/libnfc-nxpTransit.conf
03-11 14:26:30.608   926   926 E vendor.qti.secure_element@1.2-service: readConfig Cannot open config file /data/vendor/nfc/libnfc-nxpTransit.conf
03-11 14:26:30.608   926   926 D vendor.qti.secure_element@1.2-service: readNxpRFConfig-Enter..Reading /system/vendor/libnfc-nxp_RF.conf
03-11 14:26:30.608   926   926 E vendor.qti.secure_element@1.2-service: readConfig Cannot open config file /system/vendor/libnfc-nxp_RF.conf
03-11 14:26:30.608   926   926 E vendor.qti.secure_element@1.2-service: Jcop update not required  
03-11 14:26:30.608   926   926 E vendor.qti.secure_element@1.2-service:  LS update not required  
03-11 14:26:30.609   609   627 D spcomlib: [spcom_is_sp_subsystem_link_up] skp dev-node doesn't exist.
03-11 14:26:30.609   609   629 D spcomlib: [spcom_is_sp_subsystem_link_up] skp dev-node doesn't exist.
03-11 14:26:30.609   609   626 D spcomlib: [spcom_is_sp_subsystem_link_up] skp dev-node doesn't exist.
03-11 14:26:30.609   609   625 D spcomlib: [spcom_is_sp_subsystem_link_up] skp dev-node doesn't exist.
03-11 14:26:30.611   968   968 I tftp_server: Initializing tftp_server RING buffer
03-11 14:26:30.611   968   968 I tftp_server: Starting...
03-11 14:26:30.611   926   926 I HidlServiceManagement: Registered android.hardware.secure_element@1.2::ISecureElement/eSE1
03-11 14:26:30.611   926   926 D GPQeSE-HAL: perform_eSEClientUpdate enter:  
03-11 14:26:30.612   897   897 I SDM     : HWInfoDRM::GetHWPlanesInfo: Adding VIG Pipe : Id 70, master_pipe_id : Id 0 block_sec_ui: 1
03-11 14:26:30.612   897   897 I SDM     : HWInfoDRM::GetHWPlanesInfo: Adding VIG Pipe : Id 90, master_pipe_id : Id 0 block_sec_ui: 1
03-11 14:26:30.612   897   897 I SDM     : HWInfoDRM::GetHWPlanesInfo: Adding DMA Pipe : Id 93, master_pipe_id : Id 0 block_sec_ui: 0
03-11 14:26:30.612   897   897 I SDM     : HWInfoDRM::GetHWPlanesInfo: Adding DMA Pipe : Id 99, master_pipe_id : Id 0 block_sec_ui: 1
03-11 14:26:30.612   897   897 I SDM     : HWInfoDRM::GetHWPlanesInfo: Adding DMA Pipe : Id 102, master_pipe_id : Id 0 block_sec_ui: 1
03-11 14:26:30.612   897   897 I SDM     : HWInfoDRM::GetHWPlanesInfo: Adding DMA Pipe : Id 105, master_pipe_id : Id 93 block_sec_ui: 0
03-11 14:26:30.612   897   897 I SDM     : HWInfoDRM::GetHWPlanesInfo: Adding DMA Pipe : Id 109, master_pipe_id : Id 99 block_sec_ui: 1
03-11 14:26:30.612   897   897 I SDM     : HWInfoDRM::GetHWPlanesInfo: Adding DMA Pipe : Id 112, master_pipe_id : Id 102 block_sec_ui: 1
03-11 14:26:30.612   897   897 I SDM     : HWInfoDRM::GetHWPlanesInfo: Adding DMA Pipe : Id 115, master_pipe_id : Id 70 block_sec_ui: 1
03-11 14:26:30.612   897   897 I SDM     : HWInfoDRM::GetHWPlanesInfo: Adding DMA Pipe : Id 118, master_pipe_id : Id 90 block_sec_ui: 1
03-11 14:26:30.613   897   897 I SDM     : HWInfoDRM::GetHWResourceInfo: Destination scaler found. Block count = 2.
03-11 14:26:30.613   897   897 I SDM     : HWInfoDRM::GetHWResourceInfo: Max plane width = 4096
03-11 14:26:30.613   897   897 I SDM     : HWInfoDRM::GetHWResourceInfo: Max cursor width = 128
03-11 14:26:30.613   897   897 I SDM     : HWInfoDRM::GetHWResourceInfo: Max plane upscale = 20
03-11 14:26:30.613   897   897 I SDM     : HWInfoDRM::GetHWResourceInfo: Max plane downscale = 4
03-11 14:26:30.613   897   897 I SDM     : HWInfoDRM::GetHWResourceInfo: Has Decimation = 0
03-11 14:26:30.613   897   897 I SDM     : HWInfoDRM::GetHWResourceInfo: Max Blending Stages = 9
03-11 14:26:30.613   897   897 I SDM     : HWInfoDRM::GetHWResourceInfo: Has Source Split = 1
03-11 14:26:30.613   897   897 I SDM     : HWInfoDRM::GetHWResourceInfo: Has QSEED3 = 1
03-11 14:26:30.613   897   897 I SDM     : HWInfoDRM::GetHWResourceInfo: Has UBWC = 1
03-11 14:26:30.613   897   897 I SDM     : HWInfoDRM::GetHWResourceInfo: Has Micro Idle = 0
03-11 14:26:30.613   897   897 I SDM     : HWInfoDRM::GetHWResourceInfo: Has Concurrent Writeback = 1
03-11 14:26:30.613   897   897 I SDM     : HWInfoDRM::GetHWResourceInfo: Tap Points: 0 1 
03-11 14:26:30.613   897   897 I SDM     : HWInfoDRM::GetHWResourceInfo: Has Src Tonemap = 6
03-11 14:26:30.613   897   897 I SDM     : HWInfoDRM::GetHWResourceInfo: Max Low Bw = 5900000
03-11 14:26:30.613   897   897 I SDM     : HWInfoDRM::GetHWResourceInfo: Max High Bw = 13500000
03-11 14:26:30.613   897   897 I SDM     : HWInfoDRM::GetHWResourceInfo: Max Pipe Bw = 4300000 KBps
03-11 14:26:30.613   897   897 I SDM     : HWInfoDRM::GetHWResourceInfo: Max Pipe Bw High= 4300000 KBps
03-11 14:26:30.613   897   897 I SDM     : HWInfoDRM::GetHWResourceInfo: MaxSDEClock = 460000000 Hz
03-11 14:26:30.613   897   897 I SDM     : HWInfoDRM::GetHWResourceInfo: Clock Fudge Factor = 1.050000
03-11 14:26:30.613   897   897 I SDM     : HWInfoDRM::GetHWResourceInfo: Prefill factors:
03-11 14:26:30.613   897   897 I SDM     : HWInfoDRM::GetHWResourceInfo: 	Tiled_NV12 = 8
03-11 14:26:30.613   897   897 I SDM     : HWInfoDRM::GetHWResourceInfo: 	Tiled = 4
03-11 14:26:30.613   897   897 I SDM     : HWInfoDRM::GetHWResourceInfo: 	Linear = 1
03-11 14:26:30.613   897   897 I SDM     : HWInfoDRM::GetHWResourceInfo: 	Scale = 1
03-11 14:26:30.613   897   897 I SDM     : HWInfoDRM::GetHWResourceInfo: 	Fudge_factor = 2
03-11 14:26:30.613   897   897 I SDM     : HWInfoDRM::GetHWResourceInfo: 	ib_fudge_factor = 6.000000
03-11 14:26:30.613   897   897 I SDM     : HWInfoDRM::GetHWRotatorInfo: V4L2 Rotator: Count = 0, Downscale = 0, Min_downscale = 2.000000,Downscale_compression = 0, Max_line_width = 0
03-11 14:26:30.614   897   897 I SDM     : HWInfoDRM::GetHWResourceInfo: Has Support for multiple bw limits shown below
03-11 14:26:30.614   897   897 I SDM     : HWInfoDRM::GetHWResourceInfo: Mode-index=0  total_bw_limit=13500000 and pipe_bw_limit=4300000
03-11 14:26:30.614   897   897 I SDM     : HWInfoDRM::GetHWResourceInfo: Mode-index=1  total_bw_limit=5900000 and pipe_bw_limit=4300000
03-11 14:26:30.614   897   897 I SDM     : PipeAllocDrm::Init: Smart DMA: Enabled
03-11 14:26:30.614   897   897 I SDM     : PipeAllocDrm::Init: Pipe Priority Order: Disabled
03-11 14:26:30.614   897   897 I SDM     : PipeAllocDrm::Init: Prefer multirect Disabled
03-11 14:26:30.614   897   897 I SDM     : PipeAllocDrm::Init: pipe->type = 1 Real pipe_id = 70 priority = 0 tonemap = 1
03-11 14:26:30.614   897   897 I SDM     : PipeAllocDrm::Init: pipe->type = 1 Real pipe_id = 90 priority = 1 tonemap = 1
03-11 14:26:30.614   897   897 I SDM     : PipeAllocDrm::Init: pipe->type = 3 Real pipe_id = 93 priority = 2 tonemap = 2
03-11 14:26:30.614   897   897 I SDM     : PipeAllocDrm::Init: pipe->type = 3 Real pipe_id = 99 priority = 3 tonemap = 2
03-11 14:26:30.614   897   897 I SDM     : PipeAllocDrm::Init: pipe->type = 3 Real pipe_id = 102 priority = 4 tonemap = 2
03-11 14:26:30.614   897   897 I SDM     : PipeAllocDrm::Init: pipe->type = 3 Virtual pipe_id = 105 priority = 5 tonemap = 2
03-11 14:26:30.614   897   897 I SDM     : PipeAllocDrm::Init: pipe->type = 3 Virtual pipe_id = 109 priority = 6 tonemap = 2
03-11 14:26:30.614   897   897 I SDM     : PipeAllocDrm::Init: pipe->type = 3 Virtual pipe_id = 112 priority = 7 tonemap = 2
03-11 14:26:30.614   897   897 I SDM     : PipeAllocDrm::Init: pipe->type = 3 Virtual pipe_id = 115 priority = 8 tonemap = 0
03-11 14:26:30.614   897   897 I SDM     : PipeAllocDrm::Init: pipe->type = 3 Virtual pipe_id = 118 priority = 9 tonemap = 0
03-11 14:26:30.616   897   897 I SDM     : PipeAllocDrm::Init: Registered  Total Pipes = 10 SDma/virtual_pipes = 5
03-11 14:26:30.616   897   897 I SDM     : PipeAllocDrm::Init: pipe->type=3 Real pipe_id =102
03-11 14:26:30.616   897   897 I SDM     : PipeAllocDrm::Init: pipe->type=3 Real pipe_id =99
03-11 14:26:30.616   897   897 I SDM     : PipeAllocDrm::Init: pipe->type=3 Real pipe_id =93
03-11 14:26:30.616   897   897 I SDM     : PipeAllocDrm::Init: pipe->type=1 Real pipe_id =90
03-11 14:26:30.616   897   897 I SDM     : PipeAllocDrm::Init: pipe->type=1 Real pipe_id =70
03-11 14:26:30.616   897   897 I SDM     : PipeAllocDrm::Init: pipe->type=3 Virtual pipe_id =105
03-11 14:26:30.616   897   897 I SDM     : PipeAllocDrm::Init: pipe->type=3 Virtual pipe_id =109
03-11 14:26:30.616   897   897 I SDM     : PipeAllocDrm::Init: pipe->type=3 Virtual pipe_id =112
03-11 14:26:30.616   897   897 I SDM     : PipeAllocDrm::Init: pipe->type=3 Virtual pipe_id =115
03-11 14:26:30.616   897   897 I SDM     : PipeAllocDrm::Init: pipe->type=3 Virtual pipe_id =118
03-11 14:26:30.618   872   872 D sound_trigger_hw: stdev_open: Enter
03-11 14:26:30.621   929   929 I vppservice: vendor/qcom/proprietary/adsprpc/src/fastrpc_apps_user.c:2615: Created user PD on domain 3 (attrs 0x0, debug_trace 0x0)
03-11 14:26:30.622   929   929 I vppservice: vendor/qcom/proprietary/adsprpc/src/fastrpc_perf.c:240: fastrpc_perf_init: enabled RPC traces (kernel 0, dsp 0) with frequency 1000
03-11 14:26:30.622   929   980 I vppservice: vendor/qcom/proprietary/adsprpc/src/log_config.c:345: file_watcher_thread starting for domain 3
03-11 14:26:30.622   929   980 E vppservice: vendor/qcom/proprietary/adsprpc/src/log_config.c:268:Error 0x200: fopen failed for /vendor/lib/rfsa/adsp/vppservice.farf. (No such file or directory)
03-11 14:26:30.622   929   980 E vppservice: vendor/qcom/proprietary/adsprpc/src/log_config.c:268:Error 0x200: fopen failed for /vendor/dsp/cdsp/vppservice.farf. (No such file or directory)
03-11 14:26:30.622   929   980 E vppservice: vendor/qcom/proprietary/adsprpc/src/log_config.c:268:Error 0x200: fopen failed for /vendor/dsp/vppservice.farf. (No such file or directory)
03-11 14:26:30.622   929   979 I vppservice: vendor/qcom/proprietary/adsprpc/src/listener_android.c:111: listener thread starting
03-11 14:26:30.623   929   979 I vppservice: vendor/qcom/proprietary/adsprpc/src/mod_table.c:680: open_mod_table_open_from_static: reverse module apps_std opened with handle 0x460bdd50 (idx 0)
03-11 14:26:30.623   897   897 I SDM     : QOSParserImpl::ParseXML: Successfully opened XML file /vendor/etc/display/DPU670.xml
03-11 14:26:30.623   929   979 I vppservice: vendor/qcom/proprietary/adsprpc/src/mod_table.c:490: open_mod_table_open_dynamic: dynamic reverse module apps_std  already found with handle 0x460bdd50 (idx 0)
03-11 14:26:30.623   609   627 D spcomlib: [spcom_is_sp_subsystem_link_up] skp dev-node doesn't exist.
03-11 14:26:30.623   609   629 D spcomlib: [spcom_is_sp_subsystem_link_up] skp dev-node doesn't exist.
03-11 14:26:30.623   929   979 I vppservice: vendor/qcom/proprietary/adsprpc/src/mod_table.c:569: open_mod_table_open_dynamic: dynamic reverse module apps_std opened with handle 0x460bdd50 (idx 1)
03-11 14:26:30.624   929   979 W vppservice: vendor/qcom/proprietary/adsprpc/src/apps_std_imp.c:805: Warning: apps_std_fopen_with_env failed with 0x2 for oemconfig.so (No such file or directory)
03-11 14:26:30.624   929   979 E vppservice: vendor/qcom/proprietary/adsprpc/src/listener_android.c:64::error: 512: AEE_SUCCESS == (nErr = mod_table_close(handle, errStr, errStrLen, dlErr))
03-11 14:26:30.624   897   897 I SDM     : CpuHintsInterface::Init: cpu hint init done 1
03-11 14:26:30.624   897   897 D SDM     : ToneMapConfigFactory::Create: Creating ToneMapConfigImpl
03-11 14:26:30.624   897   897 I SDM     : CpuHintsInterface::Init: cpu hint init done 1
03-11 14:26:30.624   929   979 I vppservice: vendor/qcom/proprietary/adsprpc/src/apps_std_imp.c:777: Successfully opened file /vendor/dsp/cdsp/libvpp_svc_skel.so
03-11 14:26:30.627   584   584 I vold    : [libfs_mgr]Running /system/bin/fsck.f2fs -a -c 10000 --debug-cache/dev/block/dm-6
03-11 14:26:30.628   609   626 D spcomlib: [spcom_is_sp_subsystem_link_up] skp dev-node doesn't exist.
03-11 14:26:30.629   897   897 I SDM     : HWInfoDRM::GetDisplaysStatus: display:   33-2, connected: true, primary: false
03-11 14:26:30.629   897   897 I SDM     : HWInfoDRM::GetDisplaysStatus: display:   54-0, connected: true, primary: true
03-11 14:26:30.629   897   897 I SDM     : HWInfoDRM::GetDisplaysStatus: display:   62-1, connected: false, primary: false
03-11 14:26:30.629   897   897 I SDM     : CoreInterface::CreateCore: Open interface handle = 0xb400007e2ef470a0
03-11 14:26:30.629   897   897 I SDM     : HWInfoDRM::GetMaxDisplaysSupported: Max 4 concurrent displays.
03-11 14:26:30.629   897   897 I SDM     : HWInfoDRM::GetMaxDisplaysSupported: Max 1 concurrent displays of type 0 (BuiltIn).
03-11 14:26:30.629   897   897 I SDM     : HWInfoDRM::GetMaxDisplaysSupported: Max 2 concurrent displays of type 1 (Pluggable).
03-11 14:26:30.629   897   897 I SDM     : HWInfoDRM::GetMaxDisplaysSupported: Max 1 concurrent displays of type 2 (Virtual).
03-11 14:26:30.629   897   897 I SDM     : HWCSession::Init: Initializing supported display slots...done!
03-11 14:26:30.629   897   897 I SDM     : HWCSession::Init: Creating the Primary display
03-11 14:26:30.630   897   897 I SDM     : CPUHint::Init: Invalid CPU Hint Pre-enable Window -1
03-11 14:26:30.630   897   897 I SDM     : CPUHint::Init: CPU Hint Pre-enable Window -1
03-11 14:26:30.630   897   897 W SDM     : CPUHint::Init: Failed to load symbols for Vendor Extension Library
03-11 14:26:30.630   897   897 I SDM     : HWDeviceDRM::InitializeConfigs: Updating current display mode 0 to preferred mode 0.
03-11 14:26:30.631   897   897 I SDM     : HWDeviceDRM::PopulateDisplayAttributes: Display attributes[0]: WxH: 1080x2400, DPI: 40.163982x40.184574, FPS: 60, LM_SPLIT: 0, V_BACK_PORCH: 8, V_FRONT_PORCH: 1212, V_PULSE_WIDTH: 4, V_TOTAL: 3624, H_TOTAL: 1112, CLK: 86934KHZ, TOPOLOGY: 2, HW_SPLIT: 0
03-11 14:26:30.631   897   897 I SDM     : HWDeviceDRM::PopulateDisplayAttributes: Display attributes[1]: WxH: 1080x2400, DPI: 40.163982x40.184574, FPS: 90, LM_SPLIT: 0, V_BACK_PORCH: 8, V_FRONT_PORCH: 4, V_PULSE_WIDTH: 4, V_TOTAL: 2416, H_TOTAL: 1112, CLK: 86937KHZ, TOPOLOGY: 2, HW_SPLIT: 0
03-11 14:26:30.631   609   625 D spcomlib: [spcom_is_sp_subsystem_link_up] skp dev-node doesn't exist.
03-11 14:26:30.631   897   897 I SDM     : HWDeviceDRM::UpdateMixerAttributes: Mixer WxH 1080x2400-0 for Peripheral
03-11 14:26:30.631   897   897 I SDM     : ColorManager::CreateColorManagerProxy: PAV2 version is versions = 11, version = 11 
03-11 14:26:30.632   897   897 I SDM     : XmlDatabase::SetXmlFilePath: XML file path: data:(/data/vendor/display/qdcm_calib_data_xiaomi_42_02_0b_mp_cmd_mode_dsc_dsi_panel.xml), system(/oem/etc/qdcm_calib_data_xiaomi_42_02_0b_mp_cmd_mode_dsc_dsi_panel.xml), vendor(/vendor/etc/qdcm_calib_data_xiaomi_42_02_0b_mp_cmd_mode_dsc_dsi_panel.xml), le_data (/usr/data/display/qdcm_calib_data_xiaomi_42_02_0b_mp_cmd_mode_dsc_dsi_panel.xml)
03-11 14:26:30.632   897   897 I SDM     : XmlDatabase::SetXmlFilePath: XML file path: data:(/data/vendor/display/disp_user_calib_data_xiaomi_42_02_0b_mp_cmd_mode_dsc_dsi_panel.xml), system(/oem/etc/disp_user_calib_data_xiaomi_42_02_0b_mp_cmd_mode_dsc_dsi_panel.xml), vendor(/vendor/etc/disp_user_calib_data_xiaomi_42_02_0b_mp_cmd_mode_dsc_dsi_panel.xml), le_data (/usr/data/display/disp_user_calib_data_xiaomi_42_02_0b_mp_cmd_mode_dsc_dsi_panel.xml)
03-11 14:26:30.632   897   897 I SDM     : XmlDatabase::SetXmlFilePath: XML file path: data:(/mnt/vendor/persist/display/qdcm_calib_data_xiaomi_42_02_0b_mp_cmd_mode_dsc_dsi_panel.xml), system(/mnt/vendor/persist/display/qdcm_calib_data_xiaomi_42_02_0b_mp_cmd_mode_dsc_dsi_panel.xml), vendor(/mnt/vendor/persist/display/qdcm_calib_data_xiaomi_42_02_0b_mp_cmd_mode_dsc_dsi_panel.xml), le_data (/mnt/vendor/persist/display/qdcm_calib_data_xiaomi_42_02_0b_mp_cmd_mode_dsc_dsi_panel.xml)
03-11 14:26:30.635   969   969 I sensors.qti: set_log_level:506, log_level set: 2
03-11 14:26:30.635   969   969 I sensors.qti: main:546, sensors daemon starting
03-11 14:26:30.636   969   983 I sensors.qti: handle_diag_settings:415, try Diag_LSM_Init, count = 1
03-11 14:26:30.636   969   983 E Diag_Lib: diag:failed to connect to diag socket
03-11 14:26:30.636   969   983 E Diag_Lib:  Diag_LSM_Init: Failed to open handle to diag driver, error = 25
03-11 14:26:30.636   880   880 I LocSvc_HIDL_HidlGnss: try getting IGnss from android.hardware.gnss@2.1-impl-qti.so
03-11 14:26:30.636   880   880 I LocSvc_GnssInterface: ===> HIDL_FETCH_IGnss line 787 
03-11 14:26:30.636   880   880 I LocSvc_GnssInterface: ===> Gnss line 101 
03-11 14:26:30.637     0     0 I fsck.f2fs: Info: Fix the reported corruption.
03-11 14:26:30.637   884   884 I android.hardware.neuralnetworks@1.3-service-qti: vendor/qcom/proprietary/adsprpc/src/rpcmem_android.c:158: rpcmem_init_internal: opened ION device fd 7, configured heap IDs: system (0x2000000), contig (0x10), secure (0x400), secure flags (0x80080000)
03-11 14:26:30.637   884   884 I android.hardware.neuralnetworks@1.3-service-qti: vendor/qcom/proprietary/adsprpc/src/fastrpc_apps_user.c:2847: fastrpc_apps_user_init done
03-11 14:26:30.637     0     0 I fsck.f2fs: Info: No support kernel version!
03-11 14:26:30.637     0     0 I fsck.f2fs: Info: Segments per section = 1
03-11 14:26:30.637     0     0 I fsck.f2fs: Info: Sections per zone = 1
03-11 14:26:30.637     0     0 I fsck.f2fs: Info: sector size = 4096
03-11 14:26:30.637     0     0 I fsck.f2fs: Info: total sectors = 27832315 (108719 MB)
03-11 14:26:30.638   880   880 I HidlServiceManagement: Registered vendor.qti.gnss@4.0::ILocHidlGnss/gnss_vendor
03-11 14:26:30.638     0     0 I fsck.f2fs: Info: MKFS version
03-11 14:26:30.638     0     0 I fsck.f2fs: "5.4.61-qgki-g31ef0ac4e001-dirty #11 SMP PREEMPT Sun Oct 24 17:25:28 CEST 2021"
03-11 14:26:30.638     0     0 I fsck.f2fs: Info: FSCK version
03-11 14:26:30.638   880   880 I LegacySupport: Registration complete for vendor.qti.gnss@4.0::ILocHidlGnss/gnss_vendor.
03-11 14:26:30.638     0     0 I fsck.f2fs: from "5.4.61-qgki-g31ef0ac4e001-dirty #32 SMP PREEMPT Mon Oct 25 10:11:53 CEST 2021"
03-11 14:26:30.638   897   897 I SDM     : StcQdcmImpl::GetScPostBlendInterface():19 StcQdcmImpl created
03-11 14:26:30.639   642   642 I fsck.f2fs: type=1400 audit(0.0:6): avc: denied { kill } for capability=5 scontext=u:r:fsck:s0 tcontext=u:r:fsck:s0 tclass=capability permissive=1
03-11 14:26:30.639   609   629 D spcomlib: [spcom_is_sp_subsystem_link_up] skp dev-node doesn't exist.
03-11 14:26:30.639   609   627 D spcomlib: [spcom_is_sp_subsystem_link_up] skp dev-node doesn't exist.
03-11 14:26:30.639   609   626 D spcomlib: [spcom_is_sp_subsystem_link_up] skp dev-node doesn't exist.
03-11 14:26:30.639   609   625 D spcomlib: [spcom_is_sp_subsystem_link_up] skp dev-node doesn't exist.
03-11 14:26:30.640   880   938 W LocSvc_LocIpc: send:66] failed reason: No such file or directory
03-11 14:26:30.642   897   897 I SDM     : QdcmModeParser::GetQdcmStcInterface():19 QdcmModeParser created
03-11 14:26:30.642   897   897 I SDM     : XmlDatabase::SetXmlFilePath: XML file path: data:(/data/vendor/display/qdcm_calib_data_xiaomi_42_02_0b_mp_cmd_mode_dsc_dsi_panel.xml), system(/oem/etc/qdcm_calib_data_xiaomi_42_02_0b_mp_cmd_mode_dsc_dsi_panel.xml), vendor(/vendor/etc/qdcm_calib_data_xiaomi_42_02_0b_mp_cmd_mode_dsc_dsi_panel.xml), le_data (/usr/data/display/qdcm_calib_data_xiaomi_42_02_0b_mp_cmd_mode_dsc_dsi_panel.xml)
03-11 14:26:30.642   897   897 I SDM     : XmlDatabase::SetXmlFilePath: XML file path: data:(/mnt/vendor/persist/display/qdcm_calib_data_xiaomi_42_02_0b_mp_cmd_mode_dsc_dsi_panel.xml), system(/mnt/vendor/persist/display/qdcm_calib_data_xiaomi_42_02_0b_mp_cmd_mode_dsc_dsi_panel.xml), vendor(/mnt/vendor/persist/display/qdcm_calib_data_xiaomi_42_02_0b_mp_cmd_mode_dsc_dsi_panel.xml), le_data (/mnt/vendor/persist/display/qdcm_calib_data_xiaomi_42_02_0b_mp_cmd_mode_dsc_dsi_panel.xml)
03-11 14:26:30.642   897   897 I SDM     : QdcmModeParser::Init():92 Color mode is not present for type 0
03-11 14:26:30.644     0     0 I F2FS-fs (dm-6): Using encoding defined by superblock: utf8-12.1.0 with flags 0x0
03-11 14:26:30.644   897   897 I SDM     : QdcmModeParser::Init():92 Color mode is not present for type 1
03-11 14:26:30.644   897   897 E SDM     : QdcmModeParser::CombineQdcmMode():373 Invalid parameters, generic_modes = 0, factory_modes = 0
03-11 14:26:30.644   897   897 I SDM     : StcQdcmImpl::Init():124 No color mode supported, delete QdcmModeParser
03-11 14:26:30.644   897   897 I SDM     : StcQdcmImpl::Init():139 Get 0 modes in mode list
03-11 14:26:30.647   876   876 E vndksupport: Could not load /vendor/lib64/hw/camera.qcom.so from default namespace: dlopen failed: library "libFlickerDet.so" not found: needed by /vendor/lib64/hw/camera.qcom.so in namespace (default).
03-11 14:26:30.647   876   876 E HAL     : load: module=/vendor/lib64/hw/camera.qcom.so
03-11 14:26:30.647   876   876 E HAL     : unknown
03-11 14:26:30.647   876   876 E CamPrvdr@2.4-legacy: Could not load camera HAL module: -22 (Invalid argument)
03-11 14:26:30.647   876   876 E android.hardware.camera.provider@2.4-service_64: getProviderImpl: camera provider init failed!
03-11 14:26:30.647   876   876 D RefBase : RefBase: Explicit destruction, weak count = 0 (in 0xb4000070081e0a60)
03-11 14:26:30.647   876   876 W RefBase : CallStack::getCurrentInternal not linked, returning null
03-11 14:26:30.647   876   876 W RefBase : CallStack::logStackInternal not linked
03-11 14:26:30.647   897   897 I SDM     : Hdr10PlusModule():37 in the HDR10 Plus module
03-11 14:26:30.648   897   897 I SDM     : InitHDRinterface():127 HDR init done
03-11 14:26:30.648   897   897 I SDM     : HDRIntfClient::GetParameter: Version info is: 2.0
03-11 14:26:30.648   897   897 I SDM     : StrategyImpl::InitializeHdrInfo: HDRLib version = 2.0
03-11 14:26:30.648   897   897 I SDM     : Deinit():202 HDR De-init done
03-11 14:26:30.648   897   897 I SDM     : ColorIntfClient::Init: Init successful
03-11 14:26:30.648   897   897 I SDM     : StrategyImpl::InitLayerStitch: disable_layer_stitch: 1
03-11 14:26:30.648   897   897 I SDM     : ResourceImpl::IsMaxPhysicalDisplayCountReached: Display type = 0 Max physical display count = 2 Registered display count = 0
03-11 14:26:30.648   897   897 I SDM     : ResourceImpl::RegisterDisplay: Registering display 54-0 with hw_block 54-0
03-11 14:26:30.648   897   897 I SDM     : QOSParserImpl::Parse: hw_version 60070000 has already been parsed
03-11 14:26:30.648   897   897 I SDM     : Hdr10PlusModule():37 in the HDR10 Plus module
03-11 14:26:30.649   897   897 I SDM     : InitHDRinterface():127 HDR init done
03-11 14:26:30.649   897   897 I SDM     : HDRIntfClient::GetParameter: Version info is: 2.0
03-11 14:26:30.649   897   897 I SDM     : ColorIntfClient::Init: Init successful
03-11 14:26:30.649   897   897 I SDM     : DisplayBase::Init: disable_hw_recovery_dump_ set to 1
03-11 14:26:30.649   897   897 I SDM     : DisplayBase::Init: hw_recovery_threshold_ set to 1
03-11 14:26:30.649   897   897 I SDM     : HWEventsDRM::Init: Setup event handler for display 54-0, CRTC 121, Connector 54
03-11 14:26:30.649   897   897 I SDM     : HWEventsDRM::Init: poll_fd size 10
03-11 14:26:30.649   897   897 I SDM     : HWEventsDRM::InitializePollFd: /sys/class/backlight/panel0-backlight/brightness backlight_event_index_ 9
03-11 14:26:30.649   897   897 I SDM     : HWEventsDRM::RegisterIdleNotify: idle notify is not supported event
03-11 14:26:30.649   897   897 I SDM     : HWEventsDRM::Init: disable_hw_recovery_ set to 0
03-11 14:26:30.649   897   897 I SDM     : HWEventsDRM::RegisterHwRecovery: Register hw recovery enable
03-11 14:26:30.649   897   897 I SDM     : HWEventsDRM::Init: enable_hist_interrupt_ set to 0
03-11 14:26:30.649   897   897 I SDM     : DisplayBuiltIn::Init: RC feature disabled.
03-11 14:26:30.649   897   897 I SDM     : HWCDisplay::UpdateConfigs: num_configs = 2
03-11 14:26:30.649   897   897 I SDM     : ColorManager::ColorIntfGameEnhancementSupported: Game feature supported 0
03-11 14:26:30.649   897   897 I SDM     : HWCDisplay::Init: Display created with id: 0, game_supported_: 0
03-11 14:26:30.649   897   897 I SDM     : HWCColorModeStc::Init: Stc mode count 0
03-11 14:26:30.649   897   897 I SDM     : HWCColorModeStc::PopulateColorModes: No color mode supported, add Native mode
03-11 14:26:30.649   897   897 I SDM     : HWCDisplayBuiltIn::Init: Drop redundant drawcycles 0
03-11 14:26:30.649   897   897 I SDM     : HWCDisplayBuiltIn::Init: Window rect : [0.000000 0.000000 0.000000 0.000000] is_primary_=1
03-11 14:26:30.649   897   897 I SDM     : HWCDisplayBuiltIn::Init: active_refresh_rate: 60
03-11 14:26:30.649   897   897 I SDM     : HWCDisplayBuiltIn::Init: enhance_idle_time: 0
03-11 14:26:30.650   897   897 I SDM     : DisplayBase::SetFrameBufferConfig: New framebuffer resolution (1080x2400)
03-11 14:26:30.650   897   897 I SDM     : HWCDisplay::SetFrameBufferConfig: New framebuffer resolution (1080x2400)
03-11 14:26:30.650   897   897 I SDM     : HWCSession::CreatePrimaryDisplay: Created primary display type = 0, sdm id = 54, client id = 0
03-11 14:26:30.651   897   897 I SDM     : HWCColorManager::CreateColorManager: Successfully loaded libsdm-disp-vndapis.so
03-11 14:26:30.652   872   872 D sound_trigger_hw: load_audio_hal: ahal is using proprietary API version 0x0200
03-11 14:26:30.652   872   872 I sound_trigger_platform: platform_stdev_init: Enter
03-11 14:26:30.652   897   897 E Diag_Lib: diag:failed to connect to diag socket
03-11 14:26:30.652   897   897 E Diag_Lib:  Diag_LSM_Init: Failed to open handle to diag driver, error = 25
03-11 14:26:30.652   897   897 E Diag_Lib: diag: Diag_LSM_DeInit done for pid: 897
03-11 14:26:30.652   897   897 I SDM     : HWCColorManager::CreateColorManager: Successfully loaded libsdm-disp-vndapis.so and libsdm-diag.so and diag_init'ed
03-11 14:26:30.652   897   897 I SDM     : HWCSession::Init: Creating the Primary display...done!
03-11 14:26:30.654   609   627 D spcomlib: [spcom_is_sp_subsystem_link_up] skp dev-node doesn't exist.
03-11 14:26:30.654   609   629 D spcomlib: [spcom_is_sp_subsystem_link_up] skp dev-node doesn't exist.
03-11 14:26:30.654   897   897 I HidlServiceManagement: Registered vendor.display.config@2.0::IDisplayConfig/default
03-11 14:26:30.654   897   897 I SDM     : HWCSession::StartServices: IDisplayConfig service registration completed.
03-11 14:26:30.654   897   897 I SDM     : HWCDisplayBuiltIn::InitLayerStitch: Layer Stitch Disabled !!!
03-11 14:26:30.654   897   897 I SDM     : HWCSession::Init: Initializing HWCSession...done!
03-11 14:26:30.654   897   897 I SDM     : Successfully initialized HWCSession, creating QtiComposer
03-11 14:26:30.654   897   897 I SDM     : Initializing QtiComposer...done!
03-11 14:26:30.654   897   897 I SDM     : Configuring RPC threadpool
03-11 14:26:30.654   897   897 I SDM     : Configuring RPC threadpool...done!
03-11 14:26:30.654   897   897 I SDM     : Registering Display HW Composer HAL as a service
03-11 14:26:30.655   897   897 I HidlServiceManagement: Registered vendor.qti.hardware.display.composer@3.0::IQtiComposer/default
03-11 14:26:30.655   897   897 I HidlServiceManagement: Removing namespace from process name vendor.qti.hardware.display.composer-service to composer-service.
03-11 14:26:30.656   897   897 I SDM     : Registering Display HW Composer HAL as a service...done!
03-11 14:26:30.656   897   897 I SDM     : Joining RPC threadpool...
03-11 14:26:30.656   876   876 E LegacySupport: Could not get passthrough implementation for android.hardware.camera.provider@2.4::ICameraProvider/legacy/0.
03-11 14:26:30.659   609   626 D spcomlib: [spcom_is_sp_subsystem_link_up] skp dev-node doesn't exist.
03-11 14:26:30.661   609   625 D spcomlib: [spcom_is_sp_subsystem_link_up] skp dev-node doesn't exist.
03-11 14:26:30.669   609   626 D spcomlib: [spcom_is_sp_subsystem_link_up] skp dev-node doesn't exist.
03-11 14:26:30.669   609   629 D spcomlib: [spcom_is_sp_subsystem_link_up] skp dev-node doesn't exist.
03-11 14:26:30.669   609   625 D spcomlib: [spcom_is_sp_subsystem_link_up] skp dev-node doesn't exist.
03-11 14:26:30.669   609   627 D spcomlib: [spcom_is_sp_subsystem_link_up] skp dev-node doesn't exist.
03-11 14:26:30.673   733   733 I ServiceManager: Waiting for service 'statscompanion' on '/dev/binder'...
03-11 14:26:30.674   953   953 I FastMixerState: sMaxFastTracks = 8
03-11 14:26:30.676   953   953 V MediaUtils: physMem: 7680241664
03-11 14:26:30.676   953   953 V MediaUtils: requested limit: 536870912
03-11 14:26:30.676   953   953 I libc    : malloc_limit: Allocation limit enabled, max size 536870912 bytes
03-11 14:26:30.676   953   953 I audioserver: ServiceManager: 0xb40000725ab67b80
03-11 14:26:30.676   953   953 W BatteryNotifier: batterystats service unavailable!
03-11 14:26:30.684   609   629 D spcomlib: [spcom_is_sp_subsystem_link_up] skp dev-node doesn't exist.
03-11 14:26:30.684   609   627 D spcomlib: [spcom_is_sp_subsystem_link_up] skp dev-node doesn't exist.
03-11 14:26:30.686   574   574 I hwservicemanager: getTransport: Cannot find entry android.hardware.configstore@1.0::ISurfaceFlingerConfigs/default in either framework or device manifest.
03-11 14:26:30.686   960   960 I SurfaceFlinger: Using HWComposer service: 'default'
03-11 14:26:30.686   960   960 I SurfaceFlinger: SurfaceFlinger is starting
03-11 14:26:30.686   574   574 I hwservicemanager: getTransport: Cannot find entry android.hardware.configstore@1.1::ISurfaceFlingerConfigs/default in either framework or device manifest.
03-11 14:26:30.687   960   960 I SurfaceFlinger: Disabling backpressure propagation
03-11 14:26:30.687   960   960 I SurfaceFlinger: Enabling backpressure propagation for Client Composition
03-11 14:26:30.687   960   960 I SurfaceFlinger: Enabling HWC virtual displays
03-11 14:26:30.687   960   960 I SurfaceFlinger: Disabling blur effects, they are not supported.
03-11 14:26:30.687   960   960 I SurfaceFlinger: Treble testing override: 'false'
03-11 14:26:30.688   960   960 I SurfaceFlinger: SurfaceFlinger's main thread ready to run. Initializing graphics H/W...
03-11 14:26:30.688   960   960 D RenderEngine: RenderEngine GLES Backend
03-11 14:26:30.689   609   626 D spcomlib: [spcom_is_sp_subsystem_link_up] skp dev-node doesn't exist.
03-11 14:26:30.691   609   625 D spcomlib: [spcom_is_sp_subsystem_link_up] skp dev-node doesn't exist.
03-11 14:26:30.693     0     0 I F2FS-fs (dm-6): Mounted with checkpoint version = 34049017
03-11 14:26:30.694     0     0 I do_mount: dev: /dev/block/dm-6, mount point: /data , retval=0
03-11 14:26:30.694   584   584 I vold    : [libfs_mgr]__mount(source=/dev/block/dm-6,target=/data,type=f2fs)=0: Success
03-11 14:26:30.694   584   584 D vold    : Mounted /data
03-11 14:26:30.694   584   603 D vold    : Disk at 253:6 changed
03-11 14:26:30.696   953   953 I ServiceManager: Waiting for service 'media.metrics' on '/dev/binder'...
03-11 14:26:30.699   609   625 D spcomlib: [spcom_is_sp_subsystem_link_up] skp dev-node doesn't exist.
03-11 14:26:30.699   609   626 D spcomlib: [spcom_is_sp_subsystem_link_up] skp dev-node doesn't exist.
03-11 14:26:30.699   609   627 D spcomlib: [spcom_is_sp_subsystem_link_up] skp dev-node doesn't exist.
03-11 14:26:30.700   609   629 D spcomlib: [spcom_is_sp_subsystem_link_up] skp dev-node doesn't exist.
03-11 14:26:30.710   574   639 W libc    : Unable to set property "ctl.interface_start" to "android.hardware.keymaster@4.0::IKeymasterDevice/default": error code: 0x20
03-11 14:26:30.710   574   640 W libc    : Unable to set property "ctl.interface_start" to "android.hardware.keymaster@4.0::IKeymasterDevice/default": error code: 0x20
03-11 14:26:30.711   615   615 I chatty  : uid=1000(system) /vendor/bin/sscrpcd expire 102 lines
03-11 14:26:30.714   609   627 D spcomlib: [spcom_is_sp_subsystem_link_up] skp dev-node doesn't exist.
03-11 14:26:30.714   609   629 D spcomlib: [spcom_is_sp_subsystem_link_up] skp dev-node doesn't exist.
03-11 14:26:30.716   960   960 D libEGL  : loaded /vendor/lib64/egl/libEGL_adreno.so
03-11 14:26:30.719   609   626 D spcomlib: [spcom_is_sp_subsystem_link_up] skp dev-node doesn't exist.
03-11 14:26:30.720   584   584 I Checkpoint: cp_prepareCheckpoint called
03-11 14:26:30.721   609   625 D spcomlib: [spcom_is_sp_subsystem_link_up] skp dev-node doesn't exist.
03-11 14:26:30.729   884   884 I HidlServiceManagement: Registered android.hardware.neuralnetworks@1.3::IDevice/qti-default
03-11 14:26:30.729   884   884 I HidlServiceManagement: Removing namespace from process name android.hardware.neuralnetworks@1.3-service-qti to neuralnetworks@1.3-service-qti.
03-11 14:26:30.730   609   627 D spcomlib: [spcom_is_sp_subsystem_link_up] skp dev-node doesn't exist.
03-11 14:26:30.730   609   625 D spcomlib: [spcom_is_sp_subsystem_link_up] skp dev-node doesn't exist.
03-11 14:26:30.730   609   626 D spcomlib: [spcom_is_sp_subsystem_link_up] skp dev-node doesn't exist.
03-11 14:26:30.730   609   629 D spcomlib: [spcom_is_sp_subsystem_link_up] skp dev-node doesn't exist.
03-11 14:26:30.730   884   884 I HidlServiceManagement: Registered android.hardware.neuralnetworks@1.3::IDevice/qti-gpu
03-11 14:26:30.731   884   884 I HidlServiceManagement: Removing namespace from process name android.hardware.neuralnetworks@1.3-service-qti to neuralnetworks@1.3-service-qti.
03-11 14:26:30.732   884   884 I HidlServiceManagement: Registered android.hardware.neuralnetworks@1.3::IDevice/qti-dsp
03-11 14:26:30.732   884   884 I HidlServiceManagement: Removing namespace from process name android.hardware.neuralnetworks@1.3-service-qti to neuralnetworks@1.3-service-qti.
03-11 14:26:30.736     0     0 D vdc     : Waited 0ms for vold
03-11 14:26:30.736   584   584 I vold    : fscrypt_initialize_systemwide_keys
03-11 14:26:30.737   584   584 D vold    : Key exists, using: /data/unencrypted/key
03-11 14:26:30.740   574   574 I hwservicemanager: getTransport: Cannot find entry android.hardware.keymaster@3.0::IKeymasterDevice/default in either framework or device manifest.
03-11 14:26:30.740   584   584 I vold    : List of Keymaster HALs found:
03-11 14:26:30.740   584   584 I vold    : Keymaster HAL #1: Keymaster HAL: 4 from QTI SecurityLevel: TRUSTED_ENVIRONMENT HAL: android.hardware.keymaster@4.1::IKeymasterDevice/default
03-11 14:26:30.740   584   584 I vold    : Using Keymaster HAL: 4 from QTI for encryption.  Security level: TRUSTED_ENVIRONMENT, HAL: android.hardware.keymaster@4.1::IKeymasterDevice/default
03-11 14:26:30.744   609   627 D spcomlib: [spcom_is_sp_subsystem_link_up] skp dev-node doesn't exist.
03-11 14:26:30.744   609   629 D spcomlib: [spcom_is_sp_subsystem_link_up] skp dev-node doesn't exist.
03-11 14:26:30.747   574   574 I hwservicemanager: getTransport: Cannot find entry android.hardware.keymaster@3.0::IKeymasterDevice/default in either framework or device manifest.
03-11 14:26:30.747   584   584 I vold    : List of Keymaster HALs found:
03-11 14:26:30.747   584   584 I vold    : Keymaster HAL #1: Keymaster HAL: 4 from QTI SecurityLevel: TRUSTED_ENVIRONMENT HAL: android.hardware.keymaster@4.1::IKeymasterDevice/default
03-11 14:26:30.747   584   584 I vold    : Using Keymaster HAL: 4 from QTI for encryption.  Security level: TRUSTED_ENVIRONMENT, HAL: android.hardware.keymaster@4.1::IKeymasterDevice/default
03-11 14:26:30.748   736   736 I zygote  : Using memfd for future sealing
03-11 14:26:30.749   609   626 D spcomlib: [spcom_is_sp_subsystem_link_up] skp dev-node doesn't exist.
03-11 14:26:30.750   735   735 I zygote64: Using memfd for future sealing
03-11 14:26:30.752   609   625 D spcomlib: [spcom_is_sp_subsystem_link_up] skp dev-node doesn't exist.
