03-11 14:26:30.033   728   728 D LibBpfLoader: Loaded code section 7 (skfilter_egress_xtbpf)
03-11 14:26:30.034   728   728 D LibBpfLoader: Loaded relo section 7 (.relskfilter/egress/xtbpf)
03-11 14:26:30.034   728   728 D LibBpfLoader: Adding section 7 to cs list
03-11 14:26:30.034   728   728 D LibBpfLoader: Loaded code section 9 (skfilter_ingress_xtbpf)
03-11 14:26:30.034   728   728 D LibBpfLoader: Loaded relo section 9 (.relskfilter/ingress/xtbpf)
03-11 14:26:30.034   728   728 D LibBpfLoader: Adding section 9 to cs list
03-11 14:26:30.034   728   728 D LibBpfLoader: Loaded code section 11 (skfilter_whitelist_xtbpf)
03-11 14:26:30.035   728   728 D LibBpfLoader: Loaded relo section 11 (.relskfilter/whitelist/xtbpf)
03-11 14:26:30.035   728   728 D LibBpfLoader: Adding section 11 to cs list
03-11 14:26:30.035   728   728 D LibBpfLoader: Loaded code section 13 (skfilter_blacklist_xtbpf)
03-11 14:26:30.035   728   728 D LibBpfLoader: Loaded relo section 13 (.relskfilter/blacklist/xtbpf)
03-11 14:26:30.035   728   728 D LibBpfLoader: Adding section 13 to cs list
03-11 14:26:30.035   728   728 D LibBpfLoader: Loaded code section 15 (cgroupsock_inet_create)
03-11 14:26:30.036   728   728 D LibBpfLoader: Loaded relo section 15 (.relcgroupsock/inet/create)
03-11 14:26:30.036   728   728 D LibBpfLoader: Adding section 15 to cs list
03-11 14:26:30.038   728   728 D LibBpfLoader: bpf_create_map name cookie_tag_map, ret: 7
03-11 14:26:30.038   728   728 D LibBpfLoader: bpf_create_map name uid_counterset_map, ret: 8
03-11 14:26:30.039   728   728 D LibBpfLoader: bpf_create_map name app_uid_stats_map, ret: 9
03-11 14:26:30.039   728   728 D LibBpfLoader: bpf_create_map name stats_map_A, ret: 10
03-11 14:26:30.040   728   728 D LibBpfLoader: bpf_create_map name stats_map_B, ret: 11
03-11 14:26:30.040   728   728 D LibBpfLoader: bpf_create_map name iface_stats_map, ret: 12
03-11 14:26:30.040   728   728 D LibBpfLoader: bpf_create_map name configuration_map, ret: 13
03-11 14:26:30.040   728   728 D LibBpfLoader: bpf_create_map name uid_owner_map, ret: 14
03-11 14:26:30.041   728   728 D LibBpfLoader: bpf_create_map name iface_index_name_map, ret: 15
03-11 14:26:30.041   728   728 D LibBpfLoader: bpf_create_map name uid_permission_map, ret: 16
03-11 14:26:30.041   728   728 D LibBpfLoader: map_fd found at 0 is 7 in /system/etc/bpf/netd.o
03-11 14:26:30.041   728   728 D LibBpfLoader: map_fd found at 1 is 8 in /system/etc/bpf/netd.o
03-11 14:26:30.041   728   728 D LibBpfLoader: map_fd found at 2 is 9 in /system/etc/bpf/netd.o
03-11 14:26:30.041   728   728 D LibBpfLoader: map_fd found at 3 is 10 in /system/etc/bpf/netd.o
03-11 14:26:30.041   728   728 D LibBpfLoader: map_fd found at 4 is 11 in /system/etc/bpf/netd.o
03-11 14:26:30.041   728   728 D LibBpfLoader: map_fd found at 5 is 12 in /system/etc/bpf/netd.o
03-11 14:26:30.041   728   728 D LibBpfLoader: map_fd found at 6 is 13 in /system/etc/bpf/netd.o
03-11 14:26:30.041   728   728 D LibBpfLoader: map_fd found at 7 is 14 in /system/etc/bpf/netd.o
03-11 14:26:30.041   728   728 D LibBpfLoader: map_fd found at 8 is 15 in /system/etc/bpf/netd.o
03-11 14:26:30.041   728   728 D LibBpfLoader: map_fd found at 9 is 16 in /system/etc/bpf/netd.o
03-11 14:26:30.041   728   728 D LibBpfLoader: applying relo to instruction at byte offset: 664, 	       insn offset 83 , insn 118
03-11 14:26:30.041   728   728 D LibBpfLoader: applying relo to instruction at byte offset: 728, 	       insn offset 91 , insn 118
03-11 14:26:30.041   728   728 D LibBpfLoader: applying relo to instruction at byte offset: 1504, 	       insn offset 188 , insn 118
03-11 14:26:30.041   728   728 D LibBpfLoader: applying relo to instruction at byte offset: 1800, 	       insn offset 225 , insn 118
03-11 14:26:30.041   728   728 D LibBpfLoader: applying relo to instruction at byte offset: 1880, 	       insn offset 235 , insn 118
03-11 14:26:30.041   728   728 D LibBpfLoader: applying relo to instruction at byte offset: 1992, 	       insn offset 249 , insn 118
03-11 14:26:30.041   728   728 D LibBpfLoader: applying relo to instruction at byte offset: 2104, 	       insn offset 263 , insn 118
03-11 14:26:30.041   728   728 D LibBpfLoader: applying relo to instruction at byte offset: 2144, 	       insn offset 268 , insn 118
03-11 14:26:30.041   728   728 D LibBpfLoader: applying relo to instruction at byte offset: 2296, 	       insn offset 287 , insn 118
03-11 14:26:30.041   728   728 D LibBpfLoader: applying relo to instruction at byte offset: 2408, 	       insn offset 301 , insn 118
03-11 14:26:30.041   728   728 D LibBpfLoader: applying relo to instruction at byte offset: 2448, 	       insn offset 306 , insn 118
03-11 14:26:30.041   728   728 D LibBpfLoader: applying relo to instruction at byte offset: 2728, 	       insn offset 341 , insn 118
03-11 14:26:30.041   728   728 D LibBpfLoader: applying relo to instruction at byte offset: 2832, 	       insn offset 354 , insn 118
03-11 14:26:30.041   728   728 D LibBpfLoader: applying relo to instruction at byte offset: 2872, 	       insn offset 359 , insn 118
03-11 14:26:30.041   728   728 D LibBpfLoader: applying relo to instruction at byte offset: 3016, 	       insn offset 377 , insn 118
03-11 14:26:30.041   728   728 D LibBpfLoader: applying relo to instruction at byte offset: 3120, 	       insn offset 390 , insn 118
03-11 14:26:30.041   728   728 D LibBpfLoader: applying relo to instruction at byte offset: 3160, 	       insn offset 395 , insn 118
03-11 14:26:30.041   728   728 D LibBpfLoader: applying relo to instruction at byte offset: 3392, 	       insn offset 424 , insn 118
03-11 14:26:30.042   728   728 D LibBpfLoader: applying relo to instruction at byte offset: 3496, 	       insn offset 437 , insn 118
03-11 14:26:30.042   728   728 D LibBpfLoader: applying relo to instruction at byte offset: 3536, 	       insn offset 442 , insn 118
03-11 14:26:30.042   728   728 D LibBpfLoader: applying relo to instruction at byte offset: 648, 	       insn offset 81 , insn 118
03-11 14:26:30.042   728   728 D LibBpfLoader: applying relo to instruction at byte offset: 712, 	       insn offset 89 , insn 118
03-11 14:26:30.042   728   728 D LibBpfLoader: applying relo to instruction at byte offset: 1272, 	       insn offset 159 , insn 118
03-11 14:26:30.042   728   728 D LibBpfLoader: applying relo to instruction at byte offset: 1528, 	       insn offset 191 , insn 118
03-11 14:26:30.042   728   728 D LibBpfLoader: applying relo to instruction at byte offset: 1608, 	       insn offset 201 , insn 118
03-11 14:26:30.042   728   728 D LibBpfLoader: applying relo to instruction at byte offset: 1712, 	       insn offset 214 , insn 118
03-11 14:26:30.042   728   728 D LibBpfLoader: applying relo to instruction at byte offset: 1816, 	       insn offset 227 , insn 118
03-11 14:26:30.042   728   728 D LibBpfLoader: applying relo to instruction at byte offset: 1856, 	       insn offset 232 , insn 118
03-11 14:26:30.042   728   728 D LibBpfLoader: applying relo to instruction at byte offset: 2000, 	       insn offset 250 , insn 118
03-11 14:26:30.042   728   728 D LibBpfLoader: applying relo to instruction at byte offset: 2104, 	       insn offset 263 , insn 118
03-11 14:26:30.042   728   728 D LibBpfLoader: applying relo to instruction at byte offset: 2144, 	       insn offset 268 , insn 118
03-11 14:26:30.042   728   728 D LibBpfLoader: applying relo to instruction at byte offset: 2416, 	       insn offset 302 , insn 118
03-11 14:26:30.042   728   728 D LibBpfLoader: applying relo to instruction at byte offset: 2520, 	       insn offset 315 , insn 118
03-11 14:26:30.042   728   728 D LibBpfLoader: applying relo to instruction at byte offset: 2560, 	       insn offset 320 , insn 118
03-11 14:26:30.042   728   728 D LibBpfLoader: applying relo to instruction at byte offset: 2704, 	       insn offset 338 , insn 118
03-11 14:26:30.042   728   728 D LibBpfLoader: applying relo to instruction at byte offset: 2808, 	       insn offset 351 , insn 118
03-11 14:26:30.042   728   728 D LibBpfLoader: applying relo to instruction at byte offset: 2848, 	       insn offset 356 , insn 118
03-11 14:26:30.042   728   728 D LibBpfLoader: applying relo to instruction at byte offset: 3080, 	       insn offset 385 , insn 118
03-11 14:26:30.042   728   728 D LibBpfLoader: applying relo to instruction at byte offset: 3184, 	       insn offset 398 , insn 118
03-11 14:26:30.042   728   728 D LibBpfLoader: applying relo to instruction at byte offset: 3224, 	       insn offset 403 , insn 118
03-11 14:26:30.042   728   728 D LibBpfLoader: applying relo to instruction at byte offset: 88, 	       insn offset 11 , insn 118
03-11 14:26:30.042   728   728 D LibBpfLoader: applying relo to instruction at byte offset: 192, 	       insn offset 24 , insn 118
03-11 14:26:30.042   728   728 D LibBpfLoader: applying relo to instruction at byte offset: 232, 	       insn offset 29 , insn 118
03-11 14:26:30.042   728   728 D LibBpfLoader: applying relo to instruction at byte offset: 40, 	       insn offset 5 , insn 118
03-11 14:26:30.042   728   728 D LibBpfLoader: applying relo to instruction at byte offset: 144, 	       insn offset 18 , insn 118
03-11 14:26:30.042   728   728 D LibBpfLoader: applying relo to instruction at byte offset: 184, 	       insn offset 23 , insn 118
03-11 14:26:30.042   728   728 D LibBpfLoader: applying relo to instruction at byte offset: 136, 	       insn offset 17 , insn 118
03-11 14:26:30.042   728   728 D LibBpfLoader: applying relo to instruction at byte offset: 32, 	       insn offset 4 , insn 118
03-11 14:26:30.042   728   728 D LibBpfLoader: applying relo to instruction at byte offset: 80, 	       insn offset 10 , insn 118
03-11 14:26:30.043   728   728 D LibBpfLoader: bpf_prog_load lib call for /system/etc/bpf/netd.o (cgroupskb_ingress_stats) returned fd: 17 (no error)
03-11 14:26:30.044   728   728 D LibBpfLoader: bpf_prog_load lib call for /system/etc/bpf/netd.o (cgroupskb_egress_stats) returned fd: 18 (no error)
03-11 14:26:30.044   728   728 D LibBpfLoader: cs[2].name:skfilter_egress_xtbpf min_kver:0 .max_kver:ffffffff (kvers:5043d)
03-11 14:26:30.044   728   728 D LibBpfLoader: bpf_prog_load lib call for /system/etc/bpf/netd.o (skfilter_egress_xtbpf) returned fd: 19 (no error)
03-11 14:26:30.044   728   728 D LibBpfLoader: cs[3].name:skfilter_ingress_xtbpf min_kver:0 .max_kver:ffffffff (kvers:5043d)
03-11 14:26:30.044   728   728 D LibBpfLoader: bpf_prog_load lib call for /system/etc/bpf/netd.o (skfilter_ingress_xtbpf) returned fd: 20 (no error)
03-11 14:26:30.044   728   728 D LibBpfLoader: cs[4].name:skfilter_whitelist_xtbpf min_kver:0 .max_kver:ffffffff (kvers:5043d)
03-11 14:26:30.044   728   728 D LibBpfLoader: bpf_prog_load lib call for /system/etc/bpf/netd.o (skfilter_whitelist_xtbpf) returned fd: 21 (no error)
03-11 14:26:30.044   728   728 D LibBpfLoader: cs[5].name:skfilter_blacklist_xtbpf min_kver:0 .max_kver:ffffffff (kvers:5043d)
03-11 14:26:30.045   728   728 D LibBpfLoader: bpf_prog_load lib call for /system/etc/bpf/netd.o (skfilter_blacklist_xtbpf) returned fd: 22 (no error)
03-11 14:26:30.045   728   728 D LibBpfLoader: cs[6].name:cgroupsock_inet_create min_kver:40e00 .max_kver:ffffffff (kvers:5043d)
03-11 14:26:30.045   728   728 D LibBpfLoader: bpf_prog_load lib call for /system/etc/bpf/netd.o (cgroupsock_inet_create) returned fd: 23 (no error)
03-11 14:26:30.045   728   728 I bpfloader: Loaded object: /system/etc/bpf/netd.o
03-11 14:26:30.045   728   728 D LibBpfLoader: Loading critical for netd ELF object /system/etc/bpf/offload.o with license Apache 2.0
03-11 14:26:30.045   728   728 D LibBpfLoader: Loaded code section 3 (schedcls_ingress_tether_ether)
03-11 14:26:30.045   728   728 D LibBpfLoader: Loaded relo section 3 (.relschedcls/ingress/tether_ether)
03-11 14:26:30.045   728   728 D LibBpfLoader: Adding section 3 to cs list
03-11 14:26:30.045   728   728 D LibBpfLoader: Loaded code section 5 (schedcls_ingress_tether_rawip$5_4)
03-11 14:26:30.045   728   728 D LibBpfLoader: Loaded relo section 5 (.relschedcls/ingress/tether_rawip$5_4)
03-11 14:26:30.045   728   728 D LibBpfLoader: Adding section 5 to cs list
03-11 14:26:30.045   728   728 D LibBpfLoader: Loaded code section 7 (schedcls_ingress_tether_rawip$4_14)
03-11 14:26:30.046   728   728 D LibBpfLoader: Loaded relo section 7 (.relschedcls/ingress/tether_rawip$4_14)
03-11 14:26:30.046   728   728 D LibBpfLoader: Adding section 7 to cs list
03-11 14:26:30.046   728   728 D LibBpfLoader: Loaded code section 9 (schedcls_ingress_tether_rawip$stub)
03-11 14:26:30.046   728   728 D LibBpfLoader: Adding section 9 to cs list
03-11 14:26:30.046   728   728 D LibBpfLoader: bpf_create_map name tether_ingress_map, ret: 7
03-11 14:26:30.046   728   728 D LibBpfLoader: bpf_create_map name tether_stats_map, ret: 8
03-11 14:26:30.046   728   728 D LibBpfLoader: bpf_create_map name tether_limit_map, ret: 9
03-11 14:26:30.046   728   728 D LibBpfLoader: map_fd found at 0 is 7 in /system/etc/bpf/offload.o
03-11 14:26:30.046   728   728 D LibBpfLoader: map_fd found at 1 is 8 in /system/etc/bpf/offload.o
03-11 14:26:30.046   728   728 D LibBpfLoader: map_fd found at 2 is 9 in /system/etc/bpf/offload.o
03-11 14:26:30.046   728   728 D LibBpfLoader: applying relo to instruction at byte offset: 304, 	       insn offset 38 , insn 118
03-11 14:26:30.046   728   728 D LibBpfLoader: applying relo to instruction at byte offset: 384, 	       insn offset 48 , insn 118
03-11 14:26:30.046   728   728 D LibBpfLoader: applying relo to instruction at byte offset: 448, 	       insn offset 56 , insn 118
03-11 14:26:30.046   728   728 D LibBpfLoader: applying relo to instruction at byte offset: 264, 	       insn offset 33 , insn 118
03-11 14:26:30.046   728   728 D LibBpfLoader: applying relo to instruction at byte offset: 344, 	       insn offset 43 , insn 118
03-11 14:26:30.046   728   728 D LibBpfLoader: applying relo to instruction at byte offset: 408, 	       insn offset 51 , insn 118
03-11 14:26:30.046   728   728 D LibBpfLoader: applying relo to instruction at byte offset: 264, 	       insn offset 33 , insn 118
03-11 14:26:30.046   728   728 D LibBpfLoader: applying relo to instruction at byte offset: 344, 	       insn offset 43 , insn 118
03-11 14:26:30.046   728   728 D LibBpfLoader: applying relo to instruction at byte offset: 408, 	       insn offset 51 , insn 118
03-11 14:26:30.046   728   728 D LibBpfLoader: bpf_prog_load lib call for /system/etc/bpf/offload.o (schedcls_ingress_tether_ether) returned fd: 10 (no error)
03-11 14:26:30.046   728   728 D LibBpfLoader: cs[1].name:schedcls_ingress_tether_rawip$5_4 min_kver:50400 .max_kver:ffffffff (kvers:5043d)
03-11 14:26:30.047   728   728 D LibBpfLoader: bpf_prog_load lib call for /system/etc/bpf/offload.o (schedcls_ingress_tether_rawip$5_4) returned fd: 11 (no error)
03-11 14:26:30.047   728   728 D LibBpfLoader: cs[2].name:schedcls_ingress_tether_rawip$4_14 min_kver:40e00 .max_kver:50400 (kvers:5043d)
03-11 14:26:30.047   728   728 D LibBpfLoader: cs[3].name:schedcls_ingress_tether_rawip$stub min_kver:0 .max_kver:50400 (kvers:5043d)
03-11 14:26:30.047   728   728 I bpfloader: Loaded object: /system/etc/bpf/offload.o
03-11 14:26:30.047   728   728 D LibBpfLoader: Loading critical for netd ELF object /system/etc/bpf/clatd.o with license Apache 2.0
03-11 14:26:30.047   728   728 E LibBpfLoader: No progs section could be found in elf object
03-11 14:26:30.047   728   728 D LibBpfLoader: Loaded code section 3 (schedcls_ingress_clat_ether)
03-11 14:26:30.047   728   728 D LibBpfLoader: Loaded relo section 3 (.relschedcls/ingress/clat_ether)
03-11 14:26:30.047   728   728 D LibBpfLoader: Adding section 3 to cs list
03-11 14:26:30.047   728   728 D LibBpfLoader: Loaded code section 5 (schedcls_ingress_clat_rawip)
03-11 14:26:30.047   728   728 D LibBpfLoader: Loaded relo section 5 (.relschedcls/ingress/clat_rawip)
03-11 14:26:30.047   728   728 D LibBpfLoader: Adding section 5 to cs list
03-11 14:26:30.047   728   728 D LibBpfLoader: Loaded code section 7 (schedcls_egress_clat_ether)
03-11 14:26:30.047   728   728 D LibBpfLoader: Adding section 7 to cs list
03-11 14:26:30.047   728   728 D LibBpfLoader: Loaded code section 8 (schedcls_egress_clat_rawip)
03-11 14:26:30.048   728   728 D LibBpfLoader: Loaded relo section 8 (.relschedcls/egress/clat_rawip)
03-11 14:26:30.048   728   728 D LibBpfLoader: Adding section 8 to cs list
03-11 14:26:30.048   728   728 D LibBpfLoader: bpf_create_map name clat_ingress_map, ret: 7
03-11 14:26:30.048   728   728 D LibBpfLoader: bpf_create_map name clat_egress_map, ret: 8
03-11 14:26:30.048   728   728 D LibBpfLoader: map_fd found at 0 is 7 in /system/etc/bpf/clatd.o
03-11 14:26:30.048   728   728 D LibBpfLoader: map_fd found at 1 is 8 in /system/etc/bpf/clatd.o
03-11 14:26:30.048   728   728 D LibBpfLoader: applying relo to instruction at byte offset: 392, 	       insn offset 49 , insn 118
03-11 14:26:30.048   728   728 D LibBpfLoader: applying relo to instruction at byte offset: 352, 	       insn offset 44 , insn 118
03-11 14:26:30.048   728   728 D LibBpfLoader: applying relo to instruction at byte offset: 520, 	       insn offset 65 , insn 118
03-11 14:26:30.048   728   728 D LibBpfLoader: bpf_prog_load lib call for /system/etc/bpf/clatd.o (schedcls_ingress_clat_ether) returned fd: 9 (no error)
03-11 14:26:30.048   728   728 D LibBpfLoader: bpf_prog_load lib call for /system/etc/bpf/clatd.o (schedcls_ingress_clat_rawip) returned fd: 10 (no error)
03-11 14:26:30.049   728   728 D LibBpfLoader: bpf_prog_load lib call for /system/etc/bpf/clatd.o (schedcls_egress_clat_ether) returned fd: 11 (no error)
03-11 14:26:30.049   609   627 D spcomlib: [spcom_is_sp_subsystem_link_up] skp dev-node doesn't exist.
03-11 14:26:30.049   609   629 D spcomlib: [spcom_is_sp_subsystem_link_up] skp dev-node doesn't exist.
03-11 14:26:30.049   609   625 D spcomlib: [spcom_is_sp_subsystem_link_up] skp dev-node doesn't exist.
03-11 14:26:30.049   609   626 D spcomlib: [spcom_is_sp_subsystem_link_up] skp dev-node doesn't exist.
03-11 14:26:30.049   728   728 D LibBpfLoader: bpf_prog_load lib call for /system/etc/bpf/clatd.o (schedcls_egress_clat_rawip) returned fd: 12 (no error)
03-11 14:26:30.049   728   728 I bpfloader: Loaded object: /system/etc/bpf/clatd.o
03-11 14:26:30.049   728   728 D LibBpfLoader: Loading optional ELF object /system/etc/bpf/time_in_state.o with license GPL
03-11 14:26:30.049   728   728 D LibBpfLoader: Loaded code section 3 (tracepoint_sched_sched_switch)
03-11 14:26:30.049   728   728 D LibBpfLoader: Loaded relo section 3 (.reltracepoint/sched/sched_switch)
03-11 14:26:30.049   728   728 D LibBpfLoader: Adding section 3 to cs list
03-11 14:26:30.049   728   728 D LibBpfLoader: Loaded code section 5 (tracepoint_power_cpu_frequency)
03-11 14:26:30.050   728   728 D LibBpfLoader: Loaded relo section 5 (.reltracepoint/power/cpu_frequency)
03-11 14:26:30.050   728   728 D LibBpfLoader: Adding section 5 to cs list
03-11 14:26:30.051   728   728 D LibBpfLoader: bpf_create_map name uid_time_in_state_map, ret: 7
03-11 14:26:30.051   728   728 D LibBpfLoader: bpf_create_map name uid_concurrent_times_map, ret: 8
03-11 14:26:30.051   728   728 D LibBpfLoader: bpf_create_map name uid_last_update_map, ret: 9
03-11 14:26:30.051   728   728 D LibBpfLoader: bpf_create_map name cpu_last_update_map, ret: 10
03-11 14:26:30.052   728   728 D LibBpfLoader: bpf_create_map name cpu_policy_map, ret: 11
03-11 14:26:30.052   728   728 D LibBpfLoader: bpf_create_map name policy_freq_idx_map, ret: 12
03-11 14:26:30.052   728   728 D LibBpfLoader: bpf_create_map name freq_to_idx_map, ret: 13
03-11 14:26:30.052   728   728 D LibBpfLoader: bpf_create_map name nr_active_map, ret: 14
03-11 14:26:30.052   728   728 D LibBpfLoader: bpf_create_map name policy_nr_active_map, ret: 15
03-11 14:26:30.052   728   728 D LibBpfLoader: map_fd found at 0 is 7 in /system/etc/bpf/time_in_state.o
03-11 14:26:30.052   728   728 D LibBpfLoader: map_fd found at 1 is 8 in /system/etc/bpf/time_in_state.o
03-11 14:26:30.052   728   728 D LibBpfLoader: map_fd found at 2 is 9 in /system/etc/bpf/time_in_state.o
03-11 14:26:30.052   728   728 D LibBpfLoader: map_fd found at 3 is 10 in /system/etc/bpf/time_in_state.o
03-11 14:26:30.052   728   728 D LibBpfLoader: map_fd found at 4 is 11 in /system/etc/bpf/time_in_state.o
03-11 14:26:30.052   728   728 D LibBpfLoader: map_fd found at 5 is 12 in /system/etc/bpf/time_in_state.o
03-11 14:26:30.052   728   728 D LibBpfLoader: map_fd found at 6 is 13 in /system/etc/bpf/time_in_state.o
03-11 14:26:30.052   728   728 D LibBpfLoader: map_fd found at 7 is 14 in /system/etc/bpf/time_in_state.o
03-11 14:26:30.052   728   728 D LibBpfLoader: map_fd found at 8 is 15 in /system/etc/bpf/time_in_state.o
03-11 14:26:30.052   728   728 D LibBpfLoader: applying relo to instruction at byte offset: 40, 	       insn offset 5 , insn 118
03-11 14:26:30.052   728   728 D LibBpfLoader: applying relo to instruction at byte offset: 128, 	       insn offset 16 , insn 118
03-11 14:26:30.052   728   728 D LibBpfLoader: applying relo to instruction at byte offset: 200, 	       insn offset 25 , insn 118
03-11 14:26:30.052   728   728 D LibBpfLoader: applying relo to instruction at byte offset: 264, 	       insn offset 33 , insn 118
03-11 14:26:30.052   728   728 D LibBpfLoader: applying relo to instruction at byte offset: 520, 	       insn offset 65 , insn 118
03-11 14:26:30.052   728   728 D LibBpfLoader: applying relo to instruction at byte offset: 656, 	       insn offset 82 , insn 118
03-11 14:26:30.052   728   728 D LibBpfLoader: applying relo to instruction at byte offset: 1008, 	       insn offset 126 , insn 118
03-11 14:26:30.052   728   728 D LibBpfLoader: applying relo to instruction at byte offset: 1048, 	       insn offset 131 , insn 118
03-11 14:26:30.052   728   728 D LibBpfLoader: applying relo to instruction at byte offset: 1240, 	       insn offset 155 , insn 118
03-11 14:26:30.052   728   728 D LibBpfLoader: applying relo to instruction at byte offset: 1440, 	       insn offset 180 , insn 118
03-11 14:26:30.052   728   728 D LibBpfLoader: applying relo to instruction at byte offset: 1480, 	       insn offset 185 , insn 118
03-11 14:26:30.052   728   728 D LibBpfLoader: applying relo to instruction at byte offset: 1656, 	       insn offset 207 , insn 118
03-11 14:26:30.052   728   728 D LibBpfLoader: applying relo to instruction at byte offset: 1864, 	       insn offset 233 , insn 118
03-11 14:26:30.052   728   728 D LibBpfLoader: applying relo to instruction at byte offset: 1904, 	       insn offset 238 , insn 118
03-11 14:26:30.052   728   728 D LibBpfLoader: applying relo to instruction at byte offset: 2024, 	       insn offset 253 , insn 118
03-11 14:26:30.052   728   728 D LibBpfLoader: applying relo to instruction at byte offset: 2112, 	       insn offset 264 , insn 118
03-11 14:26:30.052   728   728 D LibBpfLoader: applying relo to instruction at byte offset: 40, 	       insn offset 5 , insn 118
03-11 14:26:30.052   728   728 D LibBpfLoader: applying relo to instruction at byte offset: 120, 	       insn offset 15 , insn 118
03-11 14:26:30.052   728   728 D LibBpfLoader: applying relo to instruction at byte offset: 200, 	       insn offset 25 , insn 118
03-11 14:26:30.052   728   728 D LibBpfLoader: cs[0].name:tracepoint_sched_sched_switch min_kver:0 .max_kver:ffffffff (kvers:5043d)
03-11 14:26:30.053   728   728 D LibBpfLoader: bpf_prog_load lib call for /system/etc/bpf/time_in_state.o (tracepoint_sched_sched_switch) returned fd: 16 (no error)
03-11 14:26:30.053     0     0 I msm_pcie_disable: PCIe: Assert the reset of endpoint of RC0.
03-11 14:26:30.053   728   728 D LibBpfLoader: cs[1].name:tracepoint_power_cpu_frequency min_kver:0 .max_kver:ffffffff (kvers:5043d)
03-11 14:26:30.053   728   728 D LibBpfLoader: bpf_prog_load lib call for /system/etc/bpf/time_in_state.o (tracepoint_power_cpu_frequency) returned fd: 17 (no error)
03-11 14:26:30.053   728   728 I bpfloader: Loaded object: /system/etc/bpf/time_in_state.o
03-11 14:26:30.053     0     0 D cnss    : De-assert WLAN_EN GPIO successfully
03-11 14:26:30.053     0     0 D cnss    : Regulator vdd-wlan-rfa2 is being disabled
03-11 14:26:30.053     0     0 D cnss    : Regulator vdd-wlan-rfa1 is being disabled
03-11 14:26:30.053     0     0 D cnss    : Regulator vdd-wlan-dig is being disabled
03-11 14:26:30.053     0     0 D cnss    : Regulator vdd-wlan-aon is being disabled
03-11 14:26:30.054     0     0 D cnss    : Regulator wlan-ant-switch is being disabled
03-11 14:26:30.054     0     0 D cnss    : Regulator vdd-wlan-io is being disabled
03-11 14:26:30.054     0     0 D cnss    : ICC Path_Count: 2 BW_CFG_Count: 7
03-11 14:26:30.054     0     0 D cnss    : ICC Vote CFG for path: pcie_to_memnoc
03-11 14:26:30.054     0     0 D cnss    : ICC Vote BW: 0 avg: 0 peak: 0
03-11 14:26:30.054     0     0 D cnss    : ICC Vote BW: 1 avg: 2250 peak: 390000
03-11 14:26:30.054     0     0 D cnss    : ICC Vote BW: 2 avg: 7500 peak: 390000
03-11 14:26:30.054     0     0 D cnss    : ICC Vote BW: 3 avg: 30000 peak: 790000
03-11 14:26:30.054     0     0 D cnss    : ICC Vote BW: 4 avg: 100000 peak: 790000
03-11 14:26:30.054     0     0 D cnss    : ICC Vote BW: 5 avg: 175000 peak: 1600000
03-11 14:26:30.054     0     0 D cnss    : ICC Vote BW: 6 avg: 7500 peak: 390000
03-11 14:26:30.054     0     0 D cnss    : ICC Vote CFG for path: memnoc_to_ddr
03-11 14:26:30.054     0     0 D cnss    : ICC Vote BW: 0 avg: 0 peak: 0
03-11 14:26:30.054     0     0 D cnss    : ICC Vote BW: 1 avg: 2250 peak: 1804800
03-11 14:26:30.054     0     0 D cnss    : ICC Vote BW: 2 avg: 7500 peak: 1804800
03-11 14:26:30.054     0     0 D cnss    : ICC Vote BW: 3 avg: 30000 peak: 1804800
03-11 14:26:30.054     0     0 D cnss    : ICC Vote BW: 4 avg: 100000 peak: 1804800
03-11 14:26:30.054     0     0 D cnss    : ICC Vote BW: 5 avg: 175000 peak: 6220800
03-11 14:26:30.054     0     0 D cnss    : ICC Vote BW: 6 avg: 7500 peak: 2188800
03-11 14:26:30.054     0     0 I cnss    : Platform driver probed successfully.
03-11 14:26:30.054     0     0 E         : ICC interconnect state synced
03-11 14:26:30.055     0     0 D voice_alloc_cal_mem_map_table: data 0000000000000000 phys 0000000000000000
03-11 14:26:30.055     0     0 D voice_alloc_cal_mem_map_table: data 0000000000000000 phys 0000000000000000
03-11 14:26:30.061     0     0 I [FTS_TS]fts_fwupg_enter_into_boot: pram not supported, confirm in bootloader
03-11 14:26:30.061     0     0 I [FTS_TS/I]fts_fwupg_get_boot_state: **********read boot id**********
03-11 14:26:30.070   733   733 I ServiceManager: Waiting for service 'statscompanion' on '/dev/binder'...
03-11 14:26:30.073     0     0 W wlan    : module is from the staging directory, the quality is unknown, you have been warned.
03-11 14:26:30.077     0     0 I [FTS_TS/I]fts_fwupg_get_boot_state: read boot id:0x56b2
03-11 14:26:30.077     0     0 I [FTS_TS/I]fts_fwupg_get_boot_state: tp run in bootloader
03-11 14:26:30.077     0     0 I [FTS_TS/I]fts_flash_read_buf: read packet_number:1, remainder:8
03-11 14:26:30.079   609   627 D spcomlib: [spcom_is_sp_subsystem_link_up] skp dev-node doesn't exist.
03-11 14:26:30.079   609   625 D spcomlib: [spcom_is_sp_subsystem_link_up] skp dev-node doesn't exist.
03-11 14:26:30.079   609   629 D spcomlib: [spcom_is_sp_subsystem_link_up] skp dev-node doesn't exist.
03-11 14:26:30.079   609   626 D spcomlib: [spcom_is_sp_subsystem_link_up] skp dev-node doesn't exist.
03-11 14:26:30.085     0     0 I [FTS_TS/I]fts_fwupg_reset_in_boot: reset in boot environment
03-11 14:26:30.086   734   734 I netdClient: Skipping libnetd_client init since *we* are netd
03-11 14:26:30.091   734   734 I netd    : netd 1.0 starting
03-11 14:26:30.094   734   734 D TetherController: Setting IP forward enable = 0
03-11 14:26:30.095   734   734 D FirewallController: Could not read /proc/self/uid_map, max uid defaulting to 4294967294
03-11 14:26:30.097     0     0 I         : wlan_hdd_state wlan major(480) initialized
03-11 14:26:30.109   609   625 D spcomlib: [spcom_is_sp_subsystem_link_up] skp dev-node doesn't exist.
03-11 14:26:30.109   609   626 D spcomlib: [spcom_is_sp_subsystem_link_up] skp dev-node doesn't exist.
03-11 14:26:30.109   609   627 D spcomlib: [spcom_is_sp_subsystem_link_up] skp dev-node doesn't exist.
03-11 14:26:30.109   609   629 D spcomlib: [spcom_is_sp_subsystem_link_up] skp dev-node doesn't exist.
03-11 14:26:30.125   734   734 I netd    : Creating child chains: 27854us
03-11 14:26:30.125   734   734 I netd    : Setting up OEM hooks: 270us
03-11 14:26:30.125   734   734 I netd    : Setting up FirewallController hooks: 63us
03-11 14:26:30.132   734   734 I netd    : Setting up TetherController hooks: 6902us
03-11 14:26:30.135   734   734 I netd    : Setting up BandwidthController hooks: 2477us
03-11 14:26:30.135   734   734 I netd    : Setting up IdletimerController hooks: 126us
03-11 14:26:30.139   609   629 D spcomlib: [spcom_is_sp_subsystem_link_up] skp dev-node doesn't exist.
03-11 14:26:30.139   609   625 D spcomlib: [spcom_is_sp_subsystem_link_up] skp dev-node doesn't exist.
03-11 14:26:30.140   609   627 D spcomlib: [spcom_is_sp_subsystem_link_up] skp dev-node doesn't exist.
03-11 14:26:30.140   609   626 D spcomlib: [spcom_is_sp_subsystem_link_up] skp dev-node doesn't exist.
03-11 14:26:30.140   734   734 I netd    : Setting up StrictController hooks: 5715us
03-11 14:26:30.141   734   734 I ClatdController: 4.9+ kernel and device shipped with Q+ - clat ebpf should work.
03-11 14:26:30.141   734   734 I netd    : Initializing ClatdController: 272us
03-11 14:26:30.142   734   734 I netd    : Initializing traffic control: 1256us
03-11 14:26:30.157   734   734 I netd    : Enabling bandwidth control: 14973us
03-11 14:26:30.160   734   734 I netd    : Initializing RouteController: 2671us
03-11 14:26:30.160   734   734 D XfrmController: XfrmController::ipSecAddXfrmInterface, line=1377
03-11 14:26:30.161   734   734 D XfrmController: XfrmController::ipSecRemoveTunnelInterface, line=1590
03-11 14:26:30.161   734   734 D XfrmController: deviceName=ipsec_test
03-11 14:26:30.169     0     0 I [FTS_TS]fts_irq_enable: Enter
03-11 14:26:30.169     0     0 I [FTS_TS]fts_irq_enable: Exit(197)
03-11 14:26:30.169     0     0 I [FTS_TS/I]fts_get_lockdown_info: Lockdown info = 0x53 0x42 0x32 0x02 0x4B 0x09 0x00 0xFF
03-11 14:26:30.169     0     0 I [FTS_TS/I]fts_init_touchmode_data: touchfeature value init done
03-11 14:26:30.169     0     0 I         : xiaomitouch_register_modedata
03-11 14:26:30.169     0     0 I [FTS_TS]fts_ts_probe_entry: Exit(2157)
03-11 14:26:30.169     0     0 I [FTS_TS/I]fts_ts_probe: Touch Screen(SPI BUS) driver prboe successfully
03-11 14:26:30.169     0     0 I [FTS_TS]fts_ts_init: Exit(2495)
03-11 14:26:30.170   609   629 D spcomlib: [spcom_is_sp_subsystem_link_up] skp dev-node doesn't exist.
03-11 14:26:30.170   733   733 I ServiceManager: Waiting for service 'statscompanion' on '/dev/binder'...
03-11 14:26:30.170   609   627 D spcomlib: [spcom_is_sp_subsystem_link_up] skp dev-node doesn't exist.
03-11 14:26:30.170   609   626 D spcomlib: [spcom_is_sp_subsystem_link_up] skp dev-node doesn't exist.
03-11 14:26:30.171     0     0 I [FTS_TS/I]fts_fwupg_work: fw upgrade work function
03-11 14:26:30.171     0     0 I [FTS_TS]fts_irq_disable: Enter
03-11 14:26:30.171     0     0 I [FTS_TS]fts_irq_disable: Exit(181)
03-11 14:26:30.171     0     0 I [FTS_TS]fts_fwupg_get_fw_file: get upgrade fw file
03-11 14:26:30.171     0     0 W fts_ts spi0.0: Direct firmware load for focaltech_ts_fw.bin failed with error -2
03-11 14:26:30.171     0     0 W fts_ts spi0.0: Falling back to sysfs fallback for: focaltech_ts_fw.bin
03-11 14:26:30.172     0     0 D voice_alloc_cal_mem_map_table: data 0000000000000000 phys 0000000000000000
03-11 14:26:30.172     0     0 I init    : wait for '/sys/devices/soc0/soc_id' took 0ms
03-11 14:26:30.172     0     0 D voice_alloc_cal_mem_map_table: data 0000000000000000 phys 0000000000000000
03-11 14:26:30.177   609   625 D spcomlib: [spcom_is_sp_subsystem_link_up] skp dev-node doesn't exist.
03-11 14:26:30.200   609   629 D spcomlib: [spcom_is_sp_subsystem_link_up] skp dev-node doesn't exist.
03-11 14:26:30.200   609   627 D spcomlib: [spcom_is_sp_subsystem_link_up] skp dev-node doesn't exist.
03-11 14:26:30.201   609   626 D spcomlib: [spcom_is_sp_subsystem_link_up] skp dev-node doesn't exist.
03-11 14:26:30.207   609   625 D spcomlib: [spcom_is_sp_subsystem_link_up] skp dev-node doesn't exist.
03-11 14:26:30.209   734   734 D XfrmController: Sending Netlink XFRM Message: XFRM_MSG_FLUSHSA
03-11 14:26:30.209   734   734 D XfrmController: Sending Netlink XFRM Message: XFRM_MSG_FLUSHPOLICY
03-11 14:26:30.210   734   734 I netd    : Initializing XfrmController: 49857us
03-11 14:26:30.212   734   734 I libnetd_resolv: resolv_init: Initializing resolver
03-11 14:26:30.227     0     0 I do_mount: dev: none, mount point: /config , retval=0
03-11 14:26:30.228     0     0 I do_mount: dev: binder, mount point: /dev/binderfs , retval=0
03-11 14:26:30.229     0     0 I do_mount: dev: none, mount point: /sys/fs/fuse/connections , retval=0
03-11 14:26:30.230   609   629 D spcomlib: [spcom_is_sp_subsystem_link_up] skp dev-node doesn't exist.
03-11 14:26:30.230   609   627 D spcomlib: [spcom_is_sp_subsystem_link_up] skp dev-node doesn't exist.
03-11 14:26:30.231   609   626 D spcomlib: [spcom_is_sp_subsystem_link_up] skp dev-node doesn't exist.
03-11 14:26:30.238   609   625 D spcomlib: [spcom_is_sp_subsystem_link_up] skp dev-node doesn't exist.
03-11 14:26:30.249     0     0 I do_mount: dev: bpf, mount point: /sys/fs/bpf , retval=0
03-11 14:26:30.250     0     0 I do_mount: dev: pstore, mount point: /sys/fs/pstore , retval=0
03-11 14:26:30.250     0     0 I         : Registered swp emulation handler
03-11 14:26:30.260   609   629 D spcomlib: [spcom_is_sp_subsystem_link_up] skp dev-node doesn't exist.
03-11 14:26:30.261   609   627 D spcomlib: [spcom_is_sp_subsystem_link_up] skp dev-node doesn't exist.
03-11 14:26:30.265   609   626 D spcomlib: [spcom_is_sp_subsystem_link_up] skp dev-node doesn't exist.
03-11 14:26:30.268   609   625 D spcomlib: [spcom_is_sp_subsystem_link_up] skp dev-node doesn't exist.
03-11 14:26:30.268     0     0 I init    : wait for '/dev/block/platform/soc/1d84000.ufshc' took 0ms
03-11 14:26:30.269   572   572 I lowmemorykiller: Using psi monitors for memory pressure detection
03-11 14:26:30.270   572   572 I lowmemorykiller: Process polling is supported
03-11 14:26:30.270     0     0 E cgroup1 : Unknown subsys name 'bfqio'
03-11 14:26:30.270     0     0 I do_mount: dev: none, mount point: /dev/bfqio , retval=-22
03-11 14:26:30.270   733   733 I ServiceManager: Waiting for service 'statscompanion' on '/dev/binder'...
03-11 14:26:30.273     0     0 I init    : wait for '/dev/qseecom' took 0ms
03-11 14:26:30.273     0     0 I logd.auditd: start
03-11 14:26:30.284     0     0 I EXT4-fs (sda8): mounted filesystem with ordered data mode. Opts: barrier=1
03-11 14:26:30.285     0     0 I do_mount: dev: /dev/block/bootdevice/by-name/persist, mount point: /mnt/vendor/persist , retval=0
03-11 14:26:30.286   585   585 I modprobe: Loading module /vendor/lib/modules/hwid.ko with args "hwid_value=1638400 project=6 build_adc=57051 project_adc=4485"
03-11 14:26:30.286   585   585 I modprobe: Loading module /vendor/lib/modules/cnss2.ko with args ""
03-11 14:26:30.286   573   573 I SELinux : SELinux: Loaded service_contexts from:
03-11 14:26:30.286   573   573 I SELinux :     /system/etc/selinux/plat_service_contexts
03-11 14:26:30.286   573   573 I SELinux :     /system_ext/etc/selinux/system_ext_service_contexts
03-11 14:26:30.286   573   573 I SELinux :     /product/etc/selinux/product_service_contexts
03-11 14:26:30.286   573   573 I SELinux :     /vendor/etc/selinux/vendor_service_contexts
03-11 14:26:30.287     0     0 I do_mount: dev: /dev/block/bootdevice/by-name/modem_a, mount point: /vendor/firmware_mnt , retval=0
03-11 14:26:30.288   574   574 I hwservicemanager: hwservicemanager is ready now.
03-11 14:26:30.291   609   629 D spcomlib: [spcom_is_sp_subsystem_link_up] skp dev-node doesn't exist.
03-11 14:26:30.291   609   627 D spcomlib: [spcom_is_sp_subsystem_link_up] skp dev-node doesn't exist.
03-11 14:26:30.291     0     0 I EXT4-fs (sde9): mounted filesystem with ordered data mode. Opts: barrier=1
03-11 14:26:30.291     0     0 I do_mount: dev: /dev/block/bootdevice/by-name/dsp_a, mount point: /vendor/dsp , retval=0
03-11 14:26:30.293     0     0 I do_mount: dev: /dev/block/bootdevice/by-name/bluetooth_a, mount point: /vendor/bt_firmware , retval=0
03-11 14:26:30.295     0     0 W FAT-fs (sde23): Volume was not properly unmounted. Some data may be corrupt. Please run fsck.
03-11 14:26:30.295     0     0 I do_mount: dev: /dev/block/bootdevice/by-name/qmcs, mount point: /mnt/vendor/qmcs , retval=0
03-11 14:26:30.295   609   626 D spcomlib: [spcom_is_sp_subsystem_link_up] skp dev-node doesn't exist.
03-11 14:26:30.295   575   575 I SELinux : SELinux: Loaded service_contexts from:
03-11 14:26:30.295   575   575 I SELinux :     /vendor/etc/selinux/vndservice_contexts
03-11 14:26:30.297   735   735 D AndroidRuntime: >>>>>> START com.android.internal.os.ZygoteInit uid 0 <<<<<<
03-11 14:26:30.298   609   625 D spcomlib: [spcom_is_sp_subsystem_link_up] skp dev-node doesn't exist.
03-11 14:26:30.299   583   583 E cutils-trace: Error opening trace file: Permission denied (13)
03-11 14:26:30.300   574   574 E cutils-trace: Error opening trace file: Permission denied (13)
03-11 14:26:30.300   574   574 I hwservicemanager: getFrameworkHalManifest: Reading VINTF information.
03-11 14:26:30.302   574   574 I hwservicemanager: getFrameworkHalManifest: Successfully processed VINTF information
03-11 14:26:30.302   574   574 I hwservicemanager: getDeviceHalManifest: Reading VINTF information.
03-11 14:26:30.303   582   582 D QSEECOMD: : qseecom listener services process entry PPID = 1
03-11 14:26:30.303   582   582 E QSEECOMD: : Listener: index = 0, hierarchy = 0
03-11 14:26:30.305   582   582 D QSEECOMD: : Init dlopen(librpmb.so, RTLD_NOW) succeeds
03-11 14:26:30.305   582   582 D QSEECOMD: : Init::Init dlsym(g_FSHandle rpmb_init_service) succeeds
03-11 14:26:30.306   582   582 E DrmLibRpmb: rpmb_init succeeded! with ret = 0
03-11 14:26:30.306   582   582 D QSEECOMD: : Init rpmb_init_service ret = 0
03-11 14:26:30.306   582   582 D QSEECOMD: : RPMB system services: init (Listener ID = 8192)
03-11 14:26:30.306   582   582 E QSEECOMD: : Listener: index = 1, hierarchy = 0
03-11 14:26:30.307   582   582 D QSEECOMD: : Init dlopen(libssd.so, RTLD_NOW) succeeds
03-11 14:26:30.307   582   582 D QSEECOMD: : Init::Init dlsym(g_FSHandle ssd_init_service) succeeds
03-11 14:26:30.307   582   582 E SSD     : Error opening ssd part: /dev/block/platform/msm_sdcc.1/by-name/ssd (errno 2)
03-11 14:26:30.307   582   582 E SSD     : ssd_init_service succeeded!
03-11 14:26:30.307   582   582 D QSEECOMD: : Init ssd_init_service ret = 0
03-11 14:26:30.307   582   582 D QSEECOMD: : SSD system services: init (Listener ID = 12288)
03-11 14:26:30.307   582   582 D QSEECOMD: : qseecom listener service threads starting!!! 
03-11 14:26:30.307   582   582 D QSEECOMD: : Total listener services to start = 10
03-11 14:26:30.307   582   582 E QSEECOMD: : Listener: index = 0, hierarchy = 1
03-11 14:26:30.307   582   582 D QSEECOMD: : Init dlopen(librpmb.so, RTLD_NOW) succeeds
03-11 14:26:30.307   582   582 D QSEECOMD: : Init::Init dlsym(g_FSHandle rpmb_start) succeeds
03-11 14:26:30.307   582   582 D QSEECOMAPI: QSEECom_register_listener 8192 sb_length = 0x6400
03-11 14:26:30.307   582   582 E ion     : ioctl c0044901 failed with code -1: Inappropriate ioctl for device
03-11 14:26:30.308   574   574 I hwservicemanager: getDeviceHalManifest: Successfully processed VINTF information
03-11 14:26:30.310   582   582 D QSEECOMD: : Init rpmb_start ret = 0
03-11 14:26:30.310   582   582 D QSEECOMD: : RPMB system services: Started (Listener ID = 8192)
03-11 14:26:30.310   582   582 E QSEECOMD: : Listener: index = 1, hierarchy = 1
03-11 14:26:30.310   582   582 D QSEECOMD: : Init dlopen(libssd.so, RTLD_NOW) succeeds
03-11 14:26:30.310   582   582 D QSEECOMD: : Init::Init dlsym(g_FSHandle ssd_start) succeeds
03-11 14:26:30.310   582   582 D QSEECOMAPI: QSEECom_register_listener 12288 sb_length = 0x5000
03-11 14:26:30.311   582   582 D QSEECOMD: : Init ssd_start ret = 0
03-11 14:26:30.311   582   582 D QSEECOMD: : SSD system services: Started (Listener ID = 12288)
03-11 14:26:30.311   582   582 E QSEECOMD: : Listener: index = 2, hierarchy = 1
03-11 14:26:30.311   582   582 E QSEECOMD: : Init dlopen(libsecureui.so, RLTD_NOW) is failed.... dlopen failed: library "libsecureui.so" not found
03-11 14:26:30.311   582   582 E QSEECOMD: : Listener: index = 3, hierarchy = 1
03-11 14:26:30.312   582   582 D QSEECOMD: : Init dlopen(libdrmtime.so, RTLD_NOW) succeeds
03-11 14:26:30.312   582   582 D QSEECOMD: : Init::Init dlsym(g_FSHandle atime_start) succeeds
03-11 14:26:30.312   582   582 D DrmLibTime: QSEE Time Listener: atime_start
03-11 14:26:30.312   582   582 D QSEECOMAPI: QSEECom_register_listener 11 sb_length = 0x5000
03-11 14:26:30.313   735   735 I AndroidRuntime: Using default boot image
03-11 14:26:30.313   735   735 I AndroidRuntime: Leaving lock profiling enabled
03-11 14:26:30.315   583   583 I HidlServiceManagement: Registered vendor.qti.hardware.qseecom@1.0::IQSEECom/default
03-11 14:26:30.316   583   583 I HidlServiceManagement: Removing namespace from process name vendor.qti.hardware.qseecom@1.0-service to qseecom@1.0-service.
03-11 14:26:30.316   583   583 I QSEECOM_SERVICE: IQSEECom registerAsService is successful
03-11 14:26:30.317   736   736 D AndroidRuntime: >>>>>> START com.android.internal.os.ZygoteInit uid 0 <<<<<<
03-11 14:26:30.317   582   582 D DrmLibTime: registering fs service to QSEECom is done!
03-11 14:26:30.317   582   582 D DrmLibTime: begin to create a thread!
03-11 14:26:30.317   582   582 D DrmLibTime: Creating a pthread in atime_start is done! return 0
03-11 14:26:30.317   582   582 D QSEECOMD: : Init atime_start ret = 0
03-11 14:26:30.317   582   582 D QSEECOMD: : time services: Started (Listener ID = 11)
03-11 14:26:30.317   582   582 E QSEECOMD: : Listener: index = 4, hierarchy = 1
03-11 14:26:30.317   582   597 D DrmLibTime: QSEE Time Listener: dispatch
03-11 14:26:30.317   582   582 D QSEECOMD: : Init dlopen(libdrmfs.so, RTLD_NOW) succeeds
03-11 14:26:30.317   582   582 D QSEECOMD: : Init::Init dlsym(g_FSHandle fs_start) succeeds
03-11 14:26:30.317   582   582 D QSEECOMAPI: QSEECom_register_listener 10 sb_length = 0x5000
03-11 14:26:30.317   582   597 D DrmLibTime: before calling ioctl to read the next time_cmd
03-11 14:26:30.317   582   582 D QSEECOMD: : Init fs_start ret = 0
03-11 14:26:30.317   582   582 D QSEECOMD: : file system services: Started (Listener ID = 10)
03-11 14:26:30.318   582   582 E QSEECOMD: : Listener: index = 5, hierarchy = 1
03-11 14:26:30.318   582   582 D QSEECOMD: : Init dlopen(libdrmfs.so, RTLD_NOW) succeeds
03-11 14:26:30.318   582   582 D QSEECOMD: : Init::Init dlsym(g_FSHandle gpfs_start) succeeds
03-11 14:26:30.319   584   584 I vold    : Vold 3.0 (the awakening) firing up
03-11 14:26:30.319   584   584 D vold    : Detected support for: ext4 f2fs vfat
03-11 14:26:30.321   582   582 D QSEECOMAPI: QSEECom_register_listener 28672 sb_length = 0x7e000
03-11 14:26:30.321   609   627 D spcomlib: [spcom_is_sp_subsystem_link_up] skp dev-node doesn't exist.
03-11 14:26:30.321   609   629 D spcomlib: [spcom_is_sp_subsystem_link_up] skp dev-node doesn't exist.
03-11 14:26:30.321   582   582 D QSEECOMD: : Init gpfs_start ret = 0
03-11 14:26:30.321   582   582 D QSEECOMD: : gpfile system services: Started (Listener ID = 28672)
03-11 14:26:30.321   582   582 E QSEECOMD: : Listener: index = 6, hierarchy = 1
03-11 14:26:30.322   582   582 D QSEECOMD: : Init dlopen(libqisl.so, RTLD_NOW) succeeds
03-11 14:26:30.322   582   582 D QSEECOMD: : Init::Init dlsym(g_FSHandle qisl_start) succeeds
03-11 14:26:30.322   582   600 I QISL    : QSEE Interrupt Service Listener Thread is started
03-11 14:26:30.322   582   600 D QSEECOMAPI: QSEECom_register_listener 36864 sb_length = 0x1f4
03-11 14:26:30.323   735   735 I zygote64: option[0]=-Xzygote
03-11 14:26:30.323   735   735 I zygote64: option[1]=exit
03-11 14:26:30.323   735   735 I zygote64: option[2]=vfprintf
03-11 14:26:30.323   735   735 I zygote64: option[3]=sensitiveThread
03-11 14:26:30.323   735   735 I zygote64: option[4]=-verbose:gc
03-11 14:26:30.323   735   735 I zygote64: option[5]=-XX:PerfettoHprof=true
03-11 14:26:30.323   735   735 I zygote64: option[6]=-Xprimaryzygote
03-11 14:26:30.323   735   735 I zygote64: option[7]=-Xms16m
03-11 14:26:30.323   735   735 I zygote64: option[8]=-Xmx512m
03-11 14:26:30.323   735   735 I zygote64: option[9]=-XX:HeapGrowthLimit=256m
03-11 14:26:30.323   735   735 I zygote64: option[10]=-XX:HeapMinFree=8m
03-11 14:26:30.323   735   735 I zygote64: option[11]=-XX:HeapMaxFree=32m
03-11 14:26:30.323   735   735 I zygote64: option[12]=-XX:HeapTargetUtilization=0.5
03-11 14:26:30.323   735   735 I zygote64: option[13]=-Xusejit:true
03-11 14:26:30.323   735   735 I zygote64: option[14]=-Xjitsaveprofilinginfo
03-11 14:26:30.323   735   735 I zygote64: option[15]=-XjdwpOptions:suspend=n,server=y
03-11 14:26:30.323   735   735 I zygote64: option[16]=-XjdwpProvider:default
03-11 14:26:30.323   735   735 I zygote64: option[17]=-Xopaque-jni-ids:swapable
03-11 14:26:30.323   735   735 I zygote64: option[18]=-Xlockprofthreshold:500
03-11 14:26:30.323   735   735 I zygote64: option[19]=-Xcompiler-option
03-11 14:26:30.323   735   735 I zygote64: option[20]=--instruction-set-variant=kryo385
03-11 14:26:30.323   735   735 I zygote64: option[21]=-Xcompiler-option
03-11 14:26:30.323   735   735 I zygote64: option[22]=--instruction-set-features=default
03-11 14:26:30.323   735   735 I zygote64: option[23]=-Xcompiler-option
03-11 14:26:30.323   735   735 I zygote64: option[24]=--generate-mini-debug-info
03-11 14:26:30.323   735   735 I zygote64: option[25]=-Ximage-compiler-option
03-11 14:26:30.323   735   735 I zygote64: option[26]=--runtime-arg
03-11 14:26:30.323   735   735 I zygote64: option[27]=-Ximage-compiler-option
03-11 14:26:30.323   735   735 I zygote64: option[28]=-Xms64m
03-11 14:26:30.323   735   735 I zygote64: option[29]=-Ximage-compiler-option
03-11 14:26:30.323   735   735 I zygote64: option[30]=--runtime-arg
03-11 14:26:30.323   735   735 I zygote64: option[31]=-Ximage-compiler-option
03-11 14:26:30.323   735   735 I zygote64: option[32]=-Xmx64m
03-11 14:26:30.323   735   735 I zygote64: option[33]=-Ximage-compiler-option
03-11 14:26:30.323   735   735 I zygote64: option[34]=--dirty-image-objects=/system/etc/dirty-image-objects
03-11 14:26:30.323   735   735 I zygote64: option[35]=-Ximage-compiler-option
03-11 14:26:30.323   735   735 I zygote64: option[36]=--instruction-set-variant=kryo385
03-11 14:26:30.323   735   735 I zygote64: option[37]=-Ximage-compiler-option
03-11 14:26:30.323   735   735 I zygote64: option[38]=--instruction-set-features=default
03-11 14:26:30.323   735   735 I zygote64: option[39]=-Ximage-compiler-option
03-11 14:26:30.323   735   735 I zygote64: option[40]=--generate-mini-debug-info
03-11 14:26:30.323   735   735 I zygote64: option[41]=-Duser.locale=en-US
03-11 14:26:30.323   735   735 I zygote64: option[42]=--cpu-abilist=arm64-v8a
03-11 14:26:30.323   735   735 I zygote64: option[43]=-Xcore-platform-api-policy:just-warn
03-11 14:26:30.323   735   735 I zygote64: option[44]=-Xfingerprint:Xiaomi/lineage_renoir/renoir:11/RQ3A.210905.001/eng.arian.20211025.101007:userdebug/test-keys
03-11 14:26:30.323   582   600 I QISL    : QSEE Interrupt Service Listener was activated successfully
03-11 14:26:30.323   582   582 D QSEECOMD: : Init qisl_start ret = 0
03-11 14:26:30.324   582   582 D QSEECOMD: : interrupt services: Started (Listener ID = 36864)
03-11 14:26:30.324   582   582 E QSEECOMD: : Listener: index = 7, hierarchy = 1
03-11 14:26:30.324   582   582 D QSEECOMD: : Init dlopen(libspl.so, RTLD_NOW) succeeds
03-11 14:26:30.324   582   582 D QSEECOMD: : Init::Init dlsym(g_FSHandle spl_start) succeeds
03-11 14:26:30.324   582   582 D SPL     : Call QSEECom_register_listener()
03-11 14:26:30.324   582   582 D QSEECOMAPI: QSEECom_register_listener 45056 sb_length = 0x400
03-11 14:26:30.324   584   584 D vold    : Found unmanaged dm device named system_ext_a
03-11 14:26:30.325   582   582 D SPL     : Registered listener sucessfully!
03-11 14:26:30.325   582   582 D SPL     : pipe read-fd [29] write-fd [30]
03-11 14:26:30.325   582   582 D SPL     : Create thread
03-11 14:26:30.325   584   584 D vold    : Found unmanaged dm device named odm_a
03-11 14:26:30.325   584   584 D vold    : Found unmanaged dm device named system_a
03-11 14:26:30.325   582   582 D SPL     : Thread created sucessfully.
03-11 14:26:30.325   584   584 D vold    : Found unmanaged dm device named vendor_a
03-11 14:26:30.325   584   584 D vold    : Found unmanaged dm device named scratch
03-11 14:26:30.325   582   582 D QSEECOMD: : Init spl_start ret = 0
03-11 14:26:30.325   584   584 D vold    : Found unmanaged dm device named product_a
03-11 14:26:30.325   582   582 D QSEECOMD: : secure processor services: Started (Listener ID = 45056)
03-11 14:26:30.325   582   582 E QSEECOMD: : Listener: index = 8, hierarchy = 1
03-11 14:26:30.325   582   601 D SPL     : spl_dispatch() started
03-11 14:26:30.325   582   601 D SPL     : ==== Wait For Request ======
03-11 14:26:30.325   584   584 W vold    : Failed to LOOP_GET_STATUS64 /dev/block/loop26: No such device or address
